<!doctype html public "-//w3c//dtd html 4.0 transitional//en">
<html><head>
<title>Static Call Graph - [.\BUILD\MachineLearning_on_KL46z_mbed.axf]</title></head>
<body><HR>
<H1>Static Call Graph for image .\BUILD\MachineLearning_on_KL46z_mbed.axf</H1><HR>
<BR><P>#&#060CALLGRAPH&#062# ARM Linker, 5060422: Last Updated: Mon Jul 10 14:46:33 2017
<BR><P>
<H3>Maximum Stack Usage =       9280 bytes + Unknown(Cycles, Untraceable Function Pointers)</H3><H3>
Call chain for Maximum Stack Depth:</H3>
__rt_entry_main &rArr; main &rArr; $Super$$main &rArr; layer1(std::__FILE*, std::__FILE*, double*) &rArr; fread &rArr; _readbuf &rArr; _sys_read &rArr; serial_init &rArr;  pin_mode (Cycle)
<P>
<H3>
Mutually Recursive functions
</H3> <LI><a href="#[14]">HardFault_Handler</a>&nbsp;&nbsp;&nbsp;&rArr;&nbsp;&nbsp;&nbsp;<a href="#[14]">HardFault_Handler</a><BR>
 <LI><a href="#[15]">SVC_Handler</a>&nbsp;&nbsp;&nbsp;&rArr;&nbsp;&nbsp;&nbsp;<a href="#[15]">SVC_Handler</a><BR>
 <LI><a href="#[16]">PendSV_Handler</a>&nbsp;&nbsp;&nbsp;&rArr;&nbsp;&nbsp;&nbsp;<a href="#[16]">PendSV_Handler</a><BR>
 <LI><a href="#[17]">SysTick_Handler</a>&nbsp;&nbsp;&nbsp;&rArr;&nbsp;&nbsp;&nbsp;<a href="#[17]">SysTick_Handler</a><BR>
 <LI><a href="#[27]">ADC0_IRQHandler</a>&nbsp;&nbsp;&nbsp;&rArr;&nbsp;&nbsp;&nbsp;<a href="#[27]">ADC0_IRQHandler</a><BR>
 <LI><a href="#[1b4]">core_util_critical_section_enter</a>&nbsp;&nbsp;&nbsp;&rArr;&nbsp;&nbsp;&nbsp;<a href="#[188]">mbed_assert_internal</a><BR>
 <LI><a href="#[1b9]">mbed_die</a>&nbsp;&nbsp;&nbsp;&rArr;&nbsp;&nbsp;&nbsp;<a href="#[188]">mbed_assert_internal</a><BR>
 <LI><a href="#[17a]">gpio_init_out</a>&nbsp;&nbsp;&nbsp;&rArr;&nbsp;&nbsp;&nbsp;<a href="#[1c9]">gpio_mode</a><BR>
 <LI><a href="#[1c8]">pin_function</a>&nbsp;&nbsp;&nbsp;&rArr;&nbsp;&nbsp;&nbsp;<a href="#[188]">mbed_assert_internal</a><BR>
 <LI><a href="#[1c6]">gpio_dir</a>&nbsp;&nbsp;&nbsp;&rArr;&nbsp;&nbsp;&nbsp;<a href="#[188]">mbed_assert_internal</a><BR>
 <LI><a href="#[1d6]">serial_format</a>&nbsp;&nbsp;&nbsp;&rArr;&nbsp;&nbsp;&nbsp;<a href="#[188]">mbed_assert_internal</a><BR>
 <LI><a href="#[117]">_sys_write</a>&nbsp;&nbsp;&nbsp;&rArr;&nbsp;&nbsp;&nbsp;<a href="#[191]">serial_init</a><BR>
 <LI><a href="#[1b6]">mbed_error_vfprintf</a>&nbsp;&nbsp;&nbsp;&rArr;&nbsp;&nbsp;&nbsp;<a href="#[191]">serial_init</a><BR>
 <LI><a href="#[1b5]">core_util_critical_section_exit</a>&nbsp;&nbsp;&nbsp;&rArr;&nbsp;&nbsp;&nbsp;<a href="#[188]">mbed_assert_internal</a><BR>
 <LI><a href="#[191]">serial_init</a>&nbsp;&nbsp;&nbsp;&rArr;&nbsp;&nbsp;&nbsp;<a href="#[1cb]">pin_mode</a><BR>
 <LI><a href="#[1cd]">pinmap_pinout</a>&nbsp;&nbsp;&nbsp;&rArr;&nbsp;&nbsp;&nbsp;<a href="#[1cb]">pin_mode</a><BR>
</UL>
<P>
<H3>
Function Pointers
</H3><UL>
 <LI><a href="#[42]">&lang;Func1&rang;</a> from SerialBase.o(i.<Func1>) referenced from SerialBase.o(i._ZN4mbed10SerialBaseC1E7PinNameS1_i)
 <LI><a href="#[27]">ADC0_IRQHandler</a> from startup_MKL46Z4.o(.text) referenced from startup_MKL46Z4.o(RESET)
 <LI><a href="#[28]">CMP0_IRQHandler</a> from startup_MKL46Z4.o(.text) referenced from startup_MKL46Z4.o(RESET)
 <LI><a href="#[31]">DAC0_IRQHandler</a> from startup_MKL46Z4.o(.text) referenced from startup_MKL46Z4.o(RESET)
 <LI><a href="#[18]">DMA0_IRQHandler</a> from startup_MKL46Z4.o(.text) referenced from startup_MKL46Z4.o(RESET)
 <LI><a href="#[19]">DMA1_IRQHandler</a> from startup_MKL46Z4.o(.text) referenced from startup_MKL46Z4.o(RESET)
 <LI><a href="#[1a]">DMA2_IRQHandler</a> from startup_MKL46Z4.o(.text) referenced from startup_MKL46Z4.o(RESET)
 <LI><a href="#[1b]">DMA3_IRQHandler</a> from startup_MKL46Z4.o(.text) referenced from startup_MKL46Z4.o(RESET)
 <LI><a href="#[1d]">FTFA_IRQHandler</a> from startup_MKL46Z4.o(.text) referenced from startup_MKL46Z4.o(RESET)
 <LI><a href="#[14]">HardFault_Handler</a> from startup_MKL46Z4.o(.text) referenced from startup_MKL46Z4.o(RESET)
 <LI><a href="#[20]">I2C0_IRQHandler</a> from startup_MKL46Z4.o(.text) referenced from startup_MKL46Z4.o(RESET)
 <LI><a href="#[21]">I2C1_IRQHandler</a> from startup_MKL46Z4.o(.text) referenced from startup_MKL46Z4.o(RESET)
 <LI><a href="#[2f]">I2S0_IRQHandler</a> from startup_MKL46Z4.o(.text) referenced from startup_MKL46Z4.o(RESET)
 <LI><a href="#[35]">LCD_IRQHandler</a> from startup_MKL46Z4.o(.text) referenced from startup_MKL46Z4.o(RESET)
 <LI><a href="#[1f]">LLW_IRQHandler</a> from startup_MKL46Z4.o(.text) referenced from startup_MKL46Z4.o(RESET)
 <LI><a href="#[34]">LPTimer_IRQHandler</a> from startup_MKL46Z4.o(.text) referenced from startup_MKL46Z4.o(RESET)
 <LI><a href="#[1e]">LVD_LVW_IRQHandler</a> from startup_MKL46Z4.o(.text) referenced from startup_MKL46Z4.o(RESET)
 <LI><a href="#[33]">MCG_IRQHandler</a> from startup_MKL46Z4.o(.text) referenced from startup_MKL46Z4.o(RESET)
 <LI><a href="#[13]">NMI_Handler</a> from mbed_overrides.o(i.NMI_Handler) referenced from startup_MKL46Z4.o(RESET)
 <LI><a href="#[2e]">PIT_IRQHandler</a> from startup_MKL46Z4.o(.text) referenced from startup_MKL46Z4.o(RESET)
 <LI><a href="#[36]">PORTA_IRQHandler</a> from startup_MKL46Z4.o(.text) referenced from startup_MKL46Z4.o(RESET)
 <LI><a href="#[37]">PORTD_IRQHandler</a> from startup_MKL46Z4.o(.text) referenced from startup_MKL46Z4.o(RESET)
 <LI><a href="#[16]">PendSV_Handler</a> from startup_MKL46Z4.o(.text) referenced from startup_MKL46Z4.o(RESET)
 <LI><a href="#[2c]">RTC_IRQHandler</a> from startup_MKL46Z4.o(.text) referenced from startup_MKL46Z4.o(RESET)
 <LI><a href="#[2d]">RTC_Seconds_IRQHandler</a> from startup_MKL46Z4.o(.text) referenced from startup_MKL46Z4.o(RESET)
 <LI><a href="#[1c]">Reserved20_IRQHandler</a> from startup_MKL46Z4.o(.text) referenced from startup_MKL46Z4.o(RESET)
 <LI><a href="#[12]">Reset_Handler</a> from startup_MKL46Z4.o(.text) referenced from startup_MKL46Z4.o(RESET)
 <LI><a href="#[22]">SPI0_IRQHandler</a> from startup_MKL46Z4.o(.text) referenced from startup_MKL46Z4.o(RESET)
 <LI><a href="#[23]">SPI1_IRQHandler</a> from startup_MKL46Z4.o(.text) referenced from startup_MKL46Z4.o(RESET)
 <LI><a href="#[15]">SVC_Handler</a> from startup_MKL46Z4.o(.text) referenced from startup_MKL46Z4.o(RESET)
 <LI><a href="#[17]">SysTick_Handler</a> from startup_MKL46Z4.o(.text) referenced from startup_MKL46Z4.o(RESET)
 <LI><a href="#[38]">SystemInit</a> from system_MKL46Z4.o(i.SystemInit) referenced from startup_MKL46Z4.o(.text)
 <LI><a href="#[29]">TPM0_IRQHandler</a> from startup_MKL46Z4.o(.text) referenced from startup_MKL46Z4.o(RESET)
 <LI><a href="#[2a]">TPM1_IRQHandler</a> from startup_MKL46Z4.o(.text) referenced from startup_MKL46Z4.o(RESET)
 <LI><a href="#[2b]">TPM2_IRQHandler</a> from startup_MKL46Z4.o(.text) referenced from startup_MKL46Z4.o(RESET)
 <LI><a href="#[32]">TSI0_IRQHandler</a> from startup_MKL46Z4.o(.text) referenced from startup_MKL46Z4.o(RESET)
 <LI><a href="#[24]">UART0_IRQHandler</a> from startup_MKL46Z4.o(.text) referenced from startup_MKL46Z4.o(RESET)
 <LI><a href="#[25]">UART1_IRQHandler</a> from startup_MKL46Z4.o(.text) referenced from startup_MKL46Z4.o(RESET)
 <LI><a href="#[26]">UART2_IRQHandler</a> from startup_MKL46Z4.o(.text) referenced from startup_MKL46Z4.o(RESET)
 <LI><a href="#[30]">USB0_IRQHandler</a> from startup_MKL46Z4.o(.text) referenced from startup_MKL46Z4.o(RESET)
 <LI><a href="#[54]">SDFileSystem::disk_write(const unsigned char*, unsigned, unsigned)</a> from sdfilesystem.o(i._ZN12SDFileSystem10disk_writeEPKhjj) referenced from sdfilesystem.o(.constdata__ZTV12SDFileSystem)
 <LI><a href="#[52]">SDFileSystem::disk_status()</a> from sdfilesystem.o(i._ZN12SDFileSystem11disk_statusEv) referenced from sdfilesystem.o(.constdata__ZTV12SDFileSystem)
 <LI><a href="#[56]">SDFileSystem::disk_sectors()</a> from sdfilesystem.o(i._ZN12SDFileSystem12disk_sectorsEv) referenced from sdfilesystem.o(.constdata__ZTV12SDFileSystem)
 <LI><a href="#[51]">SDFileSystem::disk_initialize()</a> from sdfilesystem.o(i._ZN12SDFileSystem15disk_initializeEv) referenced from sdfilesystem.o(.constdata__ZTV12SDFileSystem)
 <LI><a href="#[53]">SDFileSystem::disk_read(unsigned char*, unsigned, unsigned)</a> from sdfilesystem.o(i._ZN12SDFileSystem9disk_readEPhjj) referenced from sdfilesystem.o(.constdata__ZTV12SDFileSystem)
 <LI><a href="#[55]">SDFileSystem::disk_sync()</a> from sdfilesystem.o(i._ZN12SDFileSystem9disk_syncEv) referenced from sdfilesystem.o(.constdata__ZTV12SDFileSystem)
 <LI><a href="#[46]">SDFileSystem::~SDFileSystem()</a> from main.o(i._ZN12SDFileSystemD1Ev) referenced from sdfilesystem.o(.constdata__ZTV12SDFileSystem)
 <LI><a href="#[46]">SDFileSystem::~SDFileSystem()</a> from main.o(i._ZN12SDFileSystemD1Ev) referenced from main.o(i.__sti___8_main_cpp_sd)
 <LI><a href="#[5c]">FATFileHandle::flen()</a> from fatfilehandle.o(i._ZN13FATFileHandle4flenEv) referenced from fatfilehandle.o(.constdata__ZTV13FATFileHandle)
 <LI><a href="#[59]">FATFileHandle::read(void*, unsigned)</a> from fatfilehandle.o(i._ZN13FATFileHandle4readEPvj) referenced from fatfilehandle.o(.constdata__ZTV13FATFileHandle)
 <LI><a href="#[58]">FATFileHandle::close()</a> from fatfilehandle.o(i._ZN13FATFileHandle5closeEv) referenced from fatfilehandle.o(.constdata__ZTV13FATFileHandle)
 <LI><a href="#[5b]">FATFileHandle::lseek(long, int)</a> from fatfilehandle.o(i._ZN13FATFileHandle5lseekEli) referenced from fatfilehandle.o(.constdata__ZTV13FATFileHandle)
 <LI><a href="#[57]">FATFileHandle::write(const void*, unsigned)</a> from fatfilehandle.o(i._ZN13FATFileHandle5writeEPKvj) referenced from fatfilehandle.o(.constdata__ZTV13FATFileHandle)
 <LI><a href="#[5a]">FATFileHandle::isatty()</a> from fatfilehandle.o(i._ZN13FATFileHandle6isattyEv) referenced from fatfilehandle.o(.constdata__ZTV13FATFileHandle)
 <LI><a href="#[5d]">FATFileHandle::~FATFileHandle__deallocating()</a> from fatfilehandle.o(i._ZN13FATFileHandleD0Ev) referenced from fatfilehandle.o(.constdata__ZTV13FATFileHandle)
 <LI><a href="#[62]">FATFileSystem::disk_status()</a> from fatfilesystem.o(i._ZN13FATFileSystem11disk_statusEv) referenced from fatfilesystem.o(.constdata__ZTV13FATFileSystem)
 <LI><a href="#[61]">FATFileSystem::disk_initialize()</a> from fatfilesystem.o(i._ZN13FATFileSystem15disk_initializeEv) referenced from fatfilesystem.o(.constdata__ZTV13FATFileSystem)
 <LI><a href="#[50]">FATFileSystem::open(const char*, int)</a> from fatfilesystem.o(i._ZN13FATFileSystem4openEPKci) referenced from sdfilesystem.o(.constdata__ZTV12SDFileSystem)
 <LI><a href="#[50]">FATFileSystem::open(const char*, int)</a> from fatfilesystem.o(i._ZN13FATFileSystem4openEPKci) referenced from fatfilesystem.o(.constdata__ZTV13FATFileSystem)
 <LI><a href="#[64]">FATFileSystem::disk_sync()</a> from fatfilesystem.o(i._ZN13FATFileSystem9disk_syncEv) referenced from fatfilesystem.o(.constdata__ZTV13FATFileSystem)
 <LI><a href="#[60]">FATFileSystem::~FATFileSystem__sub_object()</a> from fatfilesystem.o(i._ZN13FATFileSystemD2Ev) referenced from fatfilesystem.o(.constdata__ZTV13FATFileSystem)
 <LI><a href="#[65]">mbed::FileHandle::flen()</a> from retarget.o(i._ZN4mbed10FileHandle4flenEv) referenced from retarget.o(.constdata__ZTVN4mbed10FileHandleE)
 <LI><a href="#[65]">mbed::FileHandle::flen()</a> from retarget.o(i._ZN4mbed10FileHandle4flenEv) referenced from FileLike.o(.constdata__ZTVN4mbed8FileLikeE)
 <LI><a href="#[5e]">mbed::FileHandle::lock()</a> from retarget.o(i._ZN4mbed10FileHandle4lockEv) referenced from fatfilehandle.o(.constdata__ZTV13FATFileHandle)
 <LI><a href="#[5e]">mbed::FileHandle::lock()</a> from retarget.o(i._ZN4mbed10FileHandle4lockEv) referenced from retarget.o(.constdata__ZTVN4mbed10FileHandleE)
 <LI><a href="#[5e]">mbed::FileHandle::lock()</a> from retarget.o(i._ZN4mbed10FileHandle4lockEv) referenced from Stream.o(.constdata__ZTVN4mbed6StreamE)
 <LI><a href="#[5e]">mbed::FileHandle::lock()</a> from retarget.o(i._ZN4mbed10FileHandle4lockEv) referenced from FileLike.o(.constdata__ZTVN4mbed8FileLikeE)
 <LI><a href="#[5f]">mbed::FileHandle::unlock()</a> from retarget.o(i._ZN4mbed10FileHandle6unlockEv) referenced from fatfilehandle.o(.constdata__ZTV13FATFileHandle)
 <LI><a href="#[5f]">mbed::FileHandle::unlock()</a> from retarget.o(i._ZN4mbed10FileHandle6unlockEv) referenced from retarget.o(.constdata__ZTVN4mbed10FileHandleE)
 <LI><a href="#[5f]">mbed::FileHandle::unlock()</a> from retarget.o(i._ZN4mbed10FileHandle6unlockEv) referenced from Stream.o(.constdata__ZTVN4mbed6StreamE)
 <LI><a href="#[5f]">mbed::FileHandle::unlock()</a> from retarget.o(i._ZN4mbed10FileHandle6unlockEv) referenced from FileLike.o(.constdata__ZTVN4mbed8FileLikeE)
 <LI><a href="#[66]">mbed::FileHandle::~FileHandle__sub_object()</a> from retarget.o(i._ZN4mbed10FileHandleD2Ev) referenced from retarget.o(.constdata__ZTVN4mbed10FileHandleE)
 <LI><a href="#[44]">mbed::SerialBase::_irq_handler(unsigned, SerialIrq)</a> from SerialBase.o(i._ZN4mbed10SerialBase12_irq_handlerEj9SerialIrq) referenced from SerialBase.o(i._ZN4mbed10SerialBaseC1E7PinNameS1_i)
 <LI><a href="#[67]">mbed::SerialBase::lock()</a> from SerialBase.o(i._ZN4mbed10SerialBase4lockEv) referenced from SerialBase.o(.constdata__ZTVN4mbed10SerialBaseE)
 <LI><a href="#[68]">mbed::SerialBase::unlock()</a> from SerialBase.o(i._ZN4mbed10SerialBase6unlockEv) referenced from SerialBase.o(.constdata__ZTVN4mbed10SerialBaseE)
 <LI><a href="#[69]">mbed::FileSystemLike::~FileSystemLike__sub_object()</a> from FileSystemLike.o(i._ZN4mbed14FileSystemLikeD2Ev) referenced from FileSystemLike.o(.constdata__ZTVN4mbed14FileSystemLikeE)
 <LI><a href="#[6b]">mbed::SPI::lock()</a> from SPI.o(i._ZN4mbed3SPI4lockEv) referenced from SPI.o(.constdata__ZTVN4mbed3SPIE)
 <LI><a href="#[6a]">mbed::SPI::write(int)</a> from SPI.o(i._ZN4mbed3SPI5writeEi) referenced from SPI.o(.constdata__ZTVN4mbed3SPIE)
 <LI><a href="#[6c]">mbed::SPI::unlock()</a> from SPI.o(i._ZN4mbed3SPI6unlockEv) referenced from SPI.o(.constdata__ZTVN4mbed3SPIE)
 <LI><a href="#[6d]">mbed::Serial::lock()</a> from Serial.o(i._ZN4mbed6Serial4lockEv) referenced from Serial.o(.constdata__ZTVN4mbed6SerialE)
 <LI><a href="#[6e]">mbed::Serial::unlock()</a> from Serial.o(i._ZN4mbed6Serial6unlockEv) referenced from Serial.o(.constdata__ZTVN4mbed6SerialE)
 <LI><a href="#[47]">mbed::Serial::~Serial()</a> from Serial.o(i._ZN4mbed6SerialD1Ev) referenced from Serial.o(.constdata__ZTVN4mbed6SerialE)
 <LI><a href="#[47]">mbed::Serial::~Serial()</a> from Serial.o(i._ZN4mbed6SerialD1Ev) referenced from main.o(i.__sti___8_main_cpp_sd)
 <LI><a href="#[74]">mbed::Stream::flen()</a> from Stream.o(i._ZN4mbed6Stream4flenEv) referenced from Serial.o(.constdata__ZTVN4mbed6SerialE)
 <LI><a href="#[74]">mbed::Stream::flen()</a> from Stream.o(i._ZN4mbed6Stream4flenEv) referenced from Stream.o(.constdata__ZTVN4mbed6StreamE)
 <LI><a href="#[71]">mbed::Stream::read(void*, unsigned)</a> from Stream.o(i._ZN4mbed6Stream4readEPvj) referenced from Serial.o(.constdata__ZTVN4mbed6SerialE)
 <LI><a href="#[71]">mbed::Stream::read(void*, unsigned)</a> from Stream.o(i._ZN4mbed6Stream4readEPvj) referenced from Stream.o(.constdata__ZTVN4mbed6StreamE)
 <LI><a href="#[70]">mbed::Stream::close()</a> from Stream.o(i._ZN4mbed6Stream5closeEv) referenced from Serial.o(.constdata__ZTVN4mbed6SerialE)
 <LI><a href="#[70]">mbed::Stream::close()</a> from Stream.o(i._ZN4mbed6Stream5closeEv) referenced from Stream.o(.constdata__ZTVN4mbed6StreamE)
 <LI><a href="#[73]">mbed::Stream::lseek(long, int)</a> from Stream.o(i._ZN4mbed6Stream5lseekEli) referenced from Serial.o(.constdata__ZTVN4mbed6SerialE)
 <LI><a href="#[73]">mbed::Stream::lseek(long, int)</a> from Stream.o(i._ZN4mbed6Stream5lseekEli) referenced from Stream.o(.constdata__ZTVN4mbed6StreamE)
 <LI><a href="#[6f]">mbed::Stream::write(const void*, unsigned)</a> from Stream.o(i._ZN4mbed6Stream5writeEPKvj) referenced from Serial.o(.constdata__ZTVN4mbed6SerialE)
 <LI><a href="#[6f]">mbed::Stream::write(const void*, unsigned)</a> from Stream.o(i._ZN4mbed6Stream5writeEPKvj) referenced from Stream.o(.constdata__ZTVN4mbed6StreamE)
 <LI><a href="#[72]">mbed::Stream::isatty()</a> from Stream.o(i._ZN4mbed6Stream6isattyEv) referenced from Serial.o(.constdata__ZTVN4mbed6SerialE)
 <LI><a href="#[72]">mbed::Stream::isatty()</a> from Stream.o(i._ZN4mbed6Stream6isattyEv) referenced from Stream.o(.constdata__ZTVN4mbed6StreamE)
 <LI><a href="#[79]">mbed::Stream::~Stream__sub_object()</a> from Stream.o(i._ZN4mbed6StreamD2Ev) referenced from Stream.o(.constdata__ZTVN4mbed6StreamE)
 <LI><a href="#[7c]">void mbed::Callback&lang;void()&rang;::function_call&lang;void(*)()&rang;(const void*)</a> from SerialBase.o(t._ZN4mbed8CallbackIFvvEE13function_callIPS1_EEvPKv) referenced from SerialBase.o(.constdata__ZZN4mbed8CallbackIFvvEE8generateIPS1_EEvRKT_E3ops)
 <LI><a href="#[7e]">void mbed::Callback&lang;void()&rang;::function_dtor&lang;void(*)()&rang;(void*)</a> from SerialBase.o(t._ZN4mbed8CallbackIFvvEE13function_dtorIPS1_EEvPv) referenced from SerialBase.o(.constdata__ZZN4mbed8CallbackIFvvEE8generateIPS1_EEvRKT_E3ops)
 <LI><a href="#[7d]">void mbed::Callback&lang;void()&rang;::function_move&lang;void(*)()&rang;(void*, const void*)</a> from SerialBase.o(t._ZN4mbed8CallbackIFvvEE13function_moveIPS1_EEvPvPKv) referenced from SerialBase.o(.constdata__ZZN4mbed8CallbackIFvvEE8generateIPS1_EEvRKT_E3ops)
 <LI><a href="#[45]">mbed::Callback&lang;void()&rang;::~Callback()</a> from Serial.o(t._ZN4mbed8CallbackIFvvEED1Ev) referenced from Serial.o(i._ZN4mbed6SerialD1Ev)
 <LI><a href="#[7a]">mbed::FileBase::~FileBase()</a> from FileBase.o(i._ZN4mbed8FileBaseD1Ev) referenced from FileBase.o(.constdata__ZTVN4mbed8FileBaseE)
 <LI><a href="#[7b]">mbed::FileLike::~FileLike__sub_object()</a> from FileLike.o(i._ZN4mbed8FileLikeD2Ev) referenced from FileLike.o(.constdata__ZTVN4mbed8FileLikeE)
 <LI><a href="#[43]">mbed::donothing()</a> from SerialBase.o(i._ZN4mbed9donothingEv) referenced from SerialBase.o(i._ZN4mbed10SerialBaseC1E7PinNameS1_i)
 <LI><a href="#[75]">thunk{-48} to mbed::Serial::lock()</a> from Serial.o(i._ZThn48_N4mbed6Serial4lockEv) referenced from Serial.o(.constdata__ZTVN4mbed6SerialE)
 <LI><a href="#[78]">thunk{-48} to mbed::Serial::_getc()</a> from Serial.o(i._ZThn48_N4mbed6Serial5_getcEv) referenced from Serial.o(.constdata__ZTVN4mbed6SerialE)
 <LI><a href="#[77]">thunk{-48} to mbed::Serial::_putc(int)</a> from Serial.o(i._ZThn48_N4mbed6Serial5_putcEi) referenced from Serial.o(.constdata__ZTVN4mbed6SerialE)
 <LI><a href="#[76]">thunk{-48} to mbed::Serial::unlock()</a> from Serial.o(i._ZThn48_N4mbed6Serial6unlockEv) referenced from Serial.o(.constdata__ZTVN4mbed6SerialE)
 <LI><a href="#[63]">__cxa_pure_virtual</a> from pure_virt.o(i.__cxa_pure_virtual) referenced 3 times from fatfilesystem.o(.constdata__ZTV13FATFileSystem)
 <LI><a href="#[63]">__cxa_pure_virtual</a> from pure_virt.o(i.__cxa_pure_virtual) referenced 6 times from retarget.o(.constdata__ZTVN4mbed10FileHandleE)
 <LI><a href="#[63]">__cxa_pure_virtual</a> from pure_virt.o(i.__cxa_pure_virtual) referenced from FileSystemLike.o(.constdata__ZTVN4mbed14FileSystemLikeE)
 <LI><a href="#[63]">__cxa_pure_virtual</a> from pure_virt.o(i.__cxa_pure_virtual) referenced 2 times from Stream.o(.constdata__ZTVN4mbed6StreamE)
 <LI><a href="#[63]">__cxa_pure_virtual</a> from pure_virt.o(i.__cxa_pure_virtual) referenced 6 times from FileLike.o(.constdata__ZTVN4mbed8FileLikeE)
 <LI><a href="#[84]">__main</a> from __main.o(!!!main) referenced from startup_MKL46Z4.o(.text)
 <LI><a href="#[7f]">__sti___8_main_cpp_sd</a> from main.o(i.__sti___8_main_cpp_sd) referenced from main.o(.init_array)
 <LI><a href="#[41]">_get_lc_ctype</a> from lc_ctype_c.o(locale$$code) referenced from rt_ctype_table.o(.text)
 <LI><a href="#[49]">_printf_fp_dec_real</a> from _printf_fp_dec.o(.text) referenced from printf1.o(x$fpl$printf1)
 <LI><a href="#[4a]">_printf_fp_hex_real</a> from _printf_fp_hex.o(.text) referenced from printf2.o(x$fpl$printf2)
 <LI><a href="#[3d]">_printf_input_char</a> from _printf_char_common.o(.text) referenced from _printf_char_common.o(.text)
 <LI><a href="#[3c]">_sbackspace</a> from _sgetc.o(.text) referenced from __0sscanf.o(.text)
 <LI><a href="#[3f]">_scanf_char_input</a> from scanf_char.o(.text) referenced from scanf_char.o(.text)
 <LI><a href="#[3b]">_sgetc</a> from _sgetc.o(.text) referenced from __0sscanf.o(.text)
 <LI><a href="#[3a]">_sputc</a> from _sputc.o(.text) referenced 2 times from vsprintf.o(.text)
 <LI><a href="#[3e]">fputc</a> from fputc.o(i.fputc) referenced from _printf_char_file.o(.text)
 <LI><a href="#[40]">isspace</a> from isspace.o(.text) referenced from scanf_char.o(.text)
 <LI><a href="#[48]">lptmr_isr</a> from us_ticker.o(i.lptmr_isr) referenced from us_ticker.o(i.us_ticker_init)
 <LI><a href="#[80]">rtc_init</a> from rtc_api.o(i.rtc_init) referenced from mbed_rtc_time.o(.data)
 <LI><a href="#[81]">rtc_isenabled</a> from rtc_api.o(i.rtc_isenabled) referenced from mbed_rtc_time.o(.data)
 <LI><a href="#[82]">rtc_read</a> from rtc_api.o(i.rtc_read) referenced from mbed_rtc_time.o(.data)
 <LI><a href="#[83]">rtc_write</a> from rtc_api.o(i.rtc_write) referenced from mbed_rtc_time.o(.data)
 <LI><a href="#[4e]">us_ticker_clear_interrupt</a> from us_ticker.o(i.us_ticker_clear_interrupt) referenced from mbed_us_ticker_api.o(.constdata)
 <LI><a href="#[4d]">us_ticker_disable_interrupt</a> from us_ticker.o(i.us_ticker_disable_interrupt) referenced from mbed_us_ticker_api.o(.constdata)
 <LI><a href="#[4b]">us_ticker_init</a> from us_ticker.o(i.us_ticker_init) referenced from mbed_us_ticker_api.o(.constdata)
 <LI><a href="#[4c]">us_ticker_read</a> from us_ticker.o(i.us_ticker_read) referenced from mbed_us_ticker_api.o(.constdata)
 <LI><a href="#[4f]">us_ticker_set_interrupt</a> from us_ticker.o(i.us_ticker_set_interrupt) referenced from mbed_us_ticker_api.o(.constdata)
</UL>
<P>
<H3>
Global Symbols
</H3>
<P><STRONG><a name="[84]"></a>__main</STRONG> (Thumb, 8 bytes, Stack size 0 bytes, __main.o(!!!main))
<BR><BR>[Calls]<UL><LI><a href="#[87]">&gt;&gt;</a>&nbsp;&nbsp;&nbsp;__rt_entry
<LI><a href="#[86]">&gt;&gt;</a>&nbsp;&nbsp;&nbsp;__scatterload
</UL>

<P><STRONG><a name="[86]"></a>__scatterload</STRONG> (Thumb, 0 bytes, Stack size unknown bytes, __scatter.o(!!!scatter))
<BR><BR>[Called By]<UL><LI><a href="#[84]">&gt;&gt;</a>&nbsp;&nbsp;&nbsp;__main
</UL>

<P><STRONG><a name="[88]"></a>__scatterload_rt2</STRONG> (Thumb, 52 bytes, Stack size unknown bytes, __scatter.o(!!!scatter), UNUSED)
<BR><BR>[Calls]<UL><LI><a href="#[87]">&gt;&gt;</a>&nbsp;&nbsp;&nbsp;__rt_entry
</UL>

<P><STRONG><a name="[1db]"></a>__scatterload_rt2_thumb_only</STRONG> (Thumb, 0 bytes, Stack size unknown bytes, __scatter.o(!!!scatter), UNUSED)

<P><STRONG><a name="[1dc]"></a>__scatterload_null</STRONG> (Thumb, 0 bytes, Stack size unknown bytes, __scatter.o(!!!scatter), UNUSED)

<P><STRONG><a name="[89]"></a>__scatterload_copy</STRONG> (Thumb, 26 bytes, Stack size unknown bytes, __scatter_copy.o(!!handler_copy), UNUSED)
<BR><BR>[Calls]<UL><LI><a href="#[89]">&gt;&gt;</a>&nbsp;&nbsp;&nbsp;__scatterload_copy
</UL>
<BR>[Called By]<UL><LI><a href="#[89]">&gt;&gt;</a>&nbsp;&nbsp;&nbsp;__scatterload_copy
</UL>

<P><STRONG><a name="[1dd]"></a>__scatterload_zeroinit</STRONG> (Thumb, 28 bytes, Stack size unknown bytes, __scatter_zi.o(!!handler_zi), UNUSED)

<P><STRONG><a name="[d9]"></a>_printf_percent</STRONG> (Thumb, 0 bytes, Stack size unknown bytes, _printf_percent.o(.ARM.Collect$$_printf_percent$$00000000))
<BR><BR>[Called By]<UL><LI><a href="#[d7]">&gt;&gt;</a>&nbsp;&nbsp;&nbsp;__printf
</UL>

<P><STRONG><a name="[8a]"></a>_printf_n</STRONG> (Thumb, 0 bytes, Stack size unknown bytes, _printf_n.o(.ARM.Collect$$_printf_percent$$00000001))
<BR><BR>[Stack]<UL><LI>Max Depth = 96 + Unknown Stack Size
<LI>Call Chain = _printf_n &rArr; _printf_p &rArr; _printf_f &rArr; _printf_e &rArr; _printf_g &rArr; _printf_a &rArr; _printf_ll &rArr; _printf_i &rArr; _printf_d &rArr; _printf_u &rArr; _printf_o &rArr; _printf_x &rArr; _printf_int_hex &rArr; _printf_longlong_hex &rArr; _printf_int_common &rArr; _printf_post_padding
</UL>
<BR>[Calls]<UL><LI><a href="#[8b]">&gt;&gt;</a>&nbsp;&nbsp;&nbsp;_printf_p
<LI><a href="#[8c]">&gt;&gt;</a>&nbsp;&nbsp;&nbsp;_printf_charcount
</UL>

<P><STRONG><a name="[8b]"></a>_printf_p</STRONG> (Thumb, 0 bytes, Stack size unknown bytes, _printf_p.o(.ARM.Collect$$_printf_percent$$00000002))
<BR><BR>[Stack]<UL><LI>Max Depth = 96 + Unknown Stack Size
<LI>Call Chain = _printf_p &rArr; _printf_f &rArr; _printf_e &rArr; _printf_g &rArr; _printf_a &rArr; _printf_ll &rArr; _printf_i &rArr; _printf_d &rArr; _printf_u &rArr; _printf_o &rArr; _printf_x &rArr; _printf_int_hex &rArr; _printf_longlong_hex &rArr; _printf_int_common &rArr; _printf_post_padding
</UL>
<BR>[Calls]<UL><LI><a href="#[8e]">&gt;&gt;</a>&nbsp;&nbsp;&nbsp;_printf_hex_ptr
<LI><a href="#[8d]">&gt;&gt;</a>&nbsp;&nbsp;&nbsp;_printf_f
</UL>
<BR>[Called By]<UL><LI><a href="#[8a]">&gt;&gt;</a>&nbsp;&nbsp;&nbsp;_printf_n
</UL>

<P><STRONG><a name="[8d]"></a>_printf_f</STRONG> (Thumb, 0 bytes, Stack size unknown bytes, _printf_f.o(.ARM.Collect$$_printf_percent$$00000003))
<BR><BR>[Stack]<UL><LI>Max Depth = 96 + Unknown Stack Size
<LI>Call Chain = _printf_f &rArr; _printf_e &rArr; _printf_g &rArr; _printf_a &rArr; _printf_ll &rArr; _printf_i &rArr; _printf_d &rArr; _printf_u &rArr; _printf_o &rArr; _printf_x &rArr; _printf_int_hex &rArr; _printf_longlong_hex &rArr; _printf_int_common &rArr; _printf_post_padding
</UL>
<BR>[Calls]<UL><LI><a href="#[90]">&gt;&gt;</a>&nbsp;&nbsp;&nbsp;_printf_fp_dec
<LI><a href="#[8f]">&gt;&gt;</a>&nbsp;&nbsp;&nbsp;_printf_e
</UL>
<BR>[Called By]<UL><LI><a href="#[8b]">&gt;&gt;</a>&nbsp;&nbsp;&nbsp;_printf_p
</UL>

<P><STRONG><a name="[8f]"></a>_printf_e</STRONG> (Thumb, 0 bytes, Stack size unknown bytes, _printf_e.o(.ARM.Collect$$_printf_percent$$00000004))
<BR><BR>[Stack]<UL><LI>Max Depth = 96 + Unknown Stack Size
<LI>Call Chain = _printf_e &rArr; _printf_g &rArr; _printf_a &rArr; _printf_ll &rArr; _printf_i &rArr; _printf_d &rArr; _printf_u &rArr; _printf_o &rArr; _printf_x &rArr; _printf_int_hex &rArr; _printf_longlong_hex &rArr; _printf_int_common &rArr; _printf_post_padding
</UL>
<BR>[Calls]<UL><LI><a href="#[90]">&gt;&gt;</a>&nbsp;&nbsp;&nbsp;_printf_fp_dec
<LI><a href="#[91]">&gt;&gt;</a>&nbsp;&nbsp;&nbsp;_printf_g
</UL>
<BR>[Called By]<UL><LI><a href="#[8d]">&gt;&gt;</a>&nbsp;&nbsp;&nbsp;_printf_f
</UL>

<P><STRONG><a name="[91]"></a>_printf_g</STRONG> (Thumb, 0 bytes, Stack size unknown bytes, _printf_g.o(.ARM.Collect$$_printf_percent$$00000005))
<BR><BR>[Stack]<UL><LI>Max Depth = 96 + Unknown Stack Size
<LI>Call Chain = _printf_g &rArr; _printf_a &rArr; _printf_ll &rArr; _printf_i &rArr; _printf_d &rArr; _printf_u &rArr; _printf_o &rArr; _printf_x &rArr; _printf_int_hex &rArr; _printf_longlong_hex &rArr; _printf_int_common &rArr; _printf_post_padding
</UL>
<BR>[Calls]<UL><LI><a href="#[90]">&gt;&gt;</a>&nbsp;&nbsp;&nbsp;_printf_fp_dec
<LI><a href="#[92]">&gt;&gt;</a>&nbsp;&nbsp;&nbsp;_printf_a
</UL>
<BR>[Called By]<UL><LI><a href="#[8f]">&gt;&gt;</a>&nbsp;&nbsp;&nbsp;_printf_e
</UL>

<P><STRONG><a name="[92]"></a>_printf_a</STRONG> (Thumb, 0 bytes, Stack size unknown bytes, _printf_a.o(.ARM.Collect$$_printf_percent$$00000006))
<BR><BR>[Stack]<UL><LI>Max Depth = 96 + Unknown Stack Size
<LI>Call Chain = _printf_a &rArr; _printf_ll &rArr; _printf_i &rArr; _printf_d &rArr; _printf_u &rArr; _printf_o &rArr; _printf_x &rArr; _printf_int_hex &rArr; _printf_longlong_hex &rArr; _printf_int_common &rArr; _printf_post_padding
</UL>
<BR>[Calls]<UL><LI><a href="#[94]">&gt;&gt;</a>&nbsp;&nbsp;&nbsp;_printf_fp_hex
<LI><a href="#[93]">&gt;&gt;</a>&nbsp;&nbsp;&nbsp;_printf_ll
</UL>
<BR>[Called By]<UL><LI><a href="#[91]">&gt;&gt;</a>&nbsp;&nbsp;&nbsp;_printf_g
</UL>

<P><STRONG><a name="[93]"></a>_printf_ll</STRONG> (Thumb, 0 bytes, Stack size unknown bytes, _printf_ll.o(.ARM.Collect$$_printf_percent$$00000007))
<BR><BR>[Stack]<UL><LI>Max Depth = 96 + Unknown Stack Size
<LI>Call Chain = _printf_ll &rArr; _printf_i &rArr; _printf_d &rArr; _printf_u &rArr; _printf_o &rArr; _printf_x &rArr; _printf_int_hex &rArr; _printf_longlong_hex &rArr; _printf_int_common &rArr; _printf_post_padding
</UL>
<BR>[Calls]<UL><LI><a href="#[95]">&gt;&gt;</a>&nbsp;&nbsp;&nbsp;_printf_i
</UL>
<BR>[Called By]<UL><LI><a href="#[92]">&gt;&gt;</a>&nbsp;&nbsp;&nbsp;_printf_a
</UL>

<P><STRONG><a name="[95]"></a>_printf_i</STRONG> (Thumb, 0 bytes, Stack size unknown bytes, _printf_i.o(.ARM.Collect$$_printf_percent$$00000008))
<BR><BR>[Stack]<UL><LI>Max Depth = 96 + Unknown Stack Size
<LI>Call Chain = _printf_i &rArr; _printf_d &rArr; _printf_u &rArr; _printf_o &rArr; _printf_x &rArr; _printf_int_hex &rArr; _printf_longlong_hex &rArr; _printf_int_common &rArr; _printf_post_padding
</UL>
<BR>[Calls]<UL><LI><a href="#[96]">&gt;&gt;</a>&nbsp;&nbsp;&nbsp;_printf_d
<LI><a href="#[97]">&gt;&gt;</a>&nbsp;&nbsp;&nbsp;_printf_int_dec
</UL>
<BR>[Called By]<UL><LI><a href="#[93]">&gt;&gt;</a>&nbsp;&nbsp;&nbsp;_printf_ll
</UL>

<P><STRONG><a name="[96]"></a>_printf_d</STRONG> (Thumb, 0 bytes, Stack size unknown bytes, _printf_d.o(.ARM.Collect$$_printf_percent$$00000009))
<BR><BR>[Stack]<UL><LI>Max Depth = 96 + Unknown Stack Size
<LI>Call Chain = _printf_d &rArr; _printf_u &rArr; _printf_o &rArr; _printf_x &rArr; _printf_int_hex &rArr; _printf_longlong_hex &rArr; _printf_int_common &rArr; _printf_post_padding
</UL>
<BR>[Calls]<UL><LI><a href="#[97]">&gt;&gt;</a>&nbsp;&nbsp;&nbsp;_printf_int_dec
<LI><a href="#[98]">&gt;&gt;</a>&nbsp;&nbsp;&nbsp;_printf_u
</UL>
<BR>[Called By]<UL><LI><a href="#[95]">&gt;&gt;</a>&nbsp;&nbsp;&nbsp;_printf_i
</UL>

<P><STRONG><a name="[98]"></a>_printf_u</STRONG> (Thumb, 0 bytes, Stack size unknown bytes, _printf_u.o(.ARM.Collect$$_printf_percent$$0000000A))
<BR><BR>[Stack]<UL><LI>Max Depth = 96 + Unknown Stack Size
<LI>Call Chain = _printf_u &rArr; _printf_o &rArr; _printf_x &rArr; _printf_int_hex &rArr; _printf_longlong_hex &rArr; _printf_int_common &rArr; _printf_post_padding
</UL>
<BR>[Calls]<UL><LI><a href="#[97]">&gt;&gt;</a>&nbsp;&nbsp;&nbsp;_printf_int_dec
<LI><a href="#[99]">&gt;&gt;</a>&nbsp;&nbsp;&nbsp;_printf_o
</UL>
<BR>[Called By]<UL><LI><a href="#[96]">&gt;&gt;</a>&nbsp;&nbsp;&nbsp;_printf_d
</UL>

<P><STRONG><a name="[99]"></a>_printf_o</STRONG> (Thumb, 0 bytes, Stack size unknown bytes, _printf_o.o(.ARM.Collect$$_printf_percent$$0000000B))
<BR><BR>[Stack]<UL><LI>Max Depth = 96 + Unknown Stack Size
<LI>Call Chain = _printf_o &rArr; _printf_x &rArr; _printf_int_hex &rArr; _printf_longlong_hex &rArr; _printf_int_common &rArr; _printf_post_padding
</UL>
<BR>[Calls]<UL><LI><a href="#[9a]">&gt;&gt;</a>&nbsp;&nbsp;&nbsp;_printf_x
<LI><a href="#[9b]">&gt;&gt;</a>&nbsp;&nbsp;&nbsp;_printf_int_oct
</UL>
<BR>[Called By]<UL><LI><a href="#[98]">&gt;&gt;</a>&nbsp;&nbsp;&nbsp;_printf_u
</UL>

<P><STRONG><a name="[9a]"></a>_printf_x</STRONG> (Thumb, 0 bytes, Stack size unknown bytes, _printf_x.o(.ARM.Collect$$_printf_percent$$0000000C))
<BR><BR>[Stack]<UL><LI>Max Depth = 96 + Unknown Stack Size
<LI>Call Chain = _printf_x &rArr; _printf_int_hex &rArr; _printf_longlong_hex &rArr; _printf_int_common &rArr; _printf_post_padding
</UL>
<BR>[Calls]<UL><LI><a href="#[9d]">&gt;&gt;</a>&nbsp;&nbsp;&nbsp;_printf_int_hex
<LI><a href="#[9c]">&gt;&gt;</a>&nbsp;&nbsp;&nbsp;_printf_lli
</UL>
<BR>[Called By]<UL><LI><a href="#[99]">&gt;&gt;</a>&nbsp;&nbsp;&nbsp;_printf_o
</UL>

<P><STRONG><a name="[9c]"></a>_printf_lli</STRONG> (Thumb, 0 bytes, Stack size unknown bytes, _printf_lli.o(.ARM.Collect$$_printf_percent$$0000000D))
<BR><BR>[Stack]<UL><LI>Max Depth = 88 + Unknown Stack Size
<LI>Call Chain = _printf_lli &rArr; _printf_lld &rArr; _printf_llu &rArr; _printf_llo &rArr; _printf_llx &rArr; _printf_l &rArr; _printf_c &rArr; _printf_s &rArr; _printf_lc &rArr; _printf_wchar &rArr; _printf_lcs_common &rArr; _printf_wctomb &rArr; _wcrtomb &rArr; __rt_ctype_table
</UL>
<BR>[Calls]<UL><LI><a href="#[9e]">&gt;&gt;</a>&nbsp;&nbsp;&nbsp;_printf_lld
<LI><a href="#[9f]">&gt;&gt;</a>&nbsp;&nbsp;&nbsp;_printf_longlong_dec
</UL>
<BR>[Called By]<UL><LI><a href="#[9a]">&gt;&gt;</a>&nbsp;&nbsp;&nbsp;_printf_x
</UL>

<P><STRONG><a name="[9e]"></a>_printf_lld</STRONG> (Thumb, 0 bytes, Stack size unknown bytes, _printf_lld.o(.ARM.Collect$$_printf_percent$$0000000E))
<BR><BR>[Stack]<UL><LI>Max Depth = 88 + Unknown Stack Size
<LI>Call Chain = _printf_lld &rArr; _printf_llu &rArr; _printf_llo &rArr; _printf_llx &rArr; _printf_l &rArr; _printf_c &rArr; _printf_s &rArr; _printf_lc &rArr; _printf_wchar &rArr; _printf_lcs_common &rArr; _printf_wctomb &rArr; _wcrtomb &rArr; __rt_ctype_table
</UL>
<BR>[Calls]<UL><LI><a href="#[a0]">&gt;&gt;</a>&nbsp;&nbsp;&nbsp;_printf_llu
<LI><a href="#[9f]">&gt;&gt;</a>&nbsp;&nbsp;&nbsp;_printf_longlong_dec
</UL>
<BR>[Called By]<UL><LI><a href="#[9c]">&gt;&gt;</a>&nbsp;&nbsp;&nbsp;_printf_lli
</UL>

<P><STRONG><a name="[a0]"></a>_printf_llu</STRONG> (Thumb, 0 bytes, Stack size unknown bytes, _printf_llu.o(.ARM.Collect$$_printf_percent$$0000000F))
<BR><BR>[Stack]<UL><LI>Max Depth = 88 + Unknown Stack Size
<LI>Call Chain = _printf_llu &rArr; _printf_llo &rArr; _printf_llx &rArr; _printf_l &rArr; _printf_c &rArr; _printf_s &rArr; _printf_lc &rArr; _printf_wchar &rArr; _printf_lcs_common &rArr; _printf_wctomb &rArr; _wcrtomb &rArr; __rt_ctype_table
</UL>
<BR>[Calls]<UL><LI><a href="#[a1]">&gt;&gt;</a>&nbsp;&nbsp;&nbsp;_printf_llo
<LI><a href="#[9f]">&gt;&gt;</a>&nbsp;&nbsp;&nbsp;_printf_longlong_dec
</UL>
<BR>[Called By]<UL><LI><a href="#[9e]">&gt;&gt;</a>&nbsp;&nbsp;&nbsp;_printf_lld
</UL>

<P><STRONG><a name="[a1]"></a>_printf_llo</STRONG> (Thumb, 0 bytes, Stack size unknown bytes, _printf_llo.o(.ARM.Collect$$_printf_percent$$00000010))
<BR><BR>[Stack]<UL><LI>Max Depth = 88 + Unknown Stack Size
<LI>Call Chain = _printf_llo &rArr; _printf_llx &rArr; _printf_l &rArr; _printf_c &rArr; _printf_s &rArr; _printf_lc &rArr; _printf_wchar &rArr; _printf_lcs_common &rArr; _printf_wctomb &rArr; _wcrtomb &rArr; __rt_ctype_table
</UL>
<BR>[Calls]<UL><LI><a href="#[a2]">&gt;&gt;</a>&nbsp;&nbsp;&nbsp;_printf_llx
<LI><a href="#[a3]">&gt;&gt;</a>&nbsp;&nbsp;&nbsp;_printf_ll_oct
</UL>
<BR>[Called By]<UL><LI><a href="#[a0]">&gt;&gt;</a>&nbsp;&nbsp;&nbsp;_printf_llu
</UL>

<P><STRONG><a name="[a2]"></a>_printf_llx</STRONG> (Thumb, 0 bytes, Stack size unknown bytes, _printf_llx.o(.ARM.Collect$$_printf_percent$$00000011))
<BR><BR>[Stack]<UL><LI>Max Depth = 88 + Unknown Stack Size
<LI>Call Chain = _printf_llx &rArr; _printf_l &rArr; _printf_c &rArr; _printf_s &rArr; _printf_lc &rArr; _printf_wchar &rArr; _printf_lcs_common &rArr; _printf_wctomb &rArr; _wcrtomb &rArr; __rt_ctype_table
</UL>
<BR>[Calls]<UL><LI><a href="#[a5]">&gt;&gt;</a>&nbsp;&nbsp;&nbsp;_printf_ll_hex
<LI><a href="#[a4]">&gt;&gt;</a>&nbsp;&nbsp;&nbsp;_printf_l
</UL>
<BR>[Called By]<UL><LI><a href="#[a1]">&gt;&gt;</a>&nbsp;&nbsp;&nbsp;_printf_llo
</UL>

<P><STRONG><a name="[a4]"></a>_printf_l</STRONG> (Thumb, 0 bytes, Stack size unknown bytes, _printf_l.o(.ARM.Collect$$_printf_percent$$00000012))
<BR><BR>[Stack]<UL><LI>Max Depth = 88 + Unknown Stack Size
<LI>Call Chain = _printf_l &rArr; _printf_c &rArr; _printf_s &rArr; _printf_lc &rArr; _printf_wchar &rArr; _printf_lcs_common &rArr; _printf_wctomb &rArr; _wcrtomb &rArr; __rt_ctype_table
</UL>
<BR>[Calls]<UL><LI><a href="#[a6]">&gt;&gt;</a>&nbsp;&nbsp;&nbsp;_printf_c
</UL>
<BR>[Called By]<UL><LI><a href="#[a2]">&gt;&gt;</a>&nbsp;&nbsp;&nbsp;_printf_llx
</UL>

<P><STRONG><a name="[a6]"></a>_printf_c</STRONG> (Thumb, 0 bytes, Stack size unknown bytes, _printf_c.o(.ARM.Collect$$_printf_percent$$00000013))
<BR><BR>[Stack]<UL><LI>Max Depth = 88 + Unknown Stack Size
<LI>Call Chain = _printf_c &rArr; _printf_s &rArr; _printf_lc &rArr; _printf_wchar &rArr; _printf_lcs_common &rArr; _printf_wctomb &rArr; _wcrtomb &rArr; __rt_ctype_table
</UL>
<BR>[Calls]<UL><LI><a href="#[a7]">&gt;&gt;</a>&nbsp;&nbsp;&nbsp;_printf_s
<LI><a href="#[a8]">&gt;&gt;</a>&nbsp;&nbsp;&nbsp;_printf_char
</UL>
<BR>[Called By]<UL><LI><a href="#[a4]">&gt;&gt;</a>&nbsp;&nbsp;&nbsp;_printf_l
</UL>

<P><STRONG><a name="[a7]"></a>_printf_s</STRONG> (Thumb, 0 bytes, Stack size unknown bytes, _printf_s.o(.ARM.Collect$$_printf_percent$$00000014))
<BR><BR>[Stack]<UL><LI>Max Depth = 88 + Unknown Stack Size
<LI>Call Chain = _printf_s &rArr; _printf_lc &rArr; _printf_wchar &rArr; _printf_lcs_common &rArr; _printf_wctomb &rArr; _wcrtomb &rArr; __rt_ctype_table
</UL>
<BR>[Calls]<UL><LI><a href="#[a9]">&gt;&gt;</a>&nbsp;&nbsp;&nbsp;_printf_lc
<LI><a href="#[aa]">&gt;&gt;</a>&nbsp;&nbsp;&nbsp;_printf_string
</UL>
<BR>[Called By]<UL><LI><a href="#[a6]">&gt;&gt;</a>&nbsp;&nbsp;&nbsp;_printf_c
</UL>

<P><STRONG><a name="[a9]"></a>_printf_lc</STRONG> (Thumb, 0 bytes, Stack size unknown bytes, _printf_lc.o(.ARM.Collect$$_printf_percent$$00000015))
<BR><BR>[Stack]<UL><LI>Max Depth = 88 + Unknown Stack Size
<LI>Call Chain = _printf_lc &rArr; _printf_wchar &rArr; _printf_lcs_common &rArr; _printf_wctomb &rArr; _wcrtomb &rArr; __rt_ctype_table
</UL>
<BR>[Calls]<UL><LI><a href="#[ac]">&gt;&gt;</a>&nbsp;&nbsp;&nbsp;_printf_wchar
<LI><a href="#[ab]">&gt;&gt;</a>&nbsp;&nbsp;&nbsp;_printf_ls
</UL>
<BR>[Called By]<UL><LI><a href="#[a7]">&gt;&gt;</a>&nbsp;&nbsp;&nbsp;_printf_s
</UL>

<P><STRONG><a name="[ab]"></a>_printf_ls</STRONG> (Thumb, 0 bytes, Stack size unknown bytes, _printf_ls.o(.ARM.Collect$$_printf_percent$$00000016))
<BR><BR>[Stack]<UL><LI>Max Depth = 88 + Unknown Stack Size
<LI>Call Chain = _printf_ls &rArr; _printf_wstring &rArr; _printf_lcs_common &rArr; _printf_wctomb &rArr; _wcrtomb &rArr; __rt_ctype_table
</UL>
<BR>[Calls]<UL><LI><a href="#[ae]">&gt;&gt;</a>&nbsp;&nbsp;&nbsp;_printf_wstring
<LI><a href="#[ad]">&gt;&gt;</a>&nbsp;&nbsp;&nbsp;_printf_percent_end
</UL>
<BR>[Called By]<UL><LI><a href="#[a9]">&gt;&gt;</a>&nbsp;&nbsp;&nbsp;_printf_lc
</UL>

<P><STRONG><a name="[ad]"></a>_printf_percent_end</STRONG> (Thumb, 0 bytes, Stack size unknown bytes, _printf_percent_end.o(.ARM.Collect$$_printf_percent$$00000017))
<BR><BR>[Called By]<UL><LI><a href="#[ab]">&gt;&gt;</a>&nbsp;&nbsp;&nbsp;_printf_ls
</UL>

<P><STRONG><a name="[be]"></a>__rt_lib_init</STRONG> (Thumb, 0 bytes, Stack size unknown bytes, libinit.o(.ARM.Collect$$libinit$$00000000))
<BR><BR>[Called By]<UL><LI><a href="#[bd]">&gt;&gt;</a>&nbsp;&nbsp;&nbsp;__rt_entry_li
</UL>

<P><STRONG><a name="[1de]"></a>__rt_lib_init_fp_1</STRONG> (Thumb, 0 bytes, Stack size unknown bytes, libinit2.o(.ARM.Collect$$libinit$$00000002))

<P><STRONG><a name="[af]"></a>__rt_lib_init_heap_2</STRONG> (Thumb, 0 bytes, Stack size unknown bytes, libinit2.o(.ARM.Collect$$libinit$$00000005))
<BR><BR>[Stack]<UL><LI>Max Depth = 64 + Unknown Stack Size
<LI>Call Chain = __rt_lib_init_heap_2 &rArr; _init_alloc &rArr; __rt_SIGRTMEM &rArr; __rt_SIGRTMEM_inner &rArr; __default_signal_display &rArr; _ttywrch
</UL>
<BR>[Calls]<UL><LI><a href="#[b0]">&gt;&gt;</a>&nbsp;&nbsp;&nbsp;_init_alloc
</UL>

<P><STRONG><a name="[1df]"></a>__rt_lib_init_preinit_1</STRONG> (Thumb, 0 bytes, Stack size unknown bytes, libinit2.o(.ARM.Collect$$libinit$$00000004))

<P><STRONG><a name="[1e0]"></a>__rt_lib_init_heap_1</STRONG> (Thumb, 0 bytes, Stack size unknown bytes, libinit2.o(.ARM.Collect$$libinit$$0000000A))

<P><STRONG><a name="[b1]"></a>__rt_lib_init_lc_common</STRONG> (Thumb, 0 bytes, Stack size unknown bytes, libinit2.o(.ARM.Collect$$libinit$$0000000F))
<BR><BR>[Calls]<UL><LI><a href="#[b2]">&gt;&gt;</a>&nbsp;&nbsp;&nbsp;__rt_locale
</UL>

<P><STRONG><a name="[1e1]"></a>__rt_lib_init_rand_1</STRONG> (Thumb, 0 bytes, Stack size unknown bytes, libinit2.o(.ARM.Collect$$libinit$$0000000E))

<P><STRONG><a name="[1e2]"></a>__rt_lib_init_user_alloc_1</STRONG> (Thumb, 0 bytes, Stack size unknown bytes, libinit2.o(.ARM.Collect$$libinit$$0000000C))

<P><STRONG><a name="[1e3]"></a>__rt_lib_init_lc_collate_1</STRONG> (Thumb, 0 bytes, Stack size unknown bytes, libinit2.o(.ARM.Collect$$libinit$$00000011))

<P><STRONG><a name="[b3]"></a>__rt_lib_init_lc_ctype_2</STRONG> (Thumb, 0 bytes, Stack size unknown bytes, libinit2.o(.ARM.Collect$$libinit$$00000012))
<BR><BR>[Stack]<UL><LI>Max Depth = 24 + Unknown Stack Size
<LI>Call Chain = __rt_lib_init_lc_ctype_2 &rArr; _get_lc_ctype &rArr; strcmp
</UL>
<BR>[Calls]<UL><LI><a href="#[41]">&gt;&gt;</a>&nbsp;&nbsp;&nbsp;_get_lc_ctype
</UL>

<P><STRONG><a name="[1e4]"></a>__rt_lib_init_lc_ctype_1</STRONG> (Thumb, 0 bytes, Stack size unknown bytes, libinit2.o(.ARM.Collect$$libinit$$00000013))

<P><STRONG><a name="[1e5]"></a>__rt_lib_init_lc_monetary_1</STRONG> (Thumb, 0 bytes, Stack size unknown bytes, libinit2.o(.ARM.Collect$$libinit$$00000015))

<P><STRONG><a name="[b4]"></a>__rt_lib_init_lc_numeric_2</STRONG> (Thumb, 0 bytes, Stack size unknown bytes, libinit2.o(.ARM.Collect$$libinit$$00000016))
<BR><BR>[Stack]<UL><LI>Max Depth = 24 + Unknown Stack Size
<LI>Call Chain = __rt_lib_init_lc_numeric_2 &rArr; _get_lc_numeric &rArr; strcmp
</UL>
<BR>[Calls]<UL><LI><a href="#[b5]">&gt;&gt;</a>&nbsp;&nbsp;&nbsp;_get_lc_numeric
</UL>

<P><STRONG><a name="[1e6]"></a>__rt_lib_init_atexit_1</STRONG> (Thumb, 0 bytes, Stack size unknown bytes, libinit2.o(.ARM.Collect$$libinit$$0000001B))

<P><STRONG><a name="[1e7]"></a>__rt_lib_init_clock_1</STRONG> (Thumb, 0 bytes, Stack size unknown bytes, libinit2.o(.ARM.Collect$$libinit$$00000021))

<P><STRONG><a name="[1e8]"></a>__rt_lib_init_fp_trap_1</STRONG> (Thumb, 0 bytes, Stack size unknown bytes, libinit2.o(.ARM.Collect$$libinit$$0000001F))

<P><STRONG><a name="[1e9]"></a>__rt_lib_init_getenv_1</STRONG> (Thumb, 0 bytes, Stack size unknown bytes, libinit2.o(.ARM.Collect$$libinit$$00000023))

<P><STRONG><a name="[1ea]"></a>__rt_lib_init_lc_numeric_1</STRONG> (Thumb, 0 bytes, Stack size unknown bytes, libinit2.o(.ARM.Collect$$libinit$$00000017))

<P><STRONG><a name="[1eb]"></a>__rt_lib_init_lc_time_1</STRONG> (Thumb, 0 bytes, Stack size unknown bytes, libinit2.o(.ARM.Collect$$libinit$$00000019))

<P><STRONG><a name="[1ec]"></a>__rt_lib_init_signal_1</STRONG> (Thumb, 0 bytes, Stack size unknown bytes, libinit2.o(.ARM.Collect$$libinit$$0000001D))

<P><STRONG><a name="[b6]"></a>__rt_lib_init_stdio_2</STRONG> (Thumb, 0 bytes, Stack size unknown bytes, libinit2.o(.ARM.Collect$$libinit$$00000024))
<BR><BR>[Stack]<UL><LI>Max Depth = 608 + Unknown Stack Size
<LI>Call Chain = __rt_lib_init_stdio_2 &rArr; _initio &rArr; freopen &rArr; _sys_open &rArr; mbed::FilePath::FilePath(const char*) &rArr; mbed::FileBase::lookup(const char*, unsigned) &rArr; SingletonPtr&lang;PlatformMutex&rang;::operator -&rang;() &rArr; mbed_assert_internal &rArr; mbed_error_printf &rArr; serial_init &rArr;  pin_mode (Cycle)
</UL>
<BR>[Calls]<UL><LI><a href="#[b7]">&gt;&gt;</a>&nbsp;&nbsp;&nbsp;_initio
</UL>

<P><STRONG><a name="[1ed]"></a>__rt_lib_init_alloca_1</STRONG> (Thumb, 0 bytes, Stack size unknown bytes, libinit2.o(.ARM.Collect$$libinit$$0000002E))

<P><STRONG><a name="[1ee]"></a>__rt_lib_init_argv_1</STRONG> (Thumb, 0 bytes, Stack size unknown bytes, libinit2.o(.ARM.Collect$$libinit$$0000002C))

<P><STRONG><a name="[b8]"></a>__rt_lib_init_cpp_2</STRONG> (Thumb, 0 bytes, Stack size unknown bytes, libinit2.o(.ARM.Collect$$libinit$$00000031))
<BR><BR>[Stack]<UL><LI>Max Depth = 16 + Unknown Stack Size
<LI>Call Chain = __rt_lib_init_cpp_2 &rArr; __cpp_initialize__aeabi_
</UL>
<BR>[Calls]<UL><LI><a href="#[85]">&gt;&gt;</a>&nbsp;&nbsp;&nbsp;__cpp_initialize__aeabi_
</UL>

<P><STRONG><a name="[1ef]"></a>__rt_lib_init_exceptions_1</STRONG> (Thumb, 0 bytes, Stack size unknown bytes, libinit2.o(.ARM.Collect$$libinit$$00000030))

<P><STRONG><a name="[1f0]"></a>__rt_lib_init_stdio_1</STRONG> (Thumb, 0 bytes, Stack size unknown bytes, libinit2.o(.ARM.Collect$$libinit$$00000025))

<P><STRONG><a name="[1f1]"></a>__rt_lib_init_cpp_1</STRONG> (Thumb, 0 bytes, Stack size unknown bytes, libinit2.o(.ARM.Collect$$libinit$$00000032))

<P><STRONG><a name="[1f2]"></a>__rt_lib_init_return</STRONG> (Thumb, 0 bytes, Stack size unknown bytes, libinit2.o(.ARM.Collect$$libinit$$00000033))

<P><STRONG><a name="[87]"></a>__rt_entry</STRONG> (Thumb, 0 bytes, Stack size unknown bytes, __rtentry.o(.ARM.Collect$$rtentry$$00000000))
<BR><BR>[Called By]<UL><LI><a href="#[84]">&gt;&gt;</a>&nbsp;&nbsp;&nbsp;__main
<LI><a href="#[88]">&gt;&gt;</a>&nbsp;&nbsp;&nbsp;__scatterload_rt2
</UL>

<P><STRONG><a name="[1f3]"></a>__rt_entry_presh_1</STRONG> (Thumb, 0 bytes, Stack size unknown bytes, __rtentry2.o(.ARM.Collect$$rtentry$$00000002))

<P><STRONG><a name="[b9]"></a>__rt_entry_sh</STRONG> (Thumb, 0 bytes, Stack size unknown bytes, __rtentry4.o(.ARM.Collect$$rtentry$$00000004))
<BR><BR>[Calls]<UL><LI><a href="#[ba]">&gt;&gt;</a>&nbsp;&nbsp;&nbsp;__user_setup_stackheap
</UL>

<P><STRONG><a name="[1f4]"></a>__rt_lib_shutdown_stdio_2</STRONG> (Thumb, 0 bytes, Stack size unknown bytes, libshutdown2.o(.ARM.Collect$$libshutdown$$00000004))

<P><STRONG><a name="[bb]"></a>__rt_entry_postsh_1</STRONG> (Thumb, 0 bytes, Stack size unknown bytes, __rtentry2.o(.ARM.Collect$$rtentry$$00000008))
<BR><BR>[Stack]<UL><LI>Max Depth = 8 + Unknown Stack Size
<LI>Call Chain = __rt_entry_postsh_1 &rArr; _platform_post_stackheap_init
</UL>
<BR>[Calls]<UL><LI><a href="#[bc]">&gt;&gt;</a>&nbsp;&nbsp;&nbsp;_platform_post_stackheap_init
</UL>

<P><STRONG><a name="[bd]"></a>__rt_entry_li</STRONG> (Thumb, 0 bytes, Stack size unknown bytes, __rtentry2.o(.ARM.Collect$$rtentry$$0000000A))
<BR><BR>[Calls]<UL><LI><a href="#[be]">&gt;&gt;</a>&nbsp;&nbsp;&nbsp;__rt_lib_init
</UL>

<P><STRONG><a name="[bf]"></a>__rt_entry_main</STRONG> (Thumb, 0 bytes, Stack size unknown bytes, __rtentry2.o(.ARM.Collect$$rtentry$$0000000D))
<BR><BR>[Stack]<UL><LI>Max Depth = 9280 + Unknown Stack Size
<LI>Call Chain = __rt_entry_main &rArr; main &rArr; $Super$$main &rArr; layer1(std::__FILE*, std::__FILE*, double*) &rArr; fread &rArr; _readbuf &rArr; _sys_read &rArr; serial_init &rArr;  pin_mode (Cycle)
</UL>
<BR>[Calls]<UL><LI><a href="#[c1]">&gt;&gt;</a>&nbsp;&nbsp;&nbsp;exit
<LI><a href="#[c0]">&gt;&gt;</a>&nbsp;&nbsp;&nbsp;main
</UL>

<P><STRONG><a name="[1f5]"></a>__rt_entry_postli_1</STRONG> (Thumb, 0 bytes, Stack size unknown bytes, __rtentry2.o(.ARM.Collect$$rtentry$$0000000C))

<P><STRONG><a name="[eb]"></a>__aeabi_memcpy4</STRONG> (Thumb, 56 bytes, Stack size 0 bytes, rt_memcpy.o(.emb_text))
<BR><BR>[Called By]<UL><LI><a href="#[50]">&gt;&gt;</a>&nbsp;&nbsp;&nbsp;FATFileSystem::open(const char*, int)
<LI><a href="#[17f]">&gt;&gt;</a>&nbsp;&nbsp;&nbsp;FATFileHandle::FATFileHandle(FIL)
<LI><a href="#[13f]">&gt;&gt;</a>&nbsp;&nbsp;&nbsp;NVIC_SetVector
<LI><a href="#[ea]">&gt;&gt;</a>&nbsp;&nbsp;&nbsp;__aeabi_memcpy
</UL>

<P><STRONG><a name="[1f6]"></a>__aeabi_memcpy8</STRONG> (Thumb, 0 bytes, Stack size 0 bytes, rt_memcpy.o(.emb_text), UNUSED)

<P><STRONG><a name="[12]"></a>Reset_Handler</STRONG> (Thumb, 8 bytes, Stack size 0 bytes, startup_MKL46Z4.o(.text))
<BR>[Address Reference Count : 1]<UL><LI> startup_MKL46Z4.o(RESET)
</UL>
<P><STRONG><a name="[1f7]"></a>_maybe_terminate_alloc</STRONG> (Thumb, 0 bytes, Stack size 0 bytes, maybetermalloc1.o(.emb_text), UNUSED)

<P><STRONG><a name="[14]"></a>HardFault_Handler</STRONG> (Thumb, 2 bytes, Stack size 0 bytes, startup_MKL46Z4.o(.text))
<BR><BR>[Calls]<UL><LI><a href="#[14]">&gt;&gt;</a>&nbsp;&nbsp;&nbsp;HardFault_Handler
</UL>
<BR>[Called By]<UL><LI><a href="#[14]">&gt;&gt;</a>&nbsp;&nbsp;&nbsp;HardFault_Handler
</UL>
<BR>[Address Reference Count : 1]<UL><LI> startup_MKL46Z4.o(RESET)
</UL>
<P><STRONG><a name="[15]"></a>SVC_Handler</STRONG> (Thumb, 2 bytes, Stack size 0 bytes, startup_MKL46Z4.o(.text))
<BR><BR>[Calls]<UL><LI><a href="#[15]">&gt;&gt;</a>&nbsp;&nbsp;&nbsp;SVC_Handler
</UL>
<BR>[Called By]<UL><LI><a href="#[15]">&gt;&gt;</a>&nbsp;&nbsp;&nbsp;SVC_Handler
</UL>
<BR>[Address Reference Count : 1]<UL><LI> startup_MKL46Z4.o(RESET)
</UL>
<P><STRONG><a name="[16]"></a>PendSV_Handler</STRONG> (Thumb, 2 bytes, Stack size 0 bytes, startup_MKL46Z4.o(.text))
<BR><BR>[Calls]<UL><LI><a href="#[16]">&gt;&gt;</a>&nbsp;&nbsp;&nbsp;PendSV_Handler
</UL>
<BR>[Called By]<UL><LI><a href="#[16]">&gt;&gt;</a>&nbsp;&nbsp;&nbsp;PendSV_Handler
</UL>
<BR>[Address Reference Count : 1]<UL><LI> startup_MKL46Z4.o(RESET)
</UL>
<P><STRONG><a name="[17]"></a>SysTick_Handler</STRONG> (Thumb, 2 bytes, Stack size 0 bytes, startup_MKL46Z4.o(.text))
<BR><BR>[Calls]<UL><LI><a href="#[17]">&gt;&gt;</a>&nbsp;&nbsp;&nbsp;SysTick_Handler
</UL>
<BR>[Called By]<UL><LI><a href="#[17]">&gt;&gt;</a>&nbsp;&nbsp;&nbsp;SysTick_Handler
</UL>
<BR>[Address Reference Count : 1]<UL><LI> startup_MKL46Z4.o(RESET)
</UL>
<P><STRONG><a name="[27]"></a>ADC0_IRQHandler</STRONG> (Thumb, 0 bytes, Stack size 0 bytes, startup_MKL46Z4.o(.text))
<BR><BR>[Calls]<UL><LI><a href="#[27]">&gt;&gt;</a>&nbsp;&nbsp;&nbsp;ADC0_IRQHandler
</UL>
<BR>[Called By]<UL><LI><a href="#[27]">&gt;&gt;</a>&nbsp;&nbsp;&nbsp;ADC0_IRQHandler
</UL>
<BR>[Address Reference Count : 1]<UL><LI> startup_MKL46Z4.o(RESET)
</UL>
<P><STRONG><a name="[28]"></a>CMP0_IRQHandler</STRONG> (Thumb, 0 bytes, Stack size 0 bytes, startup_MKL46Z4.o(.text))
<BR>[Address Reference Count : 1]<UL><LI> startup_MKL46Z4.o(RESET)
</UL>
<P><STRONG><a name="[31]"></a>DAC0_IRQHandler</STRONG> (Thumb, 0 bytes, Stack size 0 bytes, startup_MKL46Z4.o(.text))
<BR>[Address Reference Count : 1]<UL><LI> startup_MKL46Z4.o(RESET)
</UL>
<P><STRONG><a name="[18]"></a>DMA0_IRQHandler</STRONG> (Thumb, 0 bytes, Stack size 0 bytes, startup_MKL46Z4.o(.text))
<BR>[Address Reference Count : 1]<UL><LI> startup_MKL46Z4.o(RESET)
</UL>
<P><STRONG><a name="[19]"></a>DMA1_IRQHandler</STRONG> (Thumb, 0 bytes, Stack size 0 bytes, startup_MKL46Z4.o(.text))
<BR>[Address Reference Count : 1]<UL><LI> startup_MKL46Z4.o(RESET)
</UL>
<P><STRONG><a name="[1a]"></a>DMA2_IRQHandler</STRONG> (Thumb, 0 bytes, Stack size 0 bytes, startup_MKL46Z4.o(.text))
<BR>[Address Reference Count : 1]<UL><LI> startup_MKL46Z4.o(RESET)
</UL>
<P><STRONG><a name="[1b]"></a>DMA3_IRQHandler</STRONG> (Thumb, 0 bytes, Stack size 0 bytes, startup_MKL46Z4.o(.text))
<BR>[Address Reference Count : 1]<UL><LI> startup_MKL46Z4.o(RESET)
</UL>
<P><STRONG><a name="[1f8]"></a>DefaultISR</STRONG> (Thumb, 0 bytes, Stack size 0 bytes, startup_MKL46Z4.o(.text), UNUSED)

<P><STRONG><a name="[1d]"></a>FTFA_IRQHandler</STRONG> (Thumb, 0 bytes, Stack size 0 bytes, startup_MKL46Z4.o(.text))
<BR>[Address Reference Count : 1]<UL><LI> startup_MKL46Z4.o(RESET)
</UL>
<P><STRONG><a name="[20]"></a>I2C0_IRQHandler</STRONG> (Thumb, 0 bytes, Stack size 0 bytes, startup_MKL46Z4.o(.text))
<BR>[Address Reference Count : 1]<UL><LI> startup_MKL46Z4.o(RESET)
</UL>
<P><STRONG><a name="[21]"></a>I2C1_IRQHandler</STRONG> (Thumb, 0 bytes, Stack size 0 bytes, startup_MKL46Z4.o(.text))
<BR>[Address Reference Count : 1]<UL><LI> startup_MKL46Z4.o(RESET)
</UL>
<P><STRONG><a name="[2f]"></a>I2S0_IRQHandler</STRONG> (Thumb, 0 bytes, Stack size 0 bytes, startup_MKL46Z4.o(.text))
<BR>[Address Reference Count : 1]<UL><LI> startup_MKL46Z4.o(RESET)
</UL>
<P><STRONG><a name="[35]"></a>LCD_IRQHandler</STRONG> (Thumb, 0 bytes, Stack size 0 bytes, startup_MKL46Z4.o(.text))
<BR>[Address Reference Count : 1]<UL><LI> startup_MKL46Z4.o(RESET)
</UL>
<P><STRONG><a name="[1f]"></a>LLW_IRQHandler</STRONG> (Thumb, 0 bytes, Stack size 0 bytes, startup_MKL46Z4.o(.text))
<BR>[Address Reference Count : 1]<UL><LI> startup_MKL46Z4.o(RESET)
</UL>
<P><STRONG><a name="[34]"></a>LPTimer_IRQHandler</STRONG> (Thumb, 0 bytes, Stack size 0 bytes, startup_MKL46Z4.o(.text))
<BR>[Address Reference Count : 1]<UL><LI> startup_MKL46Z4.o(RESET)
</UL>
<P><STRONG><a name="[1e]"></a>LVD_LVW_IRQHandler</STRONG> (Thumb, 0 bytes, Stack size 0 bytes, startup_MKL46Z4.o(.text))
<BR>[Address Reference Count : 1]<UL><LI> startup_MKL46Z4.o(RESET)
</UL>
<P><STRONG><a name="[33]"></a>MCG_IRQHandler</STRONG> (Thumb, 0 bytes, Stack size 0 bytes, startup_MKL46Z4.o(.text))
<BR>[Address Reference Count : 1]<UL><LI> startup_MKL46Z4.o(RESET)
</UL>
<P><STRONG><a name="[2e]"></a>PIT_IRQHandler</STRONG> (Thumb, 0 bytes, Stack size 0 bytes, startup_MKL46Z4.o(.text))
<BR>[Address Reference Count : 1]<UL><LI> startup_MKL46Z4.o(RESET)
</UL>
<P><STRONG><a name="[36]"></a>PORTA_IRQHandler</STRONG> (Thumb, 0 bytes, Stack size 0 bytes, startup_MKL46Z4.o(.text))
<BR>[Address Reference Count : 1]<UL><LI> startup_MKL46Z4.o(RESET)
</UL>
<P><STRONG><a name="[37]"></a>PORTD_IRQHandler</STRONG> (Thumb, 0 bytes, Stack size 0 bytes, startup_MKL46Z4.o(.text))
<BR>[Address Reference Count : 1]<UL><LI> startup_MKL46Z4.o(RESET)
</UL>
<P><STRONG><a name="[2c]"></a>RTC_IRQHandler</STRONG> (Thumb, 0 bytes, Stack size 0 bytes, startup_MKL46Z4.o(.text))
<BR>[Address Reference Count : 1]<UL><LI> startup_MKL46Z4.o(RESET)
</UL>
<P><STRONG><a name="[2d]"></a>RTC_Seconds_IRQHandler</STRONG> (Thumb, 0 bytes, Stack size 0 bytes, startup_MKL46Z4.o(.text))
<BR>[Address Reference Count : 1]<UL><LI> startup_MKL46Z4.o(RESET)
</UL>
<P><STRONG><a name="[1c]"></a>Reserved20_IRQHandler</STRONG> (Thumb, 0 bytes, Stack size 0 bytes, startup_MKL46Z4.o(.text))
<BR>[Address Reference Count : 1]<UL><LI> startup_MKL46Z4.o(RESET)
</UL>
<P><STRONG><a name="[22]"></a>SPI0_IRQHandler</STRONG> (Thumb, 0 bytes, Stack size 0 bytes, startup_MKL46Z4.o(.text))
<BR>[Address Reference Count : 1]<UL><LI> startup_MKL46Z4.o(RESET)
</UL>
<P><STRONG><a name="[23]"></a>SPI1_IRQHandler</STRONG> (Thumb, 0 bytes, Stack size 0 bytes, startup_MKL46Z4.o(.text))
<BR>[Address Reference Count : 1]<UL><LI> startup_MKL46Z4.o(RESET)
</UL>
<P><STRONG><a name="[29]"></a>TPM0_IRQHandler</STRONG> (Thumb, 0 bytes, Stack size 0 bytes, startup_MKL46Z4.o(.text))
<BR>[Address Reference Count : 1]<UL><LI> startup_MKL46Z4.o(RESET)
</UL>
<P><STRONG><a name="[2a]"></a>TPM1_IRQHandler</STRONG> (Thumb, 0 bytes, Stack size 0 bytes, startup_MKL46Z4.o(.text))
<BR>[Address Reference Count : 1]<UL><LI> startup_MKL46Z4.o(RESET)
</UL>
<P><STRONG><a name="[2b]"></a>TPM2_IRQHandler</STRONG> (Thumb, 0 bytes, Stack size 0 bytes, startup_MKL46Z4.o(.text))
<BR>[Address Reference Count : 1]<UL><LI> startup_MKL46Z4.o(RESET)
</UL>
<P><STRONG><a name="[32]"></a>TSI0_IRQHandler</STRONG> (Thumb, 0 bytes, Stack size 0 bytes, startup_MKL46Z4.o(.text))
<BR>[Address Reference Count : 1]<UL><LI> startup_MKL46Z4.o(RESET)
</UL>
<P><STRONG><a name="[24]"></a>UART0_IRQHandler</STRONG> (Thumb, 0 bytes, Stack size 0 bytes, startup_MKL46Z4.o(.text))
<BR>[Address Reference Count : 1]<UL><LI> startup_MKL46Z4.o(RESET)
</UL>
<P><STRONG><a name="[25]"></a>UART1_IRQHandler</STRONG> (Thumb, 0 bytes, Stack size 0 bytes, startup_MKL46Z4.o(.text))
<BR>[Address Reference Count : 1]<UL><LI> startup_MKL46Z4.o(RESET)
</UL>
<P><STRONG><a name="[26]"></a>UART2_IRQHandler</STRONG> (Thumb, 0 bytes, Stack size 0 bytes, startup_MKL46Z4.o(.text))
<BR>[Address Reference Count : 1]<UL><LI> startup_MKL46Z4.o(RESET)
</UL>
<P><STRONG><a name="[30]"></a>USB0_IRQHandler</STRONG> (Thumb, 0 bytes, Stack size 0 bytes, startup_MKL46Z4.o(.text))
<BR>[Address Reference Count : 1]<UL><LI> startup_MKL46Z4.o(RESET)
</UL>
<P><STRONG><a name="[c2]"></a>malloc</STRONG> (Thumb, 98 bytes, Stack size 16 bytes, h1_alloc.o(.text))
<BR><BR>[Stack]<UL><LI>Max Depth = 56<LI>Call Chain = malloc &rArr; __Heap_Full &rArr; __Heap_ProvideMemory &rArr; free
</UL>
<BR>[Calls]<UL><LI><a href="#[c4]">&gt;&gt;</a>&nbsp;&nbsp;&nbsp;__Heap_Full
<LI><a href="#[c3]">&gt;&gt;</a>&nbsp;&nbsp;&nbsp;__rt_heap_descriptor
</UL>
<BR>[Called By]<UL><LI><a href="#[183]">&gt;&gt;</a>&nbsp;&nbsp;&nbsp;operator new(unsigned)
<LI><a href="#[e5]">&gt;&gt;</a>&nbsp;&nbsp;&nbsp;fopen
<LI><a href="#[112]">&gt;&gt;</a>&nbsp;&nbsp;&nbsp;__flsbuf
<LI><a href="#[10d]">&gt;&gt;</a>&nbsp;&nbsp;&nbsp;__filbuf
</UL>

<P><STRONG><a name="[c5]"></a>free</STRONG> (Thumb, 76 bytes, Stack size 16 bytes, h1_free.o(.text))
<BR><BR>[Stack]<UL><LI>Max Depth = 16<LI>Call Chain = free
</UL>
<BR>[Calls]<UL><LI><a href="#[c3]">&gt;&gt;</a>&nbsp;&nbsp;&nbsp;__rt_heap_descriptor
</UL>
<BR>[Called By]<UL><LI><a href="#[180]">&gt;&gt;</a>&nbsp;&nbsp;&nbsp;operator delete (void*)
<LI><a href="#[e3]">&gt;&gt;</a>&nbsp;&nbsp;&nbsp;_fclose_internal
<LI><a href="#[fa]">&gt;&gt;</a>&nbsp;&nbsp;&nbsp;__Heap_ProvideMemory
<LI><a href="#[119]">&gt;&gt;</a>&nbsp;&nbsp;&nbsp;_terminateio
</UL>

<P><STRONG><a name="[c6]"></a>vsprintf</STRONG> (Thumb, 32 bytes, Stack size 16 bytes, vsprintf.o(.text))
<BR><BR>[Stack]<UL><LI>Max Depth = 112 + Unknown Stack Size
<LI>Call Chain = vsprintf &rArr; _printf_char_common &rArr; __printf
</UL>
<BR>[Calls]<UL><LI><a href="#[3a]">&gt;&gt;</a>&nbsp;&nbsp;&nbsp;_sputc
<LI><a href="#[c7]">&gt;&gt;</a>&nbsp;&nbsp;&nbsp;_printf_char_common
</UL>
<BR>[Called By]<UL><LI><a href="#[1b6]">&gt;&gt;</a>&nbsp;&nbsp;&nbsp;mbed_error_vfprintf
<LI><a href="#[1d2]">&gt;&gt;</a>&nbsp;&nbsp;&nbsp;mbed_error_printf
</UL>

<P><STRONG><a name="[c8]"></a>__c89vfprintf</STRONG> (Thumb, 14 bytes, Stack size 8 bytes, c89vfprintf.o(.text))
<BR><BR>[Stack]<UL><LI>Max Depth = 120 + Unknown Stack Size
<LI>Call Chain = __c89vfprintf &rArr; _printf_char_file &rArr; _printf_char_common &rArr; __printf
</UL>
<BR>[Calls]<UL><LI><a href="#[c9]">&gt;&gt;</a>&nbsp;&nbsp;&nbsp;_printf_char_file
</UL>
<BR>[Called By]<UL><LI><a href="#[166]">&gt;&gt;</a>&nbsp;&nbsp;&nbsp;debug_if(int, const char*, ...)
<LI><a href="#[165]">&gt;&gt;</a>&nbsp;&nbsp;&nbsp;debug_if(int, const char*, ...)
<LI><a href="#[164]">&gt;&gt;</a>&nbsp;&nbsp;&nbsp;debug_if(int, const char*, ...)
<LI><a href="#[167]">&gt;&gt;</a>&nbsp;&nbsp;&nbsp;debug_if(int, const char*, ...)
<LI><a href="#[15c]">&gt;&gt;</a>&nbsp;&nbsp;&nbsp;debug(const char*, ...)
</UL>

<P><STRONG><a name="[ca]"></a>__2printf</STRONG> (Thumb, 22 bytes, Stack size 24 bytes, __2printf.o(.text))
<BR><BR>[Stack]<UL><LI>Max Depth = 136 + Unknown Stack Size
<LI>Call Chain = __2printf &rArr; _printf_char_file &rArr; _printf_char_common &rArr; __printf
</UL>
<BR>[Calls]<UL><LI><a href="#[c9]">&gt;&gt;</a>&nbsp;&nbsp;&nbsp;_printf_char_file
</UL>
<BR>[Called By]<UL><LI><a href="#[13d]">&gt;&gt;</a>&nbsp;&nbsp;&nbsp;$Super$$main
</UL>

<P><STRONG><a name="[cb]"></a>__2sprintf</STRONG> (Thumb, 40 bytes, Stack size 32 bytes, __2sprintf.o(.text))
<BR><BR>[Stack]<UL><LI>Max Depth = 128 + Unknown Stack Size
<LI>Call Chain = __2sprintf &rArr; _printf_char_common &rArr; __printf
</UL>
<BR>[Calls]<UL><LI><a href="#[3a]">&gt;&gt;</a>&nbsp;&nbsp;&nbsp;_sputc
<LI><a href="#[c7]">&gt;&gt;</a>&nbsp;&nbsp;&nbsp;_printf_char_common
</UL>
<BR>[Called By]<UL><LI><a href="#[50]">&gt;&gt;</a>&nbsp;&nbsp;&nbsp;FATFileSystem::open(const char*, int)
<LI><a href="#[19a]">&gt;&gt;</a>&nbsp;&nbsp;&nbsp;mbed::Stream::Stream__sub_object(const char*)
</UL>

<P><STRONG><a name="[cc]"></a>rewind</STRONG> (Thumb, 20 bytes, Stack size 8 bytes, rewind.o(.text))
<BR><BR>[Stack]<UL><LI>Max Depth = 32<LI>Call Chain = rewind &rArr; fseek
</UL>
<BR>[Calls]<UL><LI><a href="#[cd]">&gt;&gt;</a>&nbsp;&nbsp;&nbsp;fseek
<LI><a href="#[ce]">&gt;&gt;</a>&nbsp;&nbsp;&nbsp;clearerr
</UL>
<BR>[Called By]<UL><LI><a href="#[13d]">&gt;&gt;</a>&nbsp;&nbsp;&nbsp;$Super$$main
</UL>

<P><STRONG><a name="[1f9]"></a>__use_no_heap</STRONG> (Thumb, 2 bytes, Stack size 0 bytes, hguard.o(.text), UNUSED)

<P><STRONG><a name="[1fa]"></a>__heap$guard</STRONG> (Thumb, 2 bytes, Stack size 0 bytes, hguard.o(.text), UNUSED)

<P><STRONG><a name="[cf]"></a>_printf_str</STRONG> (Thumb, 82 bytes, Stack size 16 bytes, _printf_str.o(.text))
<BR><BR>[Stack]<UL><LI>Max Depth = 32<LI>Call Chain = _printf_str &rArr; _printf_post_padding
</UL>
<BR>[Calls]<UL><LI><a href="#[d1]">&gt;&gt;</a>&nbsp;&nbsp;&nbsp;_printf_post_padding
<LI><a href="#[d0]">&gt;&gt;</a>&nbsp;&nbsp;&nbsp;_printf_pre_padding
</UL>
<BR>[Called By]<UL><LI><a href="#[102]">&gt;&gt;</a>&nbsp;&nbsp;&nbsp;_printf_cs_common
</UL>

<P><STRONG><a name="[97]"></a>_printf_int_dec</STRONG> (Thumb, 90 bytes, Stack size 32 bytes, _printf_dec.o(.text))
<BR><BR>[Stack]<UL><LI>Max Depth = 88<LI>Call Chain = _printf_int_dec &rArr; _printf_int_common &rArr; _printf_post_padding
</UL>
<BR>[Calls]<UL><LI><a href="#[d4]">&gt;&gt;</a>&nbsp;&nbsp;&nbsp;__rt_udiv10
<LI><a href="#[d5]">&gt;&gt;</a>&nbsp;&nbsp;&nbsp;_printf_int_common
<LI><a href="#[d3]">&gt;&gt;</a>&nbsp;&nbsp;&nbsp;_printf_truncate_unsigned
<LI><a href="#[d2]">&gt;&gt;</a>&nbsp;&nbsp;&nbsp;_printf_truncate_signed
</UL>
<BR>[Called By]<UL><LI><a href="#[96]">&gt;&gt;</a>&nbsp;&nbsp;&nbsp;_printf_d
<LI><a href="#[98]">&gt;&gt;</a>&nbsp;&nbsp;&nbsp;_printf_u
<LI><a href="#[95]">&gt;&gt;</a>&nbsp;&nbsp;&nbsp;_printf_i
</UL>

<P><STRONG><a name="[d6]"></a>_printf_longlong_hex</STRONG> (Thumb, 88 bytes, Stack size 24 bytes, _printf_hex_int_ll_ptr.o(.text))
<BR><BR>[Stack]<UL><LI>Max Depth = 80<LI>Call Chain = _printf_longlong_hex &rArr; _printf_int_common &rArr; _printf_post_padding
</UL>
<BR>[Calls]<UL><LI><a href="#[d5]">&gt;&gt;</a>&nbsp;&nbsp;&nbsp;_printf_int_common
</UL>
<BR>[Called By]<UL><LI><a href="#[8e]">&gt;&gt;</a>&nbsp;&nbsp;&nbsp;_printf_hex_ptr
<LI><a href="#[a5]">&gt;&gt;</a>&nbsp;&nbsp;&nbsp;_printf_ll_hex
<LI><a href="#[9d]">&gt;&gt;</a>&nbsp;&nbsp;&nbsp;_printf_int_hex
</UL>

<P><STRONG><a name="[9d]"></a>_printf_int_hex</STRONG> (Thumb, 28 bytes, Stack size 16 bytes, _printf_hex_int_ll_ptr.o(.text))
<BR><BR>[Stack]<UL><LI>Max Depth = 96<LI>Call Chain = _printf_int_hex &rArr; _printf_longlong_hex &rArr; _printf_int_common &rArr; _printf_post_padding
</UL>
<BR>[Calls]<UL><LI><a href="#[d6]">&gt;&gt;</a>&nbsp;&nbsp;&nbsp;_printf_longlong_hex
<LI><a href="#[d3]">&gt;&gt;</a>&nbsp;&nbsp;&nbsp;_printf_truncate_unsigned
</UL>
<BR>[Called By]<UL><LI><a href="#[9a]">&gt;&gt;</a>&nbsp;&nbsp;&nbsp;_printf_x
</UL>

<P><STRONG><a name="[a5]"></a>_printf_ll_hex</STRONG> (Thumb, 10 bytes, Stack size 0 bytes, _printf_hex_int_ll_ptr.o(.text))
<BR><BR>[Stack]<UL><LI>Max Depth = 80<LI>Call Chain = _printf_ll_hex &rArr; _printf_longlong_hex &rArr; _printf_int_common &rArr; _printf_post_padding
</UL>
<BR>[Calls]<UL><LI><a href="#[d6]">&gt;&gt;</a>&nbsp;&nbsp;&nbsp;_printf_longlong_hex
</UL>
<BR>[Called By]<UL><LI><a href="#[a2]">&gt;&gt;</a>&nbsp;&nbsp;&nbsp;_printf_llx
</UL>

<P><STRONG><a name="[8e]"></a>_printf_hex_ptr</STRONG> (Thumb, 22 bytes, Stack size 8 bytes, _printf_hex_int_ll_ptr.o(.text))
<BR><BR>[Stack]<UL><LI>Max Depth = 88<LI>Call Chain = _printf_hex_ptr &rArr; _printf_longlong_hex &rArr; _printf_int_common &rArr; _printf_post_padding
</UL>
<BR>[Calls]<UL><LI><a href="#[d6]">&gt;&gt;</a>&nbsp;&nbsp;&nbsp;_printf_longlong_hex
</UL>
<BR>[Called By]<UL><LI><a href="#[8b]">&gt;&gt;</a>&nbsp;&nbsp;&nbsp;_printf_p
</UL>

<P><STRONG><a name="[d7]"></a>__printf</STRONG> (Thumb, 386 bytes, Stack size 32 bytes, __printf_flags_ss_wp.o(.text))
<BR><BR>[Stack]<UL><LI>Max Depth = 32 + Unknown Stack Size
<LI>Call Chain = __printf
</UL>
<BR>[Calls]<UL><LI><a href="#[d9]">&gt;&gt;</a>&nbsp;&nbsp;&nbsp;_printf_percent
<LI><a href="#[d8]">&gt;&gt;</a>&nbsp;&nbsp;&nbsp;_is_digit
</UL>
<BR>[Called By]<UL><LI><a href="#[c7]">&gt;&gt;</a>&nbsp;&nbsp;&nbsp;_printf_char_common
</UL>

<P><STRONG><a name="[da]"></a>__0sscanf</STRONG> (Thumb, 54 bytes, Stack size 72 bytes, __0sscanf.o(.text))
<BR><BR>[Stack]<UL><LI>Max Depth = 216<LI>Call Chain = __0sscanf &rArr; __vfscanf_char &rArr; __vfscanf &rArr; _scanf_int
</UL>
<BR>[Calls]<UL><LI><a href="#[db]">&gt;&gt;</a>&nbsp;&nbsp;&nbsp;__vfscanf_char
</UL>
<BR>[Called By]<UL><LI><a href="#[e4]">&gt;&gt;</a>&nbsp;&nbsp;&nbsp;_sys_open
</UL>

<P><STRONG><a name="[dc]"></a>_scanf_int</STRONG> (Thumb, 330 bytes, Stack size 48 bytes, _scanf_int.o(.text))
<BR><BR>[Stack]<UL><LI>Max Depth = 48<LI>Call Chain = _scanf_int
</UL>
<BR>[Calls]<UL><LI><a href="#[dd]">&gt;&gt;</a>&nbsp;&nbsp;&nbsp;_chval
</UL>
<BR>[Called By]<UL><LI><a href="#[109]">&gt;&gt;</a>&nbsp;&nbsp;&nbsp;__vfscanf
</UL>

<P><STRONG><a name="[de]"></a>_do_fflush</STRONG> (Thumb, 54 bytes, Stack size 16 bytes, fflush.o(.text))
<BR><BR>[Stack]<UL><LI>Max Depth = 112<LI>Call Chain = _do_fflush &rArr; _fflush &rArr; _writebuf &rArr; _sys_write &rArr;  serial_init (Cycle)
</UL>
<BR>[Calls]<UL><LI><a href="#[df]">&gt;&gt;</a>&nbsp;&nbsp;&nbsp;_fflush
<LI><a href="#[e0]">&gt;&gt;</a>&nbsp;&nbsp;&nbsp;_fseek
</UL>
<BR>[Called By]<UL><LI><a href="#[e1]">&gt;&gt;</a>&nbsp;&nbsp;&nbsp;fflush
<LI><a href="#[110]">&gt;&gt;</a>&nbsp;&nbsp;&nbsp;_flushlinebuffered
</UL>

<P><STRONG><a name="[e1]"></a>fflush</STRONG> (Thumb, 46 bytes, Stack size 16 bytes, fflush.o(.text))
<BR><BR>[Stack]<UL><LI>Max Depth = 128<LI>Call Chain = fflush &rArr; _do_fflush &rArr; _fflush &rArr; _writebuf &rArr; _sys_write &rArr;  serial_init (Cycle)
</UL>
<BR>[Calls]<UL><LI><a href="#[de]">&gt;&gt;</a>&nbsp;&nbsp;&nbsp;_do_fflush
</UL>
<BR>[Called By]<UL><LI><a href="#[c1]">&gt;&gt;</a>&nbsp;&nbsp;&nbsp;exit
</UL>

<P><STRONG><a name="[e2]"></a>freopen</STRONG> (Thumb, 148 bytes, Stack size 32 bytes, fopen.o(.text))
<BR><BR>[Stack]<UL><LI>Max Depth = 600 + Unknown Stack Size
<LI>Call Chain = freopen &rArr; _sys_open &rArr; mbed::FilePath::FilePath(const char*) &rArr; mbed::FileBase::lookup(const char*, unsigned) &rArr; SingletonPtr&lang;PlatformMutex&rang;::operator -&rang;() &rArr; mbed_assert_internal &rArr; mbed_error_printf &rArr; serial_init &rArr;  pin_mode (Cycle)
</UL>
<BR>[Calls]<UL><LI><a href="#[e4]">&gt;&gt;</a>&nbsp;&nbsp;&nbsp;_sys_open
<LI><a href="#[e3]">&gt;&gt;</a>&nbsp;&nbsp;&nbsp;_fclose_internal
<LI><a href="#[e0]">&gt;&gt;</a>&nbsp;&nbsp;&nbsp;_fseek
</UL>
<BR>[Called By]<UL><LI><a href="#[e5]">&gt;&gt;</a>&nbsp;&nbsp;&nbsp;fopen
<LI><a href="#[b7]">&gt;&gt;</a>&nbsp;&nbsp;&nbsp;_initio
</UL>

<P><STRONG><a name="[e5]"></a>fopen</STRONG> (Thumb, 76 bytes, Stack size 24 bytes, fopen.o(.text))
<BR><BR>[Stack]<UL><LI>Max Depth = 624 + Unknown Stack Size
<LI>Call Chain = fopen &rArr; freopen &rArr; _sys_open &rArr; mbed::FilePath::FilePath(const char*) &rArr; mbed::FileBase::lookup(const char*, unsigned) &rArr; SingletonPtr&lang;PlatformMutex&rang;::operator -&rang;() &rArr; mbed_assert_internal &rArr; mbed_error_printf &rArr; serial_init &rArr;  pin_mode (Cycle)
</UL>
<BR>[Calls]<UL><LI><a href="#[e6]">&gt;&gt;</a>&nbsp;&nbsp;&nbsp;__aeabi_memclr4
<LI><a href="#[e2]">&gt;&gt;</a>&nbsp;&nbsp;&nbsp;freopen
<LI><a href="#[c2]">&gt;&gt;</a>&nbsp;&nbsp;&nbsp;malloc
</UL>
<BR>[Called By]<UL><LI><a href="#[13d]">&gt;&gt;</a>&nbsp;&nbsp;&nbsp;$Super$$main
<LI><a href="#[19a]">&gt;&gt;</a>&nbsp;&nbsp;&nbsp;mbed::Stream::Stream__sub_object(const char*)
</UL>

<P><STRONG><a name="[e7]"></a>setbuf</STRONG> (Thumb, 26 bytes, Stack size 8 bytes, setbuf.o(.text))
<BR><BR>[Stack]<UL><LI>Max Depth = 24<LI>Call Chain = setbuf &rArr; setvbuf
</UL>
<BR>[Calls]<UL><LI><a href="#[e8]">&gt;&gt;</a>&nbsp;&nbsp;&nbsp;setvbuf
</UL>
<BR>[Called By]<UL><LI><a href="#[194]">&gt;&gt;</a>&nbsp;&nbsp;&nbsp;mbed::mbed_set_unbuffered_stream(std::__FILE*)
</UL>

<P><STRONG><a name="[e3]"></a>_fclose_internal</STRONG> (Thumb, 72 bytes, Stack size 32 bytes, fclose.o(.text))
<BR><BR>[Stack]<UL><LI>Max Depth = 128<LI>Call Chain = _fclose_internal &rArr; _fflush &rArr; _writebuf &rArr; _sys_write &rArr;  serial_init (Cycle)
</UL>
<BR>[Calls]<UL><LI><a href="#[e9]">&gt;&gt;</a>&nbsp;&nbsp;&nbsp;_sys_close
<LI><a href="#[e6]">&gt;&gt;</a>&nbsp;&nbsp;&nbsp;__aeabi_memclr4
<LI><a href="#[c5]">&gt;&gt;</a>&nbsp;&nbsp;&nbsp;free
<LI><a href="#[df]">&gt;&gt;</a>&nbsp;&nbsp;&nbsp;_fflush
</UL>
<BR>[Called By]<UL><LI><a href="#[e2]">&gt;&gt;</a>&nbsp;&nbsp;&nbsp;freopen
<LI><a href="#[119]">&gt;&gt;</a>&nbsp;&nbsp;&nbsp;_terminateio
</UL>

<P><STRONG><a name="[19d]"></a>fclose</STRONG> (Thumb, 0 bytes, Stack size 32 bytes, fclose.o(.text))
<BR><BR>[Stack]<UL><LI>Max Depth = 32<LI>Call Chain = fclose
</UL>
<BR>[Called By]<UL><LI><a href="#[13d]">&gt;&gt;</a>&nbsp;&nbsp;&nbsp;$Super$$main
<LI><a href="#[79]">&gt;&gt;</a>&nbsp;&nbsp;&nbsp;mbed::Stream::~Stream__sub_object()
</UL>

<P><STRONG><a name="[1a1]"></a>strlen</STRONG> (Thumb, 62 bytes, Stack size 12 bytes, strlen.o(.text))
<BR><BR>[Stack]<UL><LI>Max Depth = 12<LI>Call Chain = strlen
</UL>
<BR>[Called By]<UL><LI><a href="#[19e]">&gt;&gt;</a>&nbsp;&nbsp;&nbsp;mbed::FileBase::lookup(const char*, unsigned)
</UL>

<P><STRONG><a name="[1a0]"></a>strncmp</STRONG> (Thumb, 154 bytes, Stack size 20 bytes, strncmp.o(.text))
<BR><BR>[Stack]<UL><LI>Max Depth = 20<LI>Call Chain = strncmp
</UL>
<BR>[Called By]<UL><LI><a href="#[19e]">&gt;&gt;</a>&nbsp;&nbsp;&nbsp;mbed::FileBase::lookup(const char*, unsigned)
</UL>

<P><STRONG><a name="[ea]"></a>__aeabi_memcpy</STRONG> (Thumb, 130 bytes, Stack size 24 bytes, rt_memcpy.o(.text))
<BR><BR>[Stack]<UL><LI>Max Depth = 24<LI>Call Chain = __aeabi_memcpy
</UL>
<BR>[Calls]<UL><LI><a href="#[eb]">&gt;&gt;</a>&nbsp;&nbsp;&nbsp;__aeabi_memcpy4
</UL>
<BR>[Called By]<UL><LI><a href="#[12f]">&gt;&gt;</a>&nbsp;&nbsp;&nbsp;fread
</UL>

<P><STRONG><a name="[1fb]"></a>__rt_memcpy</STRONG> (Thumb, 0 bytes, Stack size 24 bytes, rt_memcpy.o(.text), UNUSED)

<P><STRONG><a name="[ed]"></a>_memset_w</STRONG> (Thumb, 26 bytes, Stack size 0 bytes, rt_memclr.o(.text), UNUSED)
<BR><BR>[Called By]<UL><LI><a href="#[ef]">&gt;&gt;</a>&nbsp;&nbsp;&nbsp;__rt_memclr_w
<LI><a href="#[ec]">&gt;&gt;</a>&nbsp;&nbsp;&nbsp;_memset
</UL>

<P><STRONG><a name="[ec]"></a>_memset</STRONG> (Thumb, 30 bytes, Stack size 0 bytes, rt_memclr.o(.text), UNUSED)
<BR><BR>[Calls]<UL><LI><a href="#[ed]">&gt;&gt;</a>&nbsp;&nbsp;&nbsp;_memset_w
</UL>
<BR>[Called By]<UL><LI><a href="#[ee]">&gt;&gt;</a>&nbsp;&nbsp;&nbsp;__aeabi_memclr
</UL>

<P><STRONG><a name="[ee]"></a>__aeabi_memclr</STRONG> (Thumb, 4 bytes, Stack size 0 bytes, rt_memclr.o(.text), UNUSED)
<BR><BR>[Calls]<UL><LI><a href="#[ec]">&gt;&gt;</a>&nbsp;&nbsp;&nbsp;_memset
</UL>

<P><STRONG><a name="[1fc]"></a>__rt_memclr</STRONG> (Thumb, 0 bytes, Stack size 0 bytes, rt_memclr.o(.text), UNUSED)

<P><STRONG><a name="[e6]"></a>__aeabi_memclr4</STRONG> (Thumb, 0 bytes, Stack size 0 bytes, rt_memclr.o(.text))
<BR><BR>[Called By]<UL><LI><a href="#[13d]">&gt;&gt;</a>&nbsp;&nbsp;&nbsp;$Super$$main
<LI><a href="#[1a7]">&gt;&gt;</a>&nbsp;&nbsp;&nbsp;mbed::DigitalIn::DigitalIn(PinName)
<LI><a href="#[187]">&gt;&gt;</a>&nbsp;&nbsp;&nbsp;mbed::DigitalOut::DigitalOut(PinName)
<LI><a href="#[177]">&gt;&gt;</a>&nbsp;&nbsp;&nbsp;SDFileSystem::SDFileSystem(PinName, PinName, PinName, PinName, const char*)
<LI><a href="#[e3]">&gt;&gt;</a>&nbsp;&nbsp;&nbsp;_fclose_internal
<LI><a href="#[e5]">&gt;&gt;</a>&nbsp;&nbsp;&nbsp;fopen
<LI><a href="#[f1]">&gt;&gt;</a>&nbsp;&nbsp;&nbsp;_localtime_r
<LI><a href="#[b7]">&gt;&gt;</a>&nbsp;&nbsp;&nbsp;_initio
</UL>

<P><STRONG><a name="[1fd]"></a>__aeabi_memclr8</STRONG> (Thumb, 0 bytes, Stack size 0 bytes, rt_memclr.o(.text), UNUSED)

<P><STRONG><a name="[ef]"></a>__rt_memclr_w</STRONG> (Thumb, 4 bytes, Stack size 0 bytes, rt_memclr.o(.text), UNUSED)
<BR><BR>[Calls]<UL><LI><a href="#[ed]">&gt;&gt;</a>&nbsp;&nbsp;&nbsp;_memset_w
</UL>

<P><STRONG><a name="[1b1]"></a>strcmp</STRONG> (Thumb, 160 bytes, Stack size 16 bytes, strcmpv6m.o(.text))
<BR><BR>[Stack]<UL><LI>Max Depth = 16<LI>Call Chain = strcmp
</UL>
<BR>[Called By]<UL><LI><a href="#[e4]">&gt;&gt;</a>&nbsp;&nbsp;&nbsp;_sys_open
<LI><a href="#[41]">&gt;&gt;</a>&nbsp;&nbsp;&nbsp;_get_lc_ctype
<LI><a href="#[b5]">&gt;&gt;</a>&nbsp;&nbsp;&nbsp;_get_lc_numeric
</UL>

<P><STRONG><a name="[149]"></a>__aeabi_uread4</STRONG> (Thumb, 34 bytes, Stack size 0 bytes, uread4.o(.text))
<BR><BR>[Called By]<UL><LI><a href="#[182]">&gt;&gt;</a>&nbsp;&nbsp;&nbsp;f_open
<LI><a href="#[156]">&gt;&gt;</a>&nbsp;&nbsp;&nbsp;put_fat(FATFS*, unsigned long, unsigned long)
<LI><a href="#[155]">&gt;&gt;</a>&nbsp;&nbsp;&nbsp;get_fat(FATFS*, unsigned long)
<LI><a href="#[148]">&gt;&gt;</a>&nbsp;&nbsp;&nbsp;check_fs(FATFS*, unsigned long)
<LI><a href="#[144]">&gt;&gt;</a>&nbsp;&nbsp;&nbsp;find_volume(FATFS**, const char**, unsigned char)
</UL>

<P><STRONG><a name="[1fe]"></a>__rt_uread4</STRONG> (Thumb, 0 bytes, Stack size 0 bytes, uread4.o(.text), UNUSED)

<P><STRONG><a name="[f0]"></a>localtime</STRONG> (Thumb, 10 bytes, Stack size 8 bytes, localtime.o(.text))
<BR><BR>[Stack]<UL><LI>Max Depth = 24<LI>Call Chain = localtime &rArr; _localtime_r
</UL>
<BR>[Calls]<UL><LI><a href="#[f1]">&gt;&gt;</a>&nbsp;&nbsp;&nbsp;_localtime_r
</UL>
<BR>[Called By]<UL><LI><a href="#[1c2]">&gt;&gt;</a>&nbsp;&nbsp;&nbsp;get_fattime
</UL>

<P><STRONG><a name="[1ff]"></a>__aeabi_uidiv</STRONG> (Thumb, 0 bytes, Stack size 0 bytes, aeabi_sdivfast.o(.text), UNUSED)

<P><STRONG><a name="[11d]"></a>__aeabi_uidivmod</STRONG> (Thumb, 28 bytes, Stack size 0 bytes, aeabi_sdivfast.o(.text))
<BR><BR>[Called By]<UL><LI><a href="#[17d]">&gt;&gt;</a>&nbsp;&nbsp;&nbsp;f_lseek
<LI><a href="#[4b]">&gt;&gt;</a>&nbsp;&nbsp;&nbsp;us_ticker_init
<LI><a href="#[196]">&gt;&gt;</a>&nbsp;&nbsp;&nbsp;spi_frequency
<LI><a href="#[1cc]">&gt;&gt;</a>&nbsp;&nbsp;&nbsp;init
<LI><a href="#[18e]">&gt;&gt;</a>&nbsp;&nbsp;&nbsp;serial_baud
<LI><a href="#[157]">&gt;&gt;</a>&nbsp;&nbsp;&nbsp;dir_register(FATFS_DIR*)
<LI><a href="#[144]">&gt;&gt;</a>&nbsp;&nbsp;&nbsp;find_volume(FATFS**, const char**, unsigned char)
<LI><a href="#[12f]">&gt;&gt;</a>&nbsp;&nbsp;&nbsp;fread
<LI><a href="#[f1]">&gt;&gt;</a>&nbsp;&nbsp;&nbsp;_localtime_r
</UL>

<P><STRONG><a name="[200]"></a>__aeabi_idiv</STRONG> (Thumb, 0 bytes, Stack size 8 bytes, aeabi_sdivfast.o(.text), UNUSED)

<P><STRONG><a name="[12c]"></a>__aeabi_idivmod</STRONG> (Thumb, 460 bytes, Stack size 8 bytes, aeabi_sdivfast.o(.text))
<BR><BR>[Stack]<UL><LI>Max Depth = 8<LI>Call Chain = __aeabi_idivmod
</UL>
<BR>[Called By]<UL><LI><a href="#[4a]">&gt;&gt;</a>&nbsp;&nbsp;&nbsp;_printf_fp_hex_real
<LI><a href="#[126]">&gt;&gt;</a>&nbsp;&nbsp;&nbsp;_btod_etento
</UL>

<P><STRONG><a name="[85]"></a>__cpp_initialize__aeabi_</STRONG> (Thumb, 26 bytes, Stack size 16 bytes, init_aeabi.o(.text))
<BR><BR>[Stack]<UL><LI>Max Depth = 16<LI>Call Chain = __cpp_initialize__aeabi_
</UL>
<BR>[Called By]<UL><LI><a href="#[b8]">&gt;&gt;</a>&nbsp;&nbsp;&nbsp;__rt_lib_init_cpp_2
</UL>

<P><STRONG><a name="[19b]"></a>__aeabi_vec_dtor</STRONG> (Thumb, 34 bytes, Stack size 24 bytes, aeabi_vec_dtor_noexceptions.o(.text))
<BR><BR>[Stack]<UL><LI>Max Depth = 24<LI>Call Chain = __aeabi_vec_dtor
</UL>
<BR>[Called By]<UL><LI><a href="#[47]">&gt;&gt;</a>&nbsp;&nbsp;&nbsp;mbed::Serial::~Serial()
</UL>

<P><STRONG><a name="[1aa]"></a>__aeabi_dadd</STRONG> (Thumb, 0 bytes, Stack size 8 bytes, daddsub.o(.text))
<BR><BR>[Stack]<UL><LI>Max Depth = 8<LI>Call Chain = __aeabi_dadd
</UL>
<BR>[Called By]<UL><LI><a href="#[15e]">&gt;&gt;</a>&nbsp;&nbsp;&nbsp;vector_multpile
<LI><a href="#[1d0]">&gt;&gt;</a>&nbsp;&nbsp;&nbsp;matrix_multpile
<LI><a href="#[1d7]">&gt;&gt;</a>&nbsp;&nbsp;&nbsp;sigmoid
<LI><a href="#[1a8]">&gt;&gt;</a>&nbsp;&nbsp;&nbsp;__kernel_poly
<LI><a href="#[1ba]">&gt;&gt;</a>&nbsp;&nbsp;&nbsp;exp
</UL>

<P><STRONG><a name="[f2]"></a>_dadd</STRONG> (Thumb, 26 bytes, Stack size 8 bytes, daddsub.o(.text), UNUSED)
<BR><BR>[Calls]<UL><LI><a href="#[f3]">&gt;&gt;</a>&nbsp;&nbsp;&nbsp;_dsub1
<LI><a href="#[f4]">&gt;&gt;</a>&nbsp;&nbsp;&nbsp;_dadd1
</UL>

<P><STRONG><a name="[1bd]"></a>__aeabi_dsub</STRONG> (Thumb, 0 bytes, Stack size 8 bytes, daddsub.o(.text))
<BR><BR>[Stack]<UL><LI>Max Depth = 8<LI>Call Chain = __aeabi_dsub
</UL>
<BR>[Called By]<UL><LI><a href="#[1ba]">&gt;&gt;</a>&nbsp;&nbsp;&nbsp;exp
</UL>

<P><STRONG><a name="[f5]"></a>_dsub</STRONG> (Thumb, 22 bytes, Stack size 8 bytes, daddsub.o(.text), UNUSED)
<BR><BR>[Calls]<UL><LI><a href="#[f3]">&gt;&gt;</a>&nbsp;&nbsp;&nbsp;_dsub1
<LI><a href="#[f4]">&gt;&gt;</a>&nbsp;&nbsp;&nbsp;_dadd1
</UL>

<P><STRONG><a name="[1bf]"></a>__aeabi_drsub</STRONG> (Thumb, 0 bytes, Stack size 16 bytes, daddsub.o(.text))
<BR><BR>[Stack]<UL><LI>Max Depth = 16<LI>Call Chain = __aeabi_drsub
</UL>
<BR>[Called By]<UL><LI><a href="#[1ba]">&gt;&gt;</a>&nbsp;&nbsp;&nbsp;exp
</UL>

<P><STRONG><a name="[f6]"></a>_drsb</STRONG> (Thumb, 28 bytes, Stack size 16 bytes, daddsub.o(.text), UNUSED)
<BR><BR>[Calls]<UL><LI><a href="#[f3]">&gt;&gt;</a>&nbsp;&nbsp;&nbsp;_dsub1
<LI><a href="#[f4]">&gt;&gt;</a>&nbsp;&nbsp;&nbsp;_dadd1
</UL>

<P><STRONG><a name="[1c0]"></a>__aeabi_ddiv</STRONG> (Thumb, 0 bytes, Stack size 64 bytes, ddiv.o(.text))
<BR><BR>[Stack]<UL><LI>Max Depth = 64<LI>Call Chain = __aeabi_ddiv
</UL>
<BR>[Called By]<UL><LI><a href="#[1d7]">&gt;&gt;</a>&nbsp;&nbsp;&nbsp;sigmoid
<LI><a href="#[1ba]">&gt;&gt;</a>&nbsp;&nbsp;&nbsp;exp
</UL>

<P><STRONG><a name="[f8]"></a>_ddiv</STRONG> (Thumb, 1072 bytes, Stack size 64 bytes, ddiv.o(.text), UNUSED)
<BR><BR>[Called By]<UL><LI><a href="#[f7]">&gt;&gt;</a>&nbsp;&nbsp;&nbsp;_drdiv
</UL>

<P><STRONG><a name="[f7]"></a>_drdiv</STRONG> (Thumb, 20 bytes, Stack size 16 bytes, ddiv.o(.text), UNUSED)
<BR><BR>[Calls]<UL><LI><a href="#[f8]">&gt;&gt;</a>&nbsp;&nbsp;&nbsp;_ddiv
</UL>

<P><STRONG><a name="[1a9]"></a>__aeabi_dmul</STRONG> (Thumb, 0 bytes, Stack size 56 bytes, dmul.o(.text))
<BR><BR>[Stack]<UL><LI>Max Depth = 56<LI>Call Chain = __aeabi_dmul
</UL>
<BR>[Called By]<UL><LI><a href="#[15e]">&gt;&gt;</a>&nbsp;&nbsp;&nbsp;vector_multpile
<LI><a href="#[1d0]">&gt;&gt;</a>&nbsp;&nbsp;&nbsp;matrix_multpile
<LI><a href="#[1a8]">&gt;&gt;</a>&nbsp;&nbsp;&nbsp;__kernel_poly
<LI><a href="#[1ba]">&gt;&gt;</a>&nbsp;&nbsp;&nbsp;exp
</UL>

<P><STRONG><a name="[201]"></a>_dmul</STRONG> (Thumb, 558 bytes, Stack size 56 bytes, dmul.o(.text), UNUSED)

<P><STRONG><a name="[c3]"></a>__rt_heap_descriptor</STRONG> (Thumb, 8 bytes, Stack size 0 bytes, rt_heap_descriptor.o(.text))
<BR><BR>[Called By]<UL><LI><a href="#[c5]">&gt;&gt;</a>&nbsp;&nbsp;&nbsp;free
<LI><a href="#[c2]">&gt;&gt;</a>&nbsp;&nbsp;&nbsp;malloc
<LI><a href="#[b0]">&gt;&gt;</a>&nbsp;&nbsp;&nbsp;_init_alloc
</UL>

<P><STRONG><a name="[10]"></a>_terminate_user_alloc</STRONG> (Thumb, 2 bytes, Stack size 0 bytes, init_alloc.o(.text), UNUSED)

<P><STRONG><a name="[a]"></a>_init_user_alloc</STRONG> (Thumb, 2 bytes, Stack size 0 bytes, init_alloc.o(.text), UNUSED)

<P><STRONG><a name="[c4]"></a>__Heap_Full</STRONG> (Thumb, 32 bytes, Stack size 16 bytes, init_alloc.o(.text))
<BR><BR>[Stack]<UL><LI>Max Depth = 40<LI>Call Chain = __Heap_Full &rArr; __Heap_ProvideMemory &rArr; free
</UL>
<BR>[Calls]<UL><LI><a href="#[f9]">&gt;&gt;</a>&nbsp;&nbsp;&nbsp;__rt_heap_expand
<LI><a href="#[fa]">&gt;&gt;</a>&nbsp;&nbsp;&nbsp;__Heap_ProvideMemory
</UL>
<BR>[Called By]<UL><LI><a href="#[c2]">&gt;&gt;</a>&nbsp;&nbsp;&nbsp;malloc
</UL>

<P><STRONG><a name="[fb]"></a>__Heap_Broken</STRONG> (Thumb, 10 bytes, Stack size 8 bytes, init_alloc.o(.text), UNUSED)
<BR><BR>[Calls]<UL><LI><a href="#[fc]">&gt;&gt;</a>&nbsp;&nbsp;&nbsp;__rt_SIGRTMEM
</UL>

<P><STRONG><a name="[b0]"></a>_init_alloc</STRONG> (Thumb, 90 bytes, Stack size 24 bytes, init_alloc.o(.text))
<BR><BR>[Stack]<UL><LI>Max Depth = 64<LI>Call Chain = _init_alloc &rArr; __rt_SIGRTMEM &rArr; __rt_SIGRTMEM_inner &rArr; __default_signal_display &rArr; _ttywrch
</UL>
<BR>[Calls]<UL><LI><a href="#[f9]">&gt;&gt;</a>&nbsp;&nbsp;&nbsp;__rt_heap_expand
<LI><a href="#[fd]">&gt;&gt;</a>&nbsp;&nbsp;&nbsp;__rt_heap_escrow
<LI><a href="#[fc]">&gt;&gt;</a>&nbsp;&nbsp;&nbsp;__rt_SIGRTMEM
<LI><a href="#[fa]">&gt;&gt;</a>&nbsp;&nbsp;&nbsp;__Heap_ProvideMemory
<LI><a href="#[fe]">&gt;&gt;</a>&nbsp;&nbsp;&nbsp;__Heap_Initialize
<LI><a href="#[c3]">&gt;&gt;</a>&nbsp;&nbsp;&nbsp;__rt_heap_descriptor
</UL>
<BR>[Called By]<UL><LI><a href="#[af]">&gt;&gt;</a>&nbsp;&nbsp;&nbsp;__rt_lib_init_heap_2
</UL>

<P><STRONG><a name="[fe]"></a>__Heap_Initialize</STRONG> (Thumb, 10 bytes, Stack size 0 bytes, h1_init.o(.text))
<BR><BR>[Called By]<UL><LI><a href="#[b0]">&gt;&gt;</a>&nbsp;&nbsp;&nbsp;_init_alloc
</UL>

<P><STRONG><a name="[8]"></a>__Heap_DescSize</STRONG> (Thumb, 4 bytes, Stack size 0 bytes, h1_init.o(.text), UNUSED)

<P><STRONG><a name="[ff]"></a>__read_errno</STRONG> (Thumb, 10 bytes, Stack size 8 bytes, _rserrno.o(.text), UNUSED)
<BR><BR>[Calls]<UL><LI><a href="#[100]">&gt;&gt;</a>&nbsp;&nbsp;&nbsp;__aeabi_errno_addr
</UL>

<P><STRONG><a name="[101]"></a>__set_errno</STRONG> (Thumb, 12 bytes, Stack size 8 bytes, _rserrno.o(.text))
[...]
</UL>
<BR>[Called By]<UL><LI><a href="#[157]">&gt;&gt;</a>&nbsp;&nbsp;&nbsp;dir_register(FATFS_DIR*)
</UL>

<P><STRONG><a name="[14a]"></a>move_window(FATFS*, unsigned long)</STRONG> (Thumb, 52 bytes, Stack size 16 bytes, ff.o(i._Z11move_windowP5FATFSm))
<BR><BR>[Stack]<UL><LI>Max Depth = 208 + Unknown Stack Size
<LI>Call Chain = move_window(FATFS*, unsigned long) &rArr; sync_window(FATFS*) &rArr; disk_write &rArr; debug_if(int, const char*, ...) &rArr; __c89vfprintf &rArr; _printf_char_file &rArr; _printf_char_common &rArr; __printf
</UL>
<BR>[Calls]<UL><LI><a href="#[152]">&gt;&gt;</a>&nbsp;&nbsp;&nbsp;disk_read
<LI><a href="#[151]">&gt;&gt;</a>&nbsp;&nbsp;&nbsp;sync_window(FATFS*)
</UL>
<BR>[Called By]<UL><LI><a href="#[182]">&gt;&gt;</a>&nbsp;&nbsp;&nbsp;f_open
<LI><a href="#[1c1]">&gt;&gt;</a>&nbsp;&nbsp;&nbsp;f_sync
<LI><a href="#[156]">&gt;&gt;</a>&nbsp;&nbsp;&nbsp;put_fat(FATFS*, unsigned long, unsigned long)
<LI><a href="#[155]">&gt;&gt;</a>&nbsp;&nbsp;&nbsp;get_fat(FATFS*, unsigned long)
<LI><a href="#[14d]">&gt;&gt;</a>&nbsp;&nbsp;&nbsp;dir_find(FATFS_DIR*)
<LI><a href="#[148]">&gt;&gt;</a>&nbsp;&nbsp;&nbsp;check_fs(FATFS*, unsigned long)
<LI><a href="#[157]">&gt;&gt;</a>&nbsp;&nbsp;&nbsp;dir_register(FATFS_DIR*)
<LI><a href="#[144]">&gt;&gt;</a>&nbsp;&nbsp;&nbsp;find_volume(FATFS**, const char**, unsigned char)
</UL>

<P><STRONG><a name="[151]"></a>sync_window(FATFS*)</STRONG> (Thumb, 82 bytes, Stack size 24 bytes, ff.o(i._Z11sync_windowP5FATFS))
<BR><BR>[Stack]<UL><LI>Max Depth = 192 + Unknown Stack Size
<LI>Call Chain = sync_window(FATFS*) &rArr; disk_write &rArr; debug_if(int, const char*, ...) &rArr; __c89vfprintf &rArr; _printf_char_file &rArr; _printf_char_common &rArr; __printf
</UL>
<BR>[Calls]<UL><LI><a href="#[153]">&gt;&gt;</a>&nbsp;&nbsp;&nbsp;disk_write
</UL>
<BR>[Called By]<UL><LI><a href="#[158]">&gt;&gt;</a>&nbsp;&nbsp;&nbsp;dir_next(FATFS_DIR*, int)
<LI><a href="#[162]">&gt;&gt;</a>&nbsp;&nbsp;&nbsp;sync_fs(FATFS*)
<LI><a href="#[14a]">&gt;&gt;</a>&nbsp;&nbsp;&nbsp;move_window(FATFS*, unsigned long)
</UL>

<P><STRONG><a name="[154]"></a>create_chain(FATFS*, unsigned long)</STRONG> (Thumb, 162 bytes, Stack size 24 bytes, ff.o(i._Z12create_chainP5FATFSm))
<BR><BR>[Stack]<UL><LI>Max Depth = 256 + Unknown Stack Size
<LI>Call Chain = create_chain(FATFS*, unsigned long) &rArr; put_fat(FATFS*, unsigned long, unsigned long) &rArr; move_window(FATFS*, unsigned long) &rArr; sync_window(FATFS*) &rArr; disk_write &rArr; debug_if(int, const char*, ...) &rArr; __c89vfprintf &rArr; _printf_char_file &rArr; _printf_char_common &rArr; __printf
</UL>
<BR>[Calls]<UL><LI><a href="#[156]">&gt;&gt;</a>&nbsp;&nbsp;&nbsp;put_fat(FATFS*, unsigned long, unsigned long)
<LI><a href="#[155]">&gt;&gt;</a>&nbsp;&nbsp;&nbsp;get_fat(FATFS*, unsigned long)
</UL>
<BR>[Called By]<UL><LI><a href="#[17e]">&gt;&gt;</a>&nbsp;&nbsp;&nbsp;f_write
<LI><a href="#[17d]">&gt;&gt;</a>&nbsp;&nbsp;&nbsp;f_lseek
<LI><a href="#[158]">&gt;&gt;</a>&nbsp;&nbsp;&nbsp;dir_next(FATFS_DIR*, int)
</UL>

<P><STRONG><a name="[157]"></a>dir_register(FATFS_DIR*)</STRONG> (Thumb, 318 bytes, Stack size 40 bytes, ff.o(i._Z12dir_registerP9FATFS_DIR))
<BR><BR>[Stack]<UL><LI>Max Depth = 344 + Unknown Stack Size
<LI>Call Chain = dir_register(FATFS_DIR*) &rArr; dir_find(FATFS_DIR*) &rArr; dir_next(FATFS_DIR*, int) &rArr; create_chain(FATFS*, unsigned long) &rArr; put_fat(FATFS*, unsigned long, unsigned long) &rArr; move_window(FATFS*, unsigned long) &rArr; sync_window(FATFS*) &rArr; disk_write &rArr; debug_if(int, const char*, ...) &rArr; __c89vfprintf &rArr; _printf_char_file &rArr; _printf_char_common &rArr; __printf
</UL>
<BR>[Calls]<UL><LI><a href="#[158]">&gt;&gt;</a>&nbsp;&nbsp;&nbsp;dir_next(FATFS_DIR*, int)
<LI><a href="#[14d]">&gt;&gt;</a>&nbsp;&nbsp;&nbsp;dir_find(FATFS_DIR*)
<LI><a href="#[159]">&gt;&gt;</a>&nbsp;&nbsp;&nbsp;sum_sfn(const unsigned char*)
<LI><a href="#[143]">&gt;&gt;</a>&nbsp;&nbsp;&nbsp;mem_set(void*, int, unsigned)
<LI><a href="#[150]">&gt;&gt;</a>&nbsp;&nbsp;&nbsp;mem_cpy(void*, const void*, unsigned)
<LI><a href="#[15a]">&gt;&gt;</a>&nbsp;&nbsp;&nbsp;fit_lfn(const unsigned short*, unsigned char*, unsigned char, unsigned char)
<LI><a href="#[14c]">&gt;&gt;</a>&nbsp;&nbsp;&nbsp;dir_sdi(FATFS_DIR*, unsigned)
<LI><a href="#[14a]">&gt;&gt;</a>&nbsp;&nbsp;&nbsp;move_window(FATFS*, unsigned long)
<LI><a href="#[14f]">&gt;&gt;</a>&nbsp;&nbsp;&nbsp;gen_numname(unsigned char*, const unsigned char*, const unsigned short*, unsigned)
<LI><a href="#[11d]">&gt;&gt;</a>&nbsp;&nbsp;&nbsp;__aeabi_uidivmod
</UL>
<BR>[Called By]<UL><LI><a href="#[182]">&gt;&gt;</a>&nbsp;&nbsp;&nbsp;f_open
</UL>

<P><STRONG><a name="[145]"></a>get_ldnumber(const char**)</STRONG> (Thumb, 60 bytes, Stack size 8 bytes, ff.o(i._Z12get_ldnumberPPKc))
<BR><BR>[Stack]<UL><LI>Max Depth = 8<LI>Call Chain = get_ldnumber(const char**)
</UL>
<BR>[Called By]<UL><LI><a href="#[186]">&gt;&gt;</a>&nbsp;&nbsp;&nbsp;f_mount
<LI><a href="#[144]">&gt;&gt;</a>&nbsp;&nbsp;&nbsp;find_volume(FATFS**, const char**, unsigned char)
</UL>

<P><STRONG><a name="[15b]"></a>remove_chain(FATFS*, unsigned long)</STRONG> (Thumb, 94 bytes, Stack size 24 bytes, ff.o(i._Z12remove_chainP5FATFSm))
<BR><BR>[Stack]<UL><LI>Max Depth = 256 + Unknown Stack Size
<LI>Call Chain = remove_chain(FATFS*, unsigned long) &rArr; put_fat(FATFS*, unsigned long, unsigned long) &rArr; move_window(FATFS*, unsigned long) &rArr; sync_window(FATFS*) &rArr; disk_write &rArr; debug_if(int, const char*, ...) &rArr; __c89vfprintf &rArr; _printf_char_file &rArr; _printf_char_common &rArr; __printf
</UL>
<BR>[Calls]<UL><LI><a href="#[156]">&gt;&gt;</a>&nbsp;&nbsp;&nbsp;put_fat(FATFS*, unsigned long, unsigned long)
<LI><a href="#[155]">&gt;&gt;</a>&nbsp;&nbsp;&nbsp;get_fat(FATFS*, unsigned long)
</UL>
<BR>[Called By]<UL><LI><a href="#[182]">&gt;&gt;</a>&nbsp;&nbsp;&nbsp;f_open
</UL>

<P><STRONG><a name="[142]"></a>chk_chr(const char*, int)</STRONG> (Thumb, 18 bytes, Stack size 0 bytes, ff.o(i._Z7chk_chrPKci))
<BR><BR>[Called By]<UL><LI><a href="#[140]">&gt;&gt;</a>&nbsp;&nbsp;&nbsp;create_name(FATFS_DIR*, const char**)
</UL>

<P><STRONG><a name="[15f]"></a>cmp_lfn(unsigned short*, unsigned char*)</STRONG> (Thumb, 128 bytes, Stack size 32 bytes, ff.o(i._Z7cmp_lfnPtPh))
<BR><BR>[Stack]<UL><LI>Max Depth = 48<LI>Call Chain = cmp_lfn(unsigned short*, unsigned char*) &rArr; ff_wtoupper
</UL>
<BR>[Calls]<UL><LI><a href="#[160]">&gt;&gt;</a>&nbsp;&nbsp;&nbsp;ff_wtoupper
</UL>
<BR>[Called By]<UL><LI><a href="#[14d]">&gt;&gt;</a>&nbsp;&nbsp;&nbsp;dir_find(FATFS_DIR*)
</UL>

<P><STRONG><a name="[14c]"></a>dir_sdi(FATFS_DIR*, unsigned)</STRONG> (Thumb, 126 bytes, Stack size 16 bytes, ff.o(i._Z7dir_sdiP9FATFS_DIRj))
<BR><BR>[Stack]<UL><LI>Max Depth = 248 + Unknown Stack Size
<LI>Call Chain = dir_sdi(FATFS_DIR*, unsigned) &rArr; get_fat(FATFS*, unsigned long) &rArr; move_window(FATFS*, unsigned long) &rArr; sync_window(FATFS*) &rArr; disk_write &rArr; debug_if(int, const char*, ...) &rArr; __c89vfprintf &rArr; _printf_char_file &rArr; _printf_char_common &rArr; __printf
</UL>
<BR>[Calls]<UL><LI><a href="#[155]">&gt;&gt;</a>&nbsp;&nbsp;&nbsp;get_fat(FATFS*, unsigned long)
<LI><a href="#[161]">&gt;&gt;</a>&nbsp;&nbsp;&nbsp;clust2sect(FATFS*, unsigned long)
</UL>
<BR>[Called By]<UL><LI><a href="#[14d]">&gt;&gt;</a>&nbsp;&nbsp;&nbsp;dir_find(FATFS_DIR*)
<LI><a href="#[157]">&gt;&gt;</a>&nbsp;&nbsp;&nbsp;dir_register(FATFS_DIR*)
<LI><a href="#[14b]">&gt;&gt;</a>&nbsp;&nbsp;&nbsp;follow_path(FATFS_DIR*, const char*)
</UL>

<P><STRONG><a name="[15a]"></a>fit_lfn(const unsigned short*, unsigned char*, unsigned char, unsigned char)</STRONG> (Thumb, 98 bytes, Stack size 20 bytes, ff.o(i._Z7fit_lfnPKtPhhh))
<BR><BR>[Stack]<UL><LI>Max Depth = 20<LI>Call Chain = fit_lfn(const unsigned short*, unsigned char*, unsigned char, unsigned char)
</UL>
<BR>[Called By]<UL><LI><a href="#[157]">&gt;&gt;</a>&nbsp;&nbsp;&nbsp;dir_register(FATFS_DIR*)
</UL>

<P><STRONG><a name="[150]"></a>mem_cpy(void*, const void*, unsigned)</STRONG> (Thumb, 16 bytes, Stack size 0 bytes, ff.o(i._Z7mem_cpyPvPKvj))
<BR><BR>[Called By]<UL><LI><a href="#[17e]">&gt;&gt;</a>&nbsp;&nbsp;&nbsp;f_write
<LI><a href="#[17b]">&gt;&gt;</a>&nbsp;&nbsp;&nbsp;f_read
<LI><a href="#[157]">&gt;&gt;</a>&nbsp;&nbsp;&nbsp;dir_register(FATFS_DIR*)
<LI><a href="#[14f]">&gt;&gt;</a>&nbsp;&nbsp;&nbsp;gen_numname(unsigned char*, const unsigned char*, const unsigned short*, unsigned)
</UL>

<P><STRONG><a name="[143]"></a>mem_set(void*, int, unsigned)</STRONG> (Thumb, 14 bytes, Stack size 0 bytes, ff.o(i._Z7mem_setPvij))
<BR><BR>[Called By]<UL><LI><a href="#[158]">&gt;&gt;</a>&nbsp;&nbsp;&nbsp;dir_next(FATFS_DIR*, int)
<LI><a href="#[162]">&gt;&gt;</a>&nbsp;&nbsp;&nbsp;sync_fs(FATFS*)
<LI><a href="#[157]">&gt;&gt;</a>&nbsp;&nbsp;&nbsp;dir_register(FATFS_DIR*)
<LI><a href="#[140]">&gt;&gt;</a>&nbsp;&nbsp;&nbsp;create_name(FATFS_DIR*, const char**)
</UL>

<P><STRONG><a name="[159]"></a>sum_sfn(const unsigned char*)</STRONG> (Thumb, 26 bytes, Stack size 0 bytes, ff.o(i._Z7sum_sfnPKh))
<BR><BR>[Called By]<UL><LI><a href="#[14d]">&gt;&gt;</a>&nbsp;&nbsp;&nbsp;dir_find(FATFS_DIR*)
<LI><a href="#[157]">&gt;&gt;</a>&nbsp;&nbsp;&nbsp;dir_register(FATFS_DIR*)
</UL>

<P><STRONG><a name="[162]"></a>sync_fs(FATFS*)</STRONG> (Thumb, 156 bytes, Stack size 16 bytes, ff.o(i._Z7sync_fsP5FATFS))
<BR><BR>[Stack]<UL><LI>Max Depth = 208 + Unknown Stack Size
<LI>Call Chain = sync_fs(FATFS*) &rArr; sync_window(FATFS*) &rArr; disk_write &rArr; debug_if(int, const char*, ...) &rArr; __c89vfprintf &rArr; _printf_char_file &rArr; _printf_char_common &rArr; __printf
</UL>
<BR>[Calls]<UL><LI><a href="#[153]">&gt;&gt;</a>&nbsp;&nbsp;&nbsp;disk_write
<LI><a href="#[163]">&gt;&gt;</a>&nbsp;&nbsp;&nbsp;disk_ioctl
<LI><a href="#[143]">&gt;&gt;</a>&nbsp;&nbsp;&nbsp;mem_set(void*, int, unsigned)
<LI><a href="#[151]">&gt;&gt;</a>&nbsp;&nbsp;&nbsp;sync_window(FATFS*)
</UL>
<BR>[Called By]<UL><LI><a href="#[1c1]">&gt;&gt;</a>&nbsp;&nbsp;&nbsp;f_sync
</UL>

<P><STRONG><a name="[148]"></a>check_fs(FATFS*, unsigned long)</STRONG> (Thumb, 94 bytes, Stack size 16 bytes, ff.o(i._Z8check_fsP5FATFSm))
<BR><BR>[Stack]<UL><LI>Max Depth = 224 + Unknown Stack Size
<LI>Call Chain = check_fs(FATFS*, unsigned long) &rArr; move_window(FATFS*, unsigned long) &rArr; sync_window(FATFS*) &rArr; disk_write &rArr; debug_if(int, const char*, ...) &rArr; __c89vfprintf &rArr; _printf_char_file &rArr; _printf_char_common &rArr; __printf
</UL>
<BR>[Calls]<UL><LI><a href="#[14a]">&gt;&gt;</a>&nbsp;&nbsp;&nbsp;move_window(FATFS*, unsigned long)
<LI><a href="#[149]">&gt;&gt;</a>&nbsp;&nbsp;&nbsp;__aeabi_uread4
</UL>
<BR>[Called By]<UL><LI><a href="#[144]">&gt;&gt;</a>&nbsp;&nbsp;&nbsp;find_volume(FATFS**, const char**, unsigned char)
</UL>

<P><STRONG><a name="[14d]"></a>dir_find(FATFS_DIR*)</STRONG> (Thumb, 204 bytes, Stack size 24 bytes, ff.o(i._Z8dir_findP9FATFS_DIR))
<BR><BR>[Stack]<UL><LI>Max Depth = 304 + Unknown Stack Size
<LI>Call Chain = dir_find(FATFS_DIR*) &rArr; dir_next(FATFS_DIR*, int) &rArr; create_chain(FATFS*, unsigned long) &rArr; put_fat(FATFS*, unsigned long, unsigned long) &rArr; move_window(FATFS*, unsigned long) &rArr; sync_window(FATFS*) &rArr; disk_write &rArr; debug_if(int, const char*, ...) &rArr; __c89vfprintf &rArr; _printf_char_file &rArr; _printf_char_common &rArr; __printf
</UL>
<BR>[Calls]<UL><LI><a href="#[158]">&gt;&gt;</a>&nbsp;&nbsp;&nbsp;dir_next(FATFS_DIR*, int)
<LI><a href="#[159]">&gt;&gt;</a>&nbsp;&nbsp;&nbsp;sum_sfn(const unsigned char*)
<LI><a href="#[14c]">&gt;&gt;</a>&nbsp;&nbsp;&nbsp;dir_sdi(FATFS_DIR*, unsigned)
<LI><a href="#[15f]">&gt;&gt;</a>&nbsp;&nbsp;&nbsp;cmp_lfn(unsigned short*, unsigned char*)
<LI><a href="#[14a]">&gt;&gt;</a>&nbsp;&nbsp;&nbsp;move_window(FATFS*, unsigned long)
</UL>
<BR>[Called By]<UL><LI><a href="#[157]">&gt;&gt;</a>&nbsp;&nbsp;&nbsp;dir_register(FATFS_DIR*)
<LI><a href="#[14b]">&gt;&gt;</a>&nbsp;&nbsp;&nbsp;follow_path(FATFS_DIR*, const char*)
</UL>

<P><STRONG><a name="[158]"></a>dir_next(FATFS_DIR*, int)</STRONG> (Thumb, 226 bytes, Stack size 24 bytes, ff.o(i._Z8dir_nextP9FATFS_DIRi))
<BR><BR>[Stack]<UL><LI>Max Depth = 280 + Unknown Stack Size
<LI>Call Chain = dir_next(FATFS_DIR*, int) &rArr; create_chain(FATFS*, unsigned long) &rArr; put_fat(FATFS*, unsigned long, unsigned long) &rArr; move_window(FATFS*, unsigned long) &rArr; sync_window(FATFS*) &rArr; disk_write &rArr; debug_if(int, const char*, ...) &rArr; __c89vfprintf &rArr; _printf_char_file &rArr; _printf_char_common &rArr; __printf
</UL>
<BR>[Calls]<UL><LI><a href="#[155]">&gt;&gt;</a>&nbsp;&nbsp;&nbsp;get_fat(FATFS*, unsigned long)
<LI><a href="#[161]">&gt;&gt;</a>&nbsp;&nbsp;&nbsp;clust2sect(FATFS*, unsigned long)
<LI><a href="#[143]">&gt;&gt;</a>&nbsp;&nbsp;&nbsp;mem_set(void*, int, unsigned)
<LI><a href="#[154]">&gt;&gt;</a>&nbsp;&nbsp;&nbsp;create_chain(FATFS*, unsigned long)
<LI><a href="#[151]">&gt;&gt;</a>&nbsp;&nbsp;&nbsp;sync_window(FATFS*)
</UL>
<BR>[Called By]<UL><LI><a href="#[14d]">&gt;&gt;</a>&nbsp;&nbsp;&nbsp;dir_find(FATFS_DIR*)
<LI><a href="#[157]">&gt;&gt;</a>&nbsp;&nbsp;&nbsp;dir_register(FATFS_DIR*)
</UL>

<P><STRONG><a name="[14e]"></a>ld_clust(FATFS*, const unsigned char*)</STRONG> (Thumb, 30 bytes, Stack size 0 bytes, ff.o(i._Z8ld_clustP5FATFSPKh))
<BR><BR>[Called By]<UL><LI><a href="#[182]">&gt;&gt;</a>&nbsp;&nbsp;&nbsp;f_open
<LI><a href="#[14b]">&gt;&gt;</a>&nbsp;&nbsp;&nbsp;follow_path(FATFS_DIR*, const char*)
</UL>

<P><STRONG><a name="[1c3]"></a>st_clust(unsigned char*, unsigned long)</STRONG> (Thumb, 16 bytes, Stack size 0 bytes, ff.o(i._Z8st_clustPhm))
<BR><BR>[Called By]<UL><LI><a href="#[182]">&gt;&gt;</a>&nbsp;&nbsp;&nbsp;f_open
<LI><a href="#[1c1]">&gt;&gt;</a>&nbsp;&nbsp;&nbsp;f_sync
</UL>

<P><STRONG><a name="[168]"></a>validate(void*)</STRONG> (Thumb, 40 bytes, Stack size 8 bytes, ff.o(i._Z8validatePv))
<BR><BR>[Stack]<UL><LI>Max Depth = 160 + Unknown Stack Size
<LI>Call Chain = validate(void*) &rArr; disk_status &rArr; debug_if(int, const char*, ...) &rArr; __c89vfprintf &rArr; _printf_char_file &rArr; _printf_char_common &rArr; __printf
</UL>
<BR>[Calls]<UL><LI><a href="#[146]">&gt;&gt;</a>&nbsp;&nbsp;&nbsp;disk_status
</UL>
<BR>[Called By]<UL><LI><a href="#[17e]">&gt;&gt;</a>&nbsp;&nbsp;&nbsp;f_write
<LI><a href="#[1c1]">&gt;&gt;</a>&nbsp;&nbsp;&nbsp;f_sync
<LI><a href="#[17b]">&gt;&gt;</a>&nbsp;&nbsp;&nbsp;f_read
<LI><a href="#[17d]">&gt;&gt;</a>&nbsp;&nbsp;&nbsp;f_lseek
<LI><a href="#[17c]">&gt;&gt;</a>&nbsp;&nbsp;&nbsp;f_close
</UL>

<P><STRONG><a name="[15c]"></a>debug(const char*, ...)</STRONG> (Thumb, 22 bytes, Stack size 24 bytes, sdfilesystem.o(i._Z5debugPKcz))
<BR><BR>[Stack]<UL><LI>Max Depth = 144 + Unknown Stack Size
<LI>Call Chain = debug(const char*, ...) &rArr; __c89vfprintf &rArr; _printf_char_file &rArr; _printf_char_common &rArr; __printf
</UL>
<BR>[Calls]<UL><LI><a href="#[c8]">&gt;&gt;</a>&nbsp;&nbsp;&nbsp;__c89vfprintf
</UL>
<BR>[Called By]<UL><LI><a href="#[173]">&gt;&gt;</a>&nbsp;&nbsp;&nbsp;SDFileSystem::initialise_card_v2()
<LI><a href="#[174]">&gt;&gt;</a>&nbsp;&nbsp;&nbsp;SDFileSystem::initialise_card_v1()
<LI><a href="#[16f]">&gt;&gt;</a>&nbsp;&nbsp;&nbsp;SDFileSystem::initialise_card()
<LI><a href="#[51]">&gt;&gt;</a>&nbsp;&nbsp;&nbsp;SDFileSystem::disk_initialize()
<LI><a href="#[16b]">&gt;&gt;</a>&nbsp;&nbsp;&nbsp;SDFileSystem::_sd_sectors()
</UL>

<P><STRONG><a name="[167]"></a>debug_if(int, const char*, ...)</STRONG> (Thumb, 26 bytes, Stack size 24 bytes, sdfilesystem.o(i._Z8debug_ifiPKcz))
<BR><BR>[Stack]<UL><LI>Max Depth = 144 + Unknown Stack Size
<LI>Call Chain = debug_if(int, const char*, ...) &rArr; __c89vfprintf &rArr; _printf_char_file &rArr; _printf_char_common &rArr; __printf
</UL>
<BR>[Calls]<UL><LI><a href="#[c8]">&gt;&gt;</a>&nbsp;&nbsp;&nbsp;__c89vfprintf
</UL>
<BR>[Called By]<UL><LI><a href="#[173]">&gt;&gt;</a>&nbsp;&nbsp;&nbsp;SDFileSystem::initialise_card_v2()
<LI><a href="#[174]">&gt;&gt;</a>&nbsp;&nbsp;&nbsp;SDFileSystem::initialise_card_v1()
<LI><a href="#[51]">&gt;&gt;</a>&nbsp;&nbsp;&nbsp;SDFileSystem::disk_initialize()
<LI><a href="#[16b]">&gt;&gt;</a>&nbsp;&nbsp;&nbsp;SDFileSystem::_sd_sectors()
</UL>

<P><STRONG><a name="[16e]"></a>ext_bits(unsigned char*, int, int)</STRONG> (Thumb, 46 bytes, Stack size 20 bytes, sdfilesystem.o(i._Z8ext_bitsPhii))
<BR><BR>[Stack]<UL><LI>Max Depth = 20<LI>Call Chain = ext_bits(unsigned char*, int, int)
</UL>
<BR>[Called By]<UL><LI><a href="#[16b]">&gt;&gt;</a>&nbsp;&nbsp;&nbsp;SDFileSystem::_sd_sectors()
</UL>

<P><STRONG><a name="[42]"></a>&lang;Func1&rang;</STRONG> (Thumb, 6 bytes, Stack size 0 bytes, SerialBase.o(i.<Func1>))
<BR>[Address Reference Count : 1]<UL><LI> SerialBase.o(i._ZN4mbed10SerialBaseC1E7PinNameS1_i)
</UL>
<P><STRONG><a name="[43]"></a>mbed::donothing()</STRONG> (Thumb, 2 bytes, Stack size 0 bytes, SerialBase.o(i._ZN4mbed9donothingEv))
<BR>[Address Reference Count : 1]<UL><LI> SerialBase.o(i._ZN4mbed10SerialBaseC1E7PinNameS1_i)
</UL>
<P><STRONG><a name="[f4]"></a>_dadd1</STRONG> (Thumb, 290 bytes, Stack size 20 bytes, daddsub.o(.text), UNUSED)
<BR><BR>[Called By]<UL><LI><a href="#[f6]">&gt;&gt;</a>&nbsp;&nbsp;&nbsp;_drsb
<LI><a href="#[f5]">&gt;&gt;</a>&nbsp;&nbsp;&nbsp;_dsub
<LI><a href="#[f2]">&gt;&gt;</a>&nbsp;&nbsp;&nbsp;_dadd
</UL>

<P><STRONG><a name="[f3]"></a>_dsub1</STRONG> (Thumb, 470 bytes, Stack size 40 bytes, daddsub.o(.text), UNUSED)
<BR><BR>[Called By]<UL><LI><a href="#[f6]">&gt;&gt;</a>&nbsp;&nbsp;&nbsp;_drsb
<LI><a href="#[f5]">&gt;&gt;</a>&nbsp;&nbsp;&nbsp;_dsub
<LI><a href="#[f2]">&gt;&gt;</a>&nbsp;&nbsp;&nbsp;_dadd
</UL>

<P><STRONG><a name="[3d]"></a>_printf_input_char</STRONG> (Thumb, 10 bytes, Stack size 0 bytes, _printf_char_common.o(.text))
<BR>[Address Reference Count : 1]<UL><LI> _printf_char_common.o(.text)
</UL>
<P><STRONG><a name="[3f]"></a>_scanf_char_input</STRONG> (Thumb, 12 bytes, Stack size 0 bytes, scanf_char.o(.text))
<BR>[Address Reference Count : 1]<UL><LI> scanf_char.o(.text)
</UL>
<P><STRONG><a name="[125]"></a>_fp_digits</STRONG> (Thumb, 408 bytes, Stack size 96 bytes, _printf_fp_dec.o(.text))
<BR><BR>[Stack]<UL><LI>Max Depth = 272<LI>Call Chain = _fp_digits &rArr; _btod_etento &rArr; _btod_emul &rArr; btod_internal_mul &rArr; __ARM_common_ll_muluu
</UL>
<BR>[Calls]<UL><LI><a href="#[107]">&gt;&gt;</a>&nbsp;&nbsp;&nbsp;_ll_udiv10
<LI><a href="#[128]">&gt;&gt;</a>&nbsp;&nbsp;&nbsp;_btod_ediv
<LI><a href="#[129]">&gt;&gt;</a>&nbsp;&nbsp;&nbsp;_btod_emul
<LI><a href="#[127]">&gt;&gt;</a>&nbsp;&nbsp;&nbsp;_btod_d2e
<LI><a href="#[126]">&gt;&gt;</a>&nbsp;&nbsp;&nbsp;_btod_etento
</UL>
<BR>[Called By]<UL><LI><a href="#[49]">&gt;&gt;</a>&nbsp;&nbsp;&nbsp;_printf_fp_dec_real
</UL>

<P><STRONG><a name="[136]"></a>btod_internal_mul</STRONG> (Thumb, 456 bytes, Stack size 56 bytes, btod.o(.text))
<BR><BR>[Stack]<UL><LI>Max Depth = 80<LI>Call Chain = btod_internal_mul &rArr; __ARM_common_ll_muluu
</UL>
<BR>[Calls]<UL><LI><a href="#[137]">&gt;&gt;</a>&nbsp;&nbsp;&nbsp;__ARM_common_ll_muluu
</UL>
<BR>[Called By]<UL><LI><a href="#[138]">&gt;&gt;</a>&nbsp;&nbsp;&nbsp;_btod_emuld
<LI><a href="#[129]">&gt;&gt;</a>&nbsp;&nbsp;&nbsp;_btod_emul
</UL>

<P><STRONG><a name="[139]"></a>btod_internal_div</STRONG> (Thumb, 494 bytes, Stack size 64 bytes, btod.o(.text))
<BR><BR>[Stack]<UL><LI>Max Depth = 64<LI>Call Chain = btod_internal_div
</UL>
<BR>[Called By]<UL><LI><a href="#[13a]">&gt;&gt;</a>&nbsp;&nbsp;&nbsp;_btod_edivd
<LI><a href="#[128]">&gt;&gt;</a>&nbsp;&nbsp;&nbsp;_btod_ediv
</UL>
<P>
<H3>
Undefined Global Symbols
</H3>
<P><STRONG><a name="[103]"></a>_printf_mbtowc</STRONG> (ARM, 0 bytes, Stack size 0 bytes, UNDEFINED)
<BR><BR>[Called By]<UL><LI><a href="#[102]">&gt;&gt;</a>&nbsp;&nbsp;&nbsp;_printf_cs_common
</UL>

<P><STRONG><a name="[12e]"></a>_printf_wc</STRONG> (ARM, 0 bytes, Stack size 0 bytes, UNDEFINED)
<BR><BR>[Called By]<UL><LI><a href="#[12d]">&gt;&gt;</a>&nbsp;&nbsp;&nbsp;_printf_lcs_common
</UL>
<HR></body></html>
