Component: ARM Compiler 5.06 update 4 (build 422) Tool: armlink [4d35d2]

==============================================================================

Section Cross References

    main.o(i._Z6layer1PSt6__FILES0_Pd) refers to freadfast.o(.text) for fread
    main.o(i._Z6layer1PSt6__FILES0_Pd) refers to dl_math.o(i.vector_multpile) for vector_multpile
    main.o(i._Z6layer2PdPSt6__FILES_) refers to rt_memclr.o(.text) for __aeabi_memclr4
    main.o(i._Z6layer2PdPSt6__FILES_) refers to freadfast.o(.text) for fread
    main.o(i._Z6layer2PdPSt6__FILES_) refers to dl_math.o(i.matrix_multpile) for matrix_multpile
    main.o(i.__sti___8_main_cpp_sd) refers to sdfilesystem.o(i._ZN12SDFileSystemC1E7PinNameS0_S0_S0_PKc) for SDFileSystem::SDFileSystem(PinName, PinName, PinName, PinName, const char*)
    main.o(i.__sti___8_main_cpp_sd) refers to retarget.o(i.__aeabi_atexit) for __aeabi_atexit
    main.o(i.__sti___8_main_cpp_sd) refers to main.o(i._ZN4mbed10DigitalOutC1E7PinName) for mbed::DigitalOut::DigitalOut(PinName)
    main.o(i.__sti___8_main_cpp_sd) refers to main.o(i._ZN4mbed9DigitalInC1E7PinName) for mbed::DigitalIn::DigitalIn(PinName)
    main.o(i.__sti___8_main_cpp_sd) refers to Serial.o(i._ZN4mbed6SerialC1E7PinNameS1_PKci) for mbed::Serial::Serial(PinName, PinName, const char*, int)
    main.o(i.__sti___8_main_cpp_sd) refers to main.o(.bss) for .bss
    main.o(i.__sti___8_main_cpp_sd) refers to main.o(i._ZN12SDFileSystemD1Ev) for SDFileSystem::~SDFileSystem()
    main.o(i.__sti___8_main_cpp_sd) refers to Serial.o(i._ZN4mbed6SerialD1Ev) for mbed::Serial::~Serial()
    main.o(i.main) refers to _printf_percent.o(.ARM.Collect$$_printf_percent$$00000000) for _printf_percent
    main.o(i.main) refers to _printf_d.o(.ARM.Collect$$_printf_percent$$00000009) for _printf_d
    main.o(i.main) refers to _printf_dec.o(.text) for _printf_int_dec
    main.o(i.main) refers to main.o(i._ZN4mbed10DigitalOutaSEi) for mbed::DigitalOut::operator =(int)
    main.o(i.main) refers to SerialBase.o(i._ZN4mbed10SerialBase4baudEi) for mbed::SerialBase::baud(int)
    main.o(i.main) refers to rt_memclr.o(.text) for __aeabi_memclr4
    main.o(i.main) refers to __2printf.o(.text) for __2printf
    main.o(i.main) refers to fopen.o(.text) for fopen
    main.o(i.main) refers to freadfast.o(.text) for fread
    main.o(i.main) refers to rewind.o(.text) for rewind
    main.o(i.main) refers to main.o(i._Z6layer1PSt6__FILES0_Pd) for layer1(std::__FILE*, std::__FILE*, double*)
    main.o(i.main) refers to dl_math.o(i.sigmoidMatrix) for sigmoidMatrix
    main.o(i.main) refers to dl_math.o(i.matrix_multpile) for matrix_multpile
    main.o(i.main) refers to dl_math.o(i.maxofMatrix) for maxofMatrix
    main.o(i.main) refers to fclose.o(.text) for fclose
    main.o(i.main) refers to main.o(.bss) for .bss
    main.o(.ARM.exidx) refers to main.o(i._Z6layer1PSt6__FILES0_Pd) for i._Z6layer1PSt6__FILES0_Pd
    main.o(.ARM.exidx) refers to main.o(i._Z6layer2PdPSt6__FILES_) for i._Z6layer2PdPSt6__FILES_
    main.o(.ARM.exidx) refers to main.o(i.main) for i.main
    main.o(.ARM.exidx) refers to main.o(i.__sti___8_main_cpp_sd) for i.__sti___8_main_cpp_sd
    main.o(.init_array) refers to main.o(i.__sti___8_main_cpp_sd) for __sti___8_main_cpp_sd
    main.o(.init_array) refers to init_aeabi.o(.text) for __cpp_initialize__aeabi_
    analogin_api.o(i.analogin_init) refers to mbed_pinmap_common.o(i.pinmap_peripheral) for pinmap_peripheral
    analogin_api.o(i.analogin_init) refers to mbed_assert.o(i.mbed_assert_internal) for mbed_assert_internal
    analogin_api.o(i.analogin_init) refers to aeabi_sdivfast.o(.text) for __aeabi_uidivmod
    analogin_api.o(i.analogin_init) refers to mbed_pinmap_common.o(i.pinmap_pinout) for pinmap_pinout
    analogin_api.o(i.analogin_init) refers to PeripheralPins.o(.constdata) for PinMap_ADC
    analogin_api.o(i.analogin_init) refers to analogin_api.o(.conststring) for .conststring
    analogin_api.o(i.analogin_init) refers to system_MKL46Z4.o(.data) for SystemCoreClock
    analogin_api.o(i.analogin_read) refers to fflti.o(.text) for __aeabi_ui2f
    analogin_api.o(i.analogin_read) refers to fmul.o(x$fpl$fmul) for __aeabi_fmul
    analogout_api.o(i.analogout_init) refers to mbed_pinmap_common.o(i.pinmap_peripheral) for pinmap_peripheral
    analogout_api.o(i.analogout_init) refers to mbed_assert.o(i.mbed_assert_internal) for mbed_assert_internal
    analogout_api.o(i.analogout_init) refers to mbed_pinmap_common.o(i.pinmap_pinout) for pinmap_pinout
    analogout_api.o(i.analogout_init) refers to PeripheralPins.o(.constdata) for PinMap_DAC
    analogout_api.o(i.analogout_init) refers to analogout_api.o(.conststring) for .conststring
    analogout_api.o(i.analogout_read) refers to fflti.o(.text) for __aeabi_ui2f
    analogout_api.o(i.analogout_read) refers to fmul.o(x$fpl$fmul) for __aeabi_fmul
    analogout_api.o(i.analogout_write) refers to fmul.o(x$fpl$fmul) for __aeabi_fmul
[...]
    get_fat(FATFS*, unsigned long)           0x00004915   Thumb Code   198  ff.o(i._Z7get_fatP5FATFSm)
    put_fat(FATFS*, unsigned long, unsigned long) 0x000049f9   Thumb Code   246  ff.o(i._Z7put_fatP5FATFSmm)
    SDFileSystem::disk_write(const unsigned char*, unsigned, unsigned) 0x00004ec7   Thumb Code    90  sdfilesystem.o(i._ZN12SDFileSystem10disk_writeEPKhjj)
    SDFileSystem::_sd_sectors()              0x00004f21   Thumb Code   182  sdfilesystem.o(i._ZN12SDFileSystem11_sd_sectorsEv)
    SDFileSystem::disk_status()              0x000050bd   Thumb Code    20  sdfilesystem.o(i._ZN12SDFileSystem11disk_statusEv)
    SDFileSystem::disk_sectors()             0x000050d1   Thumb Code    10  sdfilesystem.o(i._ZN12SDFileSystem12disk_sectorsEv)
    SDFileSystem::disk_initialize()          0x000050dd   Thumb Code    90  sdfilesystem.o(i._ZN12SDFileSystem15disk_initializeEv)
    SDFileSystem::initialise_card()          0x00005185   Thumb Code   110  sdfilesystem.o(i._ZN12SDFileSystem15initialise_cardEv)
    SDFileSystem::initialise_card_v1()       0x00005265   Thumb Code    68  sdfilesystem.o(i._ZN12SDFileSystem18initialise_card_v1Ev)
    SDFileSystem::initialise_card_v2()       0x000052e5   Thumb Code    92  sdfilesystem.o(i._ZN12SDFileSystem18initialise_card_v2Ev)
    SDFileSystem::_cmd(int, int)             0x00005379   Thumb Code   146  sdfilesystem.o(i._ZN12SDFileSystem4_cmdEii)
    SDFileSystem::_cmd8()                    0x00005411   Thumb Code   162  sdfilesystem.o(i._ZN12SDFileSystem5_cmd8Ev)
    SDFileSystem::_cmdx(int, int)            0x000054b9   Thumb Code   124  sdfilesystem.o(i._ZN12SDFileSystem5_cmdxEii)
    SDFileSystem::_read(unsigned char*, unsigned) 0x00005539   Thumb Code    96  sdfilesystem.o(i._ZN12SDFileSystem5_readEPhj)
    SDFileSystem::_cmd58()                   0x00005599   Thumb Code   170  sdfilesystem.o(i._ZN12SDFileSystem6_cmd58Ev)
    SDFileSystem::_write(const unsigned char*, unsigned) 0x00005649   Thumb Code   138  sdfilesystem.o(i._ZN12SDFileSystem6_writeEPKhj)
    SDFileSystem::disk_read(unsigned char*, unsigned, unsigned) 0x000056d3   Thumb Code    90  sdfilesystem.o(i._ZN12SDFileSystem9disk_readEPhjj)
    SDFileSystem::disk_sync()                0x0000572d   Thumb Code     4  sdfilesystem.o(i._ZN12SDFileSystem9disk_syncEv)
    SDFileSystem::SDFileSystem(PinName, PinName, PinName, PinName, const char*) 0x00005731   Thumb Code   104  sdfilesystem.o(i._ZN12SDFileSystemC1E7PinNameS0_S0_S0_PKc)
    SDFileSystem::SDFileSystem__sub_object(PinName, PinName, PinName, PinName, const char*) 0x00005731   Thumb Code     0  sdfilesystem.o(i._ZN12SDFileSystemC1E7PinNameS0_S0_S0_PKc)
    SDFileSystem::~SDFileSystem()            0x000057a5   Thumb Code    20  main.o(i._ZN12SDFileSystemD1Ev)
    SDFileSystem::~SDFileSystem__sub_object() 0x000057a5   Thumb Code     0  main.o(i._ZN12SDFileSystemD1Ev)
    FATFileHandle::flen()                    0x000057bd   Thumb Code     4  fatfilehandle.o(i._ZN13FATFileHandle4flenEv)
    FATFileHandle::read(void*, unsigned)     0x000057c1   Thumb Code    50  fatfilehandle.o(i._ZN13FATFileHandle4readEPvj)
    FATFileHandle::close()                   0x00005819   Thumb Code    24  fatfilehandle.o(i._ZN13FATFileHandle5closeEv)
    FATFileHandle::lseek(long, int)          0x00005831   Thumb Code    60  fatfilehandle.o(i._ZN13FATFileHandle5lseekEli)
    FATFileHandle::write(const void*, unsigned) 0x00005899   Thumb Code    32  fatfilehandle.o(i._ZN13FATFileHandle5writeEPKvj)
    FATFileHandle::isatty()                  0x000058d1   Thumb Code     4  fatfilehandle.o(i._ZN13FATFileHandle6isattyEv)
    FATFileHandle::FATFileHandle(FIL)        0x000058d5   Thumb Code    32  fatfilehandle.o(i._ZN13FATFileHandleC1E3FIL)
    FATFileHandle::FATFileHandle__sub_object(FIL) 0x000058d5   Thumb Code     0  fatfilehandle.o(i._ZN13FATFileHandleC1E3FIL)
    FATFileHandle::~FATFileHandle__deallocating() 0x000058f9   Thumb Code    12  fatfilehandle.o(i._ZN13FATFileHandleD0Ev)
    FATFileSystem::disk_status()             0x00005905   Thumb Code     4  fatfilesystem.o(i._ZN13FATFileSystem11disk_statusEv)
    FATFileSystem::disk_initialize()         0x00005909   Thumb Code     4  fatfilesystem.o(i._ZN13FATFileSystem15disk_initializeEv)
    FATFileSystem::open(const char*, int)    0x0000590d   Thumb Code   172  fatfilesystem.o(i._ZN13FATFileSystem4openEPKci)
    FATFileSystem::disk_sync()               0x00005a01   Thumb Code     4  fatfilesystem.o(i._ZN13FATFileSystem9disk_syncEv)
    FATFileSystem::FATFileSystem__sub_object(const char*) 0x00005a05   Thumb Code   104  fatfilesystem.o(i._ZN13FATFileSystemC2EPKc)
    FATFileSystem::~FATFileSystem()          0x00005ae1   Thumb Code     0  fatfilesystem.o(i._ZN13FATFileSystemD2Ev)
    FATFileSystem::~FATFileSystem__sub_object() 0x00005ae1   Thumb Code    54  fatfilesystem.o(i._ZN13FATFileSystemD2Ev)
    mbed::DigitalOut::DigitalOut(PinName)    0x00005b21   Thumb Code    24  main.o(i._ZN4mbed10DigitalOutC1E7PinName)
    mbed::DigitalOut::DigitalOut__sub_object(PinName) 0x00005b21   Thumb Code     0  main.o(i._ZN4mbed10DigitalOutC1E7PinName)
    mbed::DigitalOut::operator =(int)        0x00005b39   Thumb Code    42  main.o(i._ZN4mbed10DigitalOutaSEi)
    mbed::FileHandle::flen()                 0x00005bbd   Thumb Code    80  retarget.o(i._ZN4mbed10FileHandle4flenEv)
    mbed::FileHandle::lock()                 0x00005c0d   Thumb Code     2  retarget.o(i._ZN4mbed10FileHandle4lockEv)
    mbed::FileHandle::unlock()               0x00005c0f   Thumb Code     2  retarget.o(i._ZN4mbed10FileHandle6unlockEv)
    mbed::FileHandle::~FileHandle()          0x00005c11   Thumb Code     0  retarget.o(i._ZN4mbed10FileHandleD2Ev)
    mbed::FileHandle::~FileHandle__sub_object() 0x00005c11   Thumb Code   100  retarget.o(i._ZN4mbed10FileHandleD2Ev)
    mbed::SerialBase::_base_getc()           0x00005c89   Thumb Code    10  SerialBase.o(i._ZN4mbed10SerialBase10_base_getcEv)
    mbed::SerialBase::_base_putc(int)        0x00005c93   Thumb Code    14  SerialBase.o(i._ZN4mbed10SerialBase10_base_putcEi)
    mbed::SerialBase::_irq_handler(unsigned, SerialIrq) 0x00005ca1   Thumb Code    36  SerialBase.o(i._ZN4mbed10SerialBase12_irq_handlerEj9SerialIrq)
    mbed::SerialBase::baud(int)              0x00005ccd   Thumb Code    34  SerialBase.o(i._ZN4mbed10SerialBase4baudEi)
    mbed::SerialBase::lock()                 0x00005cef   Thumb Code     2  SerialBase.o(i._ZN4mbed10SerialBase4lockEv)
    mbed::SerialBase::unlock()               0x00005cf1   Thumb Code     2  SerialBase.o(i._ZN4mbed10SerialBase6unlockEv)
    mbed::SerialBase::SerialBase(PinName, PinName, int) 0x00005cf5   Thumb Code   102  SerialBase.o(i._ZN4mbed10SerialBaseC1E7PinNameS1_i)
    mbed::SerialBase::SerialBase__sub_object(PinName, PinName, int) 0x00005cf5   Thumb Code     0  SerialBase.o(i._ZN4mbed10SerialBaseC1E7PinNameS1_i)
    mbed::FileSystemLike::FileSystemLike__sub_object(const char*) 0x00005d71   Thumb Code    14  FileSystemLike.o(i._ZN4mbed14FileSystemLikeC2EPKc)
    mbed::FileSystemLike::~FileSystemLike()  0x00005d85   Thumb Code     0  FileSystemLike.o(i._ZN4mbed14FileSystemLikeD2Ev)
    mbed::FileSystemLike::~FileSystemLike__sub_object() 0x00005d85   Thumb Code     8  FileSystemLike.o(i._ZN4mbed14FileSystemLikeD2Ev)
    mbed::mbed_set_unbuffered_stream(std::__FILE*) 0x00005d8d   Thumb Code    10  retarget.o(i._ZN4mbed26mbed_set_unbuffered_streamEPSt6__FILE)
    mbed::SPI::lock()                        0x00005d99   Thumb Code    32  SPI.o(i._ZN4mbed3SPI4lockEv)
    mbed::SPI::write(int)                    0x00005dc5   Thumb Code    82  SPI.o(i._ZN4mbed3SPI5writeEi)
    mbed::SPI::unlock()                      0x00005e1d   Thumb Code    32  SPI.o(i._ZN4mbed3SPI6unlockEv)
    mbed::SPI::frequency(int)                0x00005e49   Thumb Code    76  SPI.o(i._ZN4mbed3SPI9frequencyEi)
    mbed::SPI::SPI(PinName, PinName, PinName, PinName) 0x00005e99   Thumb Code    82  SPI.o(i._ZN4mbed3SPIC1E7PinNameS1_S1_S1_)
    mbed::SPI::SPI__sub_object(PinName, PinName, PinName, PinName) 0x00005e99   Thumb Code     0  SPI.o(i._ZN4mbed3SPIC1E7PinNameS1_S1_S1_)
    mbed::Serial::lock()                     0x00005ef9   Thumb Code     2  Serial.o(i._ZN4mbed6Serial4lockEv)
    mbed::Serial::unlock()                   0x00005efb   Thumb Code     2  Serial.o(i._ZN4mbed6Serial6unlockEv)
    mbed::Serial::Serial(PinName, PinName, const char*, int) 0x00005efd   Thumb Code    34  Serial.o(i._ZN4mbed6SerialC1E7PinNameS1_PKci)
    mbed::Serial::Serial__sub_object(PinName, PinName, const char*, int) 0x00005efd   Thumb Code     0  Serial.o(i._ZN4mbed6SerialC1E7PinNameS1_PKci)
    mbed::Serial::~Serial()                  0x00005f2d   Thumb Code    44  Serial.o(i._ZN4mbed6SerialD1Ev)
    mbed::Serial::~Serial__sub_object()      0x00005f2d   Thumb Code     0  Serial.o(i._ZN4mbed6SerialD1Ev)
    mbed::Stream::flen()                     0x00005f6d   Thumb Code     4  Stream.o(i._ZN4mbed6Stream4flenEv)
    mbed::Stream::read(void*, unsigned)      0x00005f71   Thumb Code    54  Stream.o(i._ZN4mbed6Stream4readEPvj)
    mbed::Stream::close()                    0x00005fa7   Thumb Code     4  Stream.o(i._ZN4mbed6Stream5closeEv)
    mbed::Stream::lseek(long, int)           0x00005fab   Thumb Code     4  Stream.o(i._ZN4mbed6Stream5lseekEli)
    mbed::Stream::write(const void*, unsigned) 0x00005faf   Thumb Code    54  Stream.o(i._ZN4mbed6Stream5writeEPKvj)
    mbed::Stream::isatty()                   0x00005fe5   Thumb Code     4  Stream.o(i._ZN4mbed6Stream6isattyEv)
    mbed::Stream::Stream__sub_object(const char*) 0x00005fe9   Thumb Code    52  Stream.o(i._ZN4mbed6StreamC2EPKc)
    mbed::Stream::~Stream()                  0x0000602d   Thumb Code     0  Stream.o(i._ZN4mbed6StreamD2Ev)
    mbed::Stream::~Stream__sub_object()      0x0000602d   Thumb Code    26  Stream.o(i._ZN4mbed6StreamD2Ev)
    mbed::FileBase::getPathType()            0x00006051   Thumb Code     4  FileBase.o(i._ZN4mbed8FileBase11getPathTypeEv)
    mbed::FileBase::lookup(const char*, unsigned) 0x00006055   Thumb Code    96  FileBase.o(i._ZN4mbed8FileBase6lookupEPKcj)
    mbed::FileBase::getName()                0x000060c5   Thumb Code     4  FileBase.o(i._ZN4mbed8FileBase7getNameEv)
    mbed::FileBase::FileBase(const char*, mbed::PathType) 0x000060c9   Thumb Code    50  FileBase.o(i._ZN4mbed8FileBaseC1EPKcNS_8PathTypeE)
    mbed::FileBase::FileBase__sub_object(const char*, mbed::PathType) 0x000060c9   Thumb Code     0  FileBase.o(i._ZN4mbed8FileBaseC1EPKcNS_8PathTypeE)
    mbed::FileBase::~FileBase()              0x00006109   Thumb Code    62  FileBase.o(i._ZN4mbed8FileBaseD1Ev)
    mbed::FileBase::~FileBase__sub_object()  0x00006109   Thumb Code     0  FileBase.o(i._ZN4mbed8FileBaseD1Ev)
    mbed::FileLike::FileLike__sub_object(const char*) 0x00006155   Thumb Code    24  FileLike.o(i._ZN4mbed8FileLikeC2EPKc)
    mbed::FileLike::~FileLike()              0x00006179   Thumb Code     0  FileLike.o(i._ZN4mbed8FileLikeD2Ev)
    mbed::FileLike::~FileLike__sub_object()  0x00006179   Thumb Code    16  FileLike.o(i._ZN4mbed8FileLikeD2Ev)
    mbed::FilePath::fileSystem()             0x00006189   Thumb Code    26  FilePath.o(i._ZN4mbed8FilePath10fileSystemEv)
    mbed::FilePath::file()                   0x000061a3   Thumb Code    32  FilePath.o(i._ZN4mbed8FilePath4fileEv)
    mbed::FilePath::exists()                 0x000061c3   Thumb Code    10  FilePath.o(i._ZN4mbed8FilePath6existsEv)
    mbed::FilePath::isFile()                 0x000061cd   Thumb Code    24  FilePath.o(i._ZN4mbed8FilePath6isFileEv)
    mbed::FilePath::fileName()               0x000061e5   Thumb Code     4  FilePath.o(i._ZN4mbed8FilePath8fileNameEv)
    mbed::FilePath::FilePath(const char*)    0x000061e9   Thumb Code    68  FilePath.o(i._ZN4mbed8FilePathC1EPKc)
    mbed::FilePath::FilePath__sub_object(const char*) 0x000061e9   Thumb Code     0  FilePath.o(i._ZN4mbed8FilePathC1EPKc)
    mbed::DigitalIn::DigitalIn(PinName)      0x0000622d   Thumb Code    24  main.o(i._ZN4mbed9DigitalInC1E7PinName)
    mbed::DigitalIn::DigitalIn__sub_object(PinName) 0x0000622d   Thumb Code     0  main.o(i._ZN4mbed9DigitalInC1E7PinName)
    thunk{-48} to mbed::Serial::lock()       0x00006247   Thumb Code     2  Serial.o(i._ZThn48_N4mbed6Serial4lockEv)
    thunk{-48} to mbed::Serial::_getc()      0x00006249   Thumb Code    10  Serial.o(i._ZThn48_N4mbed6Serial5_getcEv)
    thunk{-48} to mbed::Serial::_putc(int)   0x00006253   Thumb Code    10  Serial.o(i._ZThn48_N4mbed6Serial5_putcEi)
    thunk{-48} to mbed::Serial::unlock()     0x0000625d   Thumb Code     2  Serial.o(i._ZThn48_N4mbed6Serial6unlockEv)
    operator delete (void*)                  0x0000625f   Thumb Code    14  retarget.o(i._ZdlPv)
    operator new(unsigned)                   0x0000626d   Thumb Code    20  retarget.o(i._Znwj)
    __ARM_common_ll_muluu                    0x000062a1   Thumb Code    48  btod.o(i.__ARM_common_ll_muluu)
    __ARM_fpclassify                         0x000062d1   Thumb Code    40  fpclassify.o(i.__ARM_fpclassify)
    __aeabi_atexit                           0x000062fd   Thumb Code     4  retarget.o(i.__aeabi_atexit)
    __aeabi_vec_ctor_nocookie_nodtor         0x00006301   Thumb Code    34  aeabi_vec_ctor_nocookie_nodtor.o(i.__aeabi_vec_ctor_nocookie_nodtor)
    __cxa_pure_virtual                       0x00006323   Thumb Code    10  pure_virt.o(i.__cxa_pure_virtual)
    __kernel_poly                            0x0000632d   Thumb Code   172  poly.o(i.__kernel_poly)
    __mathlib_dbl_infnan                     0x000063d9   Thumb Code    10  dunder.o(i.__mathlib_dbl_infnan)
    __mathlib_dbl_overflow                   0x000063e5   Thumb Code    16  dunder.o(i.__mathlib_dbl_overflow)
    __mathlib_dbl_underflow                  0x000063f9   Thumb Code    14  dunder.o(i.__mathlib_dbl_underflow)
    __user_setup_stackheap                   0x00006499   Thumb Code    10  sys.o(i.__user_setup_stackheap)
    _is_digit                                0x000064a9   Thumb Code    14  __printf_wp.o(i._is_digit)
    _platform_post_stackheap_init            0x000064b7   Thumb Code     8  retarget.o(i._platform_post_stackheap_init)
    _sys_close                               0x000064c1   Thumb Code    38  retarget.o(i._sys_close)
    _sys_flen                                0x000064ed   Thumb Code    34  retarget.o(i._sys_flen)
    _sys_istty                               0x00006515   Thumb Code    34  retarget.o(i._sys_istty)
    _sys_open                                0x0000653d   Thumb Code   418  retarget.o(i._sys_open)
    _sys_read                                0x00006709   Thumb Code    82  retarget.o(i._sys_read)
    _sys_seek                                0x00006769   Thumb Code    36  retarget.o(i._sys_seek)
    _sys_write                               0x00006791   Thumb Code    94  retarget.o(i._sys_write)
    core_util_critical_section_enter         0x000067fd   Thumb Code    72  mbed_critical.o(i.core_util_critical_section_enter)
    core_util_critical_section_exit          0x00006889   Thumb Code    58  mbed_critical.o(i.core_util_critical_section_exit)
    disk_initialize                          0x000068e1   Thumb Code    30  diskio.o(i.disk_initialize)
    disk_ioctl                               0x00006925   Thumb Code    90  diskio.o(i.disk_ioctl)
    disk_read                                0x00006995   Thumb Code    46  diskio.o(i.disk_read)
    disk_status                              0x000069f9   Thumb Code    30  diskio.o(i.disk_status)
    disk_write                               0x00006a39   Thumb Code    46  diskio.o(i.disk_write)
    error                                    0x00006a9d   Thumb Code    18  mbed_error.o(i.error)
    exit                                     0x00006ab1   Thumb Code    36  retarget.o(i.exit)
    exp                                      0x00006add   Thumb Code   542  exp.o(i.exp)
    f_close                                  0x00006d59   Thumb Code    28  ff.o(i.f_close)
    f_lseek                                  0x00006d75   Thumb Code   332  ff.o(i.f_lseek)
    f_mount                                  0x00006ec1   Thumb Code    74  ff.o(i.f_mount)
    f_open                                   0x00006f11   Thumb Code   320  ff.o(i.f_open)
    f_read                                   0x00007055   Thumb Code   332  ff.o(i.f_read)
    f_sync                                   0x000071a1   Thumb Code   152  ff.o(i.f_sync)
    f_write                                  0x00007239   Thumb Code   408  ff.o(i.f_write)
    ff_convert                               0x000073d1   Thumb Code    52  ccsbcs.o(i.ff_convert)
    ff_wtoupper                              0x00007409   Thumb Code    72  ccsbcs.o(i.ff_wtoupper)
    fputc                                    0x00007459   Thumb Code    30  fputc.o(i.fputc)
    get_fattime                              0x00007477   Thumb Code    66  fatfilesystem.o(i.get_fattime)
    gpio_dir                                 0x000074b9   Thumb Code    54  gpio_api.o(i.gpio_dir)
    gpio_init                                0x0000750d   Thumb Code    56  gpio_api.o(i.gpio_init)
    gpio_init_in                             0x00007549   Thumb Code    34  mbed_gpio.o(i.gpio_init_in)
    gpio_init_out                            0x0000756d   Thumb Code    56  mbed_gpio.o(i.gpio_init_out)
    gpio_init_out_ex                         0x000075ad   Thumb Code    66  mbed_gpio.o(i.gpio_init_out_ex)
    gpio_mode                                0x0000760d   Thumb Code    14  gpio_api.o(i.gpio_mode)
    $Super$$main                             0x00007785   Thumb Code   306  main.o(i.main)
    matrix_multpile                          0x00007a21   Thumb Code   114  dl_math.o(i.matrix_multpile)
    maxofMatrix                              0x00007a93   Thumb Code    64  dl_math.o(i.maxofMatrix)
    mbed_assert_internal                     0x00007ad5   Thumb Code    30  mbed_assert.o(i.mbed_assert_internal)
    mbed_die                                 0x00007b29   Thumb Code    80  mbed_board.o(i.mbed_die)
    mbed_error_printf                        0x00007b99   Thumb Code    78  mbed_board.o(i.mbed_error_printf)
    mbed_error_vfprintf                      0x00007bf1   Thumb Code    70  mbed_board.o(i.mbed_error_vfprintf)
    mbed_interface_connected                 0x00007c41   Thumb Code     8  mbed_interface.o(i.mbed_interface_connected)
    mbed_main                                0x00007c49   Thumb Code     2  retarget.o(i.mbed_main)
    mbed_sdk_init                            0x00007c4b   Thumb Code     2  retarget.o(i.mbed_sdk_init)
    pin_function                             0x00007c4d   Thumb Code    68  pinmap.o(i.pin_function)
    pin_mode                                 0x00007cb1   Thumb Code    36  pinmap.o(i.pin_mode)
    pinmap_merge                             0x00007cf1   Thumb Code    30  mbed_pinmap_common.o(i.pinmap_merge)
    pinmap_peripheral                        0x00007d25   Thumb Code    60  mbed_pinmap_common.o(i.pinmap_peripheral)
    pinmap_pinout                            0x00007d81   Thumb Code    62  mbed_pinmap_common.o(i.pinmap_pinout)
    rtc_init                                 0x00007dd5   Thumb Code    48  rtc_api.o(i.rtc_init)
    rtc_isenabled                            0x00007e09   Thumb Code    40  rtc_api.o(i.rtc_isenabled)
    rtc_read                                 0x00007e39   Thumb Code     6  rtc_api.o(i.rtc_read)
    rtc_write                                0x00007e45   Thumb Code    26  rtc_api.o(i.rtc_write)
    semihost_connected                       0x00007e65   Thumb Code     6  mbed_semihost_api.o(i.semihost_connected)
    semihost_exit                            0x00007e71   Thumb Code    12  mbed_semihost_api.o(i.semihost_exit)
    serial_baud                              0x00007e7d   Thumb Code   352  serial_api.o(i.serial_baud)
    serial_format                            0x00007ffd   Thumb Code   148  serial_api.o(i.serial_format)
    serial_getc                              0x000080d1   Thumb Code    36  serial_api.o(i.serial_getc)
    serial_init                              0x000080f5   Thumb Code   332  serial_api.o(i.serial_init)
    serial_irq_handler                       0x00008281   Thumb Code    14  serial_api.o(i.serial_irq_handler)
    serial_putc                              0x00008299   Thumb Code    36  serial_api.o(i.serial_putc)
    sigmoid                                  0x000082bd   Thumb Code    36  dl_math.o(i.sigmoid)
    sigmoidMatrix                            0x000082e5   Thumb Code    42  dl_math.o(i.sigmoidMatrix)
    spi_format                               0x00008311   Thumb Code   110  spi_api.o(i.spi_format)
    spi_frequency                            0x000083bd   Thumb Code   130  spi_api.o(i.spi_frequency)
    spi_init                                 0x00008449   Thumb Code   204  spi_api.o(i.spi_init)
    spi_master_write                         0x00008549   Thumb Code    70  spi_api.o(i.spi_master_write)
    ticker_irq_handler                       0x0000858f   Thumb Code    74  mbed_ticker_api.o(i.ticker_irq_handler)
    time                                     0x000085d9   Thumb Code   166  mbed_rtc_time.o(i.time)
    us_ticker_clear_interrupt                0x00008691   Thumb Code     2  us_ticker.o(i.us_ticker_clear_interrupt)
    us_ticker_disable_interrupt              0x00008695   Thumb Code    12  us_ticker.o(i.us_ticker_disable_interrupt)
    us_ticker_init                           0x000086a5   Thumb Code   388  us_ticker.o(i.us_ticker_init)
    us_ticker_irq_handler                    0x00008861   Thumb Code    10  mbed_us_ticker_api.o(i.us_ticker_irq_handler)
    us_ticker_read                           0x00008871   Thumb Code    22  us_ticker.o(i.us_ticker_read)
    us_ticker_set_interrupt                  0x00008891   Thumb Code    98  us_ticker.o(i.us_ticker_set_interrupt)
    vector_multpile                          0x00008905   Thumb Code    54  dl_math.o(i.vector_multpile)
    wait_ms                                  0x0000893b   Thumb Code    28  mbed_wait_api_no_rtos.o(i.wait_ms)
    _get_lc_numeric                          0x00008959   Thumb Code    44  lc_numeric_c.o(locale$$code)
    _get_lc_ctype                            0x00008985   Thumb Code    44  lc_ctype_c.o(locale$$code)
    SingletonPtr<PlatformMutex>::operator ->() 0x000089b1   Thumb Code    36  FileBase.o(t._ZN12SingletonPtrI13PlatformMutexEptEv)
    void mbed::Callback<void()>::function_call<void(*)()>(const void*) 0x000089dd   Thumb Code     4  SerialBase.o(t._ZN4mbed8CallbackIFvvEE13function_callIPS1_EEvPKv)
    void mbed::Callback<void()>::function_dtor<void(*)()>(void*) 0x000089e1   Thumb Code     2  SerialBase.o(t._ZN4mbed8CallbackIFvvEE13function_dtorIPS1_EEvPv)
    void mbed::Callback<void()>::function_move<void(*)()>(void*, const void*) 0x000089e3   Thumb Code    10  SerialBase.o(t._ZN4mbed8CallbackIFvvEE13function_moveIPS1_EEvPvPKv)
    mbed::Callback<void()>::~Callback()      0x000089ed   Thumb Code    20  Serial.o(t._ZN4mbed8CallbackIFvvEED1Ev)
    mbed::Callback<void()>::~Callback__sub_object() 0x000089ed   Thumb Code     0  Serial.o(t._ZN4mbed8CallbackIFvvEED1Ev)
    __aeabi_cdcmple                          0x00008a01   Thumb Code     0  dlef.o(x$fpl$dleqf)
    _dcmple                                  0x00008a01   Thumb Code    94  dlef.o(x$fpl$dleqf)
    __aeabi_cdrcmple                         0x00008a65   Thumb Code     0  drlef.o(x$fpl$drleqf)
    _drcmple                                 0x00008a65   Thumb Code   100  drlef.o(x$fpl$drleqf)
    _printf_fp_dec                           0x00008acd   Thumb Code    16  printf1.o(x$fpl$printf1)
    _printf_fp_hex                           0x00008add   Thumb Code    16  printf2.o(x$fpl$printf2)
    PinMap_RTC                               0x00008aec   Data          12  PeripheralPins.o(.constdata)
    __I$use$fp                               0x00008aec   Number         0  usenofp.o(x$fpl$usenofp)
    PinMap_UART_TX                           0x00008af8   Data         132  PeripheralPins.o(.constdata)
    PinMap_UART_RX                           0x00008b7c   Data         132  PeripheralPins.o(.constdata)
    __stdin_name                             0x00008c00   Data           7  retarget.o(.constdata)
    __stdout_name                            0x00008c07   Data           8  retarget.o(.constdata)
    __stderr_name                            0x00008c0f   Data           8  retarget.o(.constdata)
    _monlen                                  0x0000991e   Data          12  _monlen.o(.constdata)
    vtable for SDFileSystem                  0x000099c0   Data          72  sdfilesystem.o(.constdata__ZTV12SDFileSystem)
    vtable for FATFileHandle                 0x00009a08   Data          52  fatfilehandle.o(.constdata__ZTV13FATFileHandle)
    vtable for FATFileSystem                 0x00009a3c   Data          72  fatfilesystem.o(.constdata__ZTV13FATFileSystem)
    vtable for mbed::FileHandle              0x00009a84   Data          52  retarget.o(.constdata__ZTVN4mbed10FileHandleE)
    vtable for mbed::SerialBase              0x00009ab8   Data          24  SerialBase.o(.constdata__ZTVN4mbed10SerialBaseE)
    vtable for mbed::FileSystemLike          0x00009ad0   Data          36  FileSystemLike.o(.constdata__ZTVN4mbed14FileSystemLikeE)
    vtable for mbed::SPI                     0x00009af4   Data          28  SPI.o(.constdata__ZTVN4mbed3SPIE)
    vtable for mbed::Serial                  0x00009b10   Data         108  Serial.o(.constdata__ZTVN4mbed6SerialE)
    vtable for mbed::Stream                  0x00009b7c   Data          76  Stream.o(.constdata__ZTVN4mbed6StreamE)
    vtable for mbed::FileBase                0x00009bc8   Data          16  FileBase.o(.constdata__ZTVN4mbed8FileBaseE)
    vtable for mbed::FileLike                0x00009bd8   Data          68  FileLike.o(.constdata__ZTVN4mbed8FileLikeE)
    SingletonPtr<PlatformMutex>::get()::string 0x00009c1c   Data          20  retarget.o(.constdata__ZZN12SingletonPtrI13PlatformMutexE3getEvEs)
    SingletonPtr<PlatformMutex>::get()::string (instance 2) 0x00009c30   Data          77  retarget.o(.constdata__ZZN12SingletonPtrI13PlatformMutexE3getEvEs_0)
    void mbed::Callback<void()>::generate<void(*)()>(const T1&)::ops 0x00009c80   Data          12  SerialBase.o(.constdata__ZZN4mbed8CallbackIFvvEE8generateIPS1_EEvRKT_E3ops)
    mbed::Callback<void()>::call() const::string 0x00009c8c   Data           5  SerialBase.o(.constdata__ZZNK4mbed8CallbackIFvvEE4callEvEs)
    mbed::Callback<void()>::call() const::string (instance 2) 0x00009c91   Data          73  SerialBase.o(.constdata__ZZNK4mbed8CallbackIFvvEE4callEvEs_0)
    Region$$Table$$Base                      0x00009f64   Number         0  anon$$obj.o(Region$$Table)
    Region$$Table$$Limit                     0x00009f84   Number         0  anon$$obj.o(Region$$Table)
    __ctype                                  0x00009fad   Data           0  lc_ctype_c.o(locale$$data)
    SHT$$INIT_ARRAY$$Base                    0x0000a0b0   Number         0  main.o(.init_array)
    SHT$$INIT_ARRAY$$Limit                   0x0000a0b4   Number         0  init_aeabi.o(.init_array)
    stdio_uart_inited                        0x1fffe0c8   Data           4  serial_api.o(.data)
    stdio_uart                               0x1fffe0d0   Data           8  serial_api.o(.data)
    SystemCoreClock                          0x1fffe0d8   Data           4  system_MKL46Z4.o(.data)
    FATFileSystem::_ffs                      0x1fffe0e8   Data           4  fatfilesystem.o(.data)
    mbed::FileBase::_head                    0x1fffe0f4   Data           4  FileBase.o(.data)
    mbed::FileBase::_mutex                   0x1fffe0f8   Data           8  FileBase.o(.data)
    mbed::SPI::_owner                        0x1fffe100   Data           4  SPI.o(.data)
    mbed::SPI::_mutex                        0x1fffe104   Data           8  SPI.o(.data)
    __aeabi_stdin                            0x1fffe138   Data           4  stdio_streams.o(.data)
    __aeabi_stdout                           0x1fffe13c   Data           4  stdio_streams.o(.data)
    __aeabi_stderr                           0x1fffe140   Data           4  stdio_streams.o(.data)
    sd                                       0x1fffe148   Data         644  main.o(.bss)
    led_red                                  0x1fffe3cc   Data          24  main.o(.bss)
    led_green                                0x1fffe3e4   Data          24  main.o(.bss)
    sw2                                      0x1fffe3fc   Data          24  main.o(.bss)
    sw3                                      0x1fffe414   Data          24  main.o(.bss)
    pc                                       0x1fffe42c   Data          76  main.o(.bss)
    __stdin                                  0x1fffe6c4   Data          84  stdio_streams.o(.bss)
    __stdout                                 0x1fffe718   Data          84  stdio_streams.o(.bss)
    __stderr                                 0x1fffe76c   Data          84  stdio_streams.o(.bss)
    Image$$RW_IRAM1$$ZI$$Limit               0x1fffe808   Number         0  anon$$obj.o ABSOLUTE



==============================================================================

Memory Map of the image

  Image Entry point : 0x000000c1

  Load Region LR_IROM1 (Base: 0x00000000, Size: 0x0000a13c, Max: 0x00040000, ABSOLUTE)

    Execution Region ER_IROM1 (Base: 0x00000000, Size: 0x0000a0b4, Max: 0x00040000, ABSOLUTE)

    Base Addr    Size         Type   Attr      Idx    E Section Name        Object

    0x00000000   0x000000c0   Data   RO          835    RESET               startup_MKL46Z4.o
    0x000000c0   0x00000008   Code   RO         2726  * !!!main             c_p.l(__main.o)
    0x000000c8   0x0000003c   Code   RO         3414    !!!scatter          c_p.l(__scatter.o)
    0x00000104   0x0000001a   Code   RO         3416    !!handler_copy      c_p.l(__scatter_copy.o)
    0x0000011e   0x00000002   PAD
    0x00000120   0x0000001c   Code   RO         3418    !!handler_zi        c_p.l(__scatter_zi.o)
    0x0000013c   0x00000002   Code   RO         2656    .ARM.Collect$$_printf_percent$$00000000  c_p.l(_printf_percent.o)
    0x0000013e   0x0000000a   Code   RO         2947    .ARM.Collect$$_printf_percent$$00000001  c_p.l(_printf_n.o)
    0x00000148   0x0000000a   Code   RO         2654    .ARM.Collect$$_printf_percent$$00000002  c_p.l(_printf_p.o)
    0x00000152   0x0000000a   Code   RO         2952    .ARM.Collect$$_printf_percent$$00000003  c_p.l(_printf_f.o)
    0x0000015c   0x0000000a   Code   RO         2953    .ARM.Collect$$_printf_percent$$00000004  c_p.l(_printf_e.o)
    0x00000166   0x0000000a   Code   RO         2954    .ARM.Collect$$_printf_percent$$00000005  c_p.l(_printf_g.o)
    0x00000170   0x0000000a   Code   RO         2955    .ARM.Collect$$_printf_percent$$00000006  c_p.l(_printf_a.o)
    0x0000017a   0x0000000a   Code   RO         2960    .ARM.Collect$$_printf_percent$$00000007  c_p.l(_printf_ll.o)
    0x00000184   0x0000000a   Code   RO         2950    .ARM.Collect$$_printf_percent$$00000008  c_p.l(_printf_i.o)
    0x0000018e   0x0000000a   Code   RO         2655    .ARM.Collect$$_printf_percent$$00000009  c_p.l(_printf_d.o)
    0x00000198   0x0000000a   Code   RO         2951    .ARM.Collect$$_printf_percent$$0000000A  c_p.l(_printf_u.o)
    0x000001a2   0x0000000a   Code   RO         2949    .ARM.Collect$$_printf_percent$$0000000B  c_p.l(_printf_o.o)
    0x000001ac   0x0000000a   Code   RO         2948    .ARM.Collect$$_printf_percent$$0000000C  c_p.l(_printf_x.o)
    0x000001b6   0x0000000a   Code   RO         2957    .ARM.Collect$$_printf_percent$$0000000D  c_p.l(_printf_lli.o)
    0x000001c0   0x0000000a   Code   RO         2958    .ARM.Collect$$_printf_percent$$0000000E  c_p.l(_printf_lld.o)
    0x000001ca   0x0000000a   Code   RO         2959    .ARM.Collect$$_printf_percent$$0000000F  c_p.l(_printf_llu.o)
    0x000001d4   0x0000000a   Code   RO         2964    .ARM.Collect$$_printf_percent$$00000010  c_p.l(_printf_llo.o)
    0x000001de   0x0000000a   Code   RO         2965    .ARM.Collect$$_printf_percent$$00000011  c_p.l(_printf_llx.o)
    0x000001e8   0x0000000a   Code   RO         2961    .ARM.Collect$$_printf_percent$$00000012  c_p.l(_printf_l.o)
    0x000001f2   0x0000000a   Code   RO         2946    .ARM.Collect$$_printf_percent$$00000013  c_p.l(_printf_c.o)
    0x000001fc   0x0000000a   Code   RO         2653    .ARM.Collect$$_printf_percent$$00000014  c_p.l(_printf_s.o)
    0x00000206   0x0000000a   Code   RO         2962    .ARM.Collect$$_printf_percent$$00000015  c_p.l(_printf_lc.o)
    0x00000210   0x0000000a   Code   RO         2963    .ARM.Collect$$_printf_percent$$00000016  c_p.l(_printf_ls.o)
    0x0000021a   0x00000004   Code   RO         2956    .ARM.Collect$$_printf_percent$$00000017  c_p.l(_printf_percent_end.o)
    0x0000021e   0x00000002   Code   RO         3327    .ARM.Collect$$libinit$$00000000  c_p.l(libinit.o)
    0x00000220   0x00000000   Code   RO         3022    .ARM.Collect$$libinit$$00000002  c_p.l(libinit2.o)
    0x00000220   0x00000000   Code   RO         3024    .ARM.Collect$$libinit$$00000004  c_p.l(libinit2.o)
    0x00000220   0x00000008   Code   RO         3025    .ARM.Collect$$libinit$$00000005  c_p.l(libinit2.o)
    0x00000228   0x00000000   Code   RO         3027    .ARM.Collect$$libinit$$0000000A  c_p.l(libinit2.o)
    0x00000228   0x00000000   Code   RO         3029    .ARM.Collect$$libinit$$0000000C  c_p.l(libinit2.o)
    0x00000228   0x00000000   Code   RO         3031    .ARM.Collect$$libinit$$0000000E  c_p.l(libinit2.o)
    0x00000228   0x00000006   Code   RO         3032    .ARM.Collect$$libinit$$0000000F  c_p.l(libinit2.o)
    0x0000022e   0x00000000   Code   RO         3034    .ARM.Collect$$libinit$$00000011  c_p.l(libinit2.o)
    0x0000022e   0x0000000c   Code   RO         3035    .ARM.Collect$$libinit$$00000012  c_p.l(libinit2.o)
    0x0000023a   0x00000000   Code   RO         3036    .ARM.Collect$$libinit$$00000013  c_p.l(libinit2.o)
    0x0000023a   0x00000000   Code   RO         3038    .ARM.Collect$$libinit$$00000015  c_p.l(libinit2.o)
    0x0000023a   0x0000000a   Code   RO         3039    .ARM.Collect$$libinit$$00000016  c_p.l(libinit2.o)
    0x00000244   0x00000000   Code   RO         3040    .ARM.Collect$$libinit$$00000017  c_p.l(libinit2.o)
    0x00000244   0x00000000   Code   RO         3042    .ARM.Collect$$libinit$$00000019  c_p.l(libinit2.o)
    0x00000244   0x00000000   Code   RO         3044    .ARM.Collect$$libinit$$0000001B  c_p.l(libinit2.o)
    0x00000244   0x00000000   Code   RO         3046    .ARM.Collect$$libinit$$0000001D  c_p.l(libinit2.o)
    0x00000244   0x00000000   Code   RO         3048    .ARM.Collect$$libinit$$0000001F  c_p.l(libinit2.o)
    0x00000244   0x00000000   Code   RO         3050    .ARM.Collect$$libinit$$00000021  c_p.l(libinit2.o)
    0x00000244   0x00000000   Code   RO         3052    .ARM.Collect$$libinit$$00000023  c_p.l(libinit2.o)
    0x00000244   0x00000004   Code   RO         3053    .ARM.Collect$$libinit$$00000024  c_p.l(libinit2.o)
    0x00000248   0x00000000   Code   RO         3054    .ARM.Collect$$libinit$$00000025  c_p.l(libinit2.o)
    0x00000248   0x00000000   Code   RO         3058    .ARM.Collect$$libinit$$0000002C  c_p.l(libinit2.o)
    0x00000248   0x00000000   Code   RO         3060    .ARM.Collect$$libinit$$0000002E  c_p.l(libinit2.o)
    0x00000248   0x00000000   Code   RO         3062    .ARM.Collect$$libinit$$00000030  c_p.l(libinit2.o)
    0x00000248   0x00000004   Code   RO         3063    .ARM.Collect$$libinit$$00000031  c_p.l(libinit2.o)
    0x0000024c   0x00000000   Code   RO         3064    .ARM.Collect$$libinit$$00000032  c_p.l(libinit2.o)
    0x0000024c   0x00000002   Code   RO         3065    .ARM.Collect$$libinit$$00000033  c_p.l(libinit2.o)
    0x0000024e   0x00000000   Code   RO         3241    .ARM.Collect$$libshutdown$$00000004  c_p.l(libshutdown2.o)
    0x0000024e   0x00000000   Code   RO         2887    .ARM.Collect$$rtentry$$00000000  c_p.l(__rtentry.o)
    0x0000024e   0x00000000   Code   RO         3130    .ARM.Collect$$rtentry$$00000002  c_p.l(__rtentry2.o)
    0x0000024e   0x00000006   Code   RO         3142    .ARM.Collect$$rtentry$$00000004  c_p.l(__rtentry4.o)
    0x00000254   0x00000008   Code   RO         3131    .ARM.Collect$$rtentry$$00000008  c_p.l(__rtentry2.o)
    0x0000025c   0x00000004   Code   RO         3133    .ARM.Collect$$rtentry$$0000000A  c_p.l(__rtentry2.o)
    0x00000260   0x00000000   Code   RO         3135    .ARM.Collect$$rtentry$$0000000C  c_p.l(__rtentry2.o)
    0x00000260   0x00000008   Code   RO         3136    .ARM.Collect$$rtentry$$0000000D  c_p.l(__rtentry2.o)
    0x00000268   0x00000038   Code   RO         2707    .emb_text           c_p.l(rt_memcpy.o)
    0x000002a0   0x00000000   Code   RO         3155    .emb_text           c_p.l(maybetermalloc1.o)
    0x000002a0   0x0000001c   Code   RO          837    .text               startup_MKL46Z4.o
    0x000002bc   0x00000062   Code   RO         2536    .text               c_p.l(h1_alloc.o)
    0x0000031e   0x0000004c   Code   RO         2538    .text               c_p.l(h1_free.o)
    0x0000036a   0x00000002   PAD
    0x0000036c   0x00000024   Code   RO         2594    .text               c_p.l(vsprintf.o)
    0x00000390   0x0000000e   Code   RO         2596    .text               c_p.l(c89vfprintf.o)
    0x0000039e   0x00000002   PAD
    0x000003a0   0x0000001c   Code   RO         2598    .text               c_p.l(__2printf.o)
    0x000003bc   0x0000002c   Code   RO         2600    .text               c_p.l(__2sprintf.o)
    0x000003e8   0x00000014   Code   RO         2679    .text               c_p.l(rewind.o)
    0x000003fc   0x00000004   Code   RO         2897    .text               c_p.l(hguard.o)
    0x00000400   0x00000010   Code   RO          836    .ARM.__at_0x400     startup_MKL46Z4.o
    0x00000410   0x00000052   Code   RO         2608    .text               c_p.l(_printf_str.o)
    0x00000462   0x00000002   PAD
    0x00000464   0x0000006c   Code   RO         2610    .text               c_p.l(_printf_dec.o)
    0x000004d0   0x00000098   Code   RO         2630    .text               c_p.l(_printf_hex_int_ll_ptr.o)
    0x00000568   0x00000188   Code   RO         2650    .text               c_p.l(__printf_flags_ss_wp.o)
    0x000006f0   0x00000040   Code   RO         2659    .text               c_p.l(__0sscanf.o)
    0x00000730   0x0000014a   Code   RO         2661    .text               c_p.l(_scanf_int.o)
    0x0000087a   0x00000002   PAD
    0x0000087c   0x00000068   Code   RO         2663    .text               c_p.l(fflush.o)
    0x000008e4   0x000000e8   Code   RO         2681    .text               c_p.l(fopen.o)
    0x000009cc   0x0000001a   Code   RO         2683    .text               c_p.l(setbuf.o)
    0x000009e6   0x00000002   PAD
    0x000009e8   0x0000004c   Code   RO         2691    .text               c_p.l(fclose.o)
    0x00000a34   0x00000044   Code   RO         2703    .text               c_p.l(strlen.o)
    0x00000a78   0x000000a0   Code   RO         2705    .text               c_p.l(strncmp.o)
    0x00000b18   0x00000082   Code   RO         2708    .text               c_p.l(rt_memcpy.o)
    0x00000b9a   0x00000040   Code   RO         2711    .text               c_p.l(rt_memclr.o)
    0x00000bda   0x00000002   PAD
    0x00000bdc   0x000000a0   Code   RO         2715    .text               c_p.l(strcmpv6m.o)
    0x00000c7c   0x00000022   Code   RO         2717    .text               c_p.l(uread4.o)
    0x00000c9e   0x00000002   PAD
    0x00000ca0   0x00000010   Code   RO         2719    .text               c_p.l(localtime.o)
    0x00000cb0   0x000001e8   Code   RO         2722    .text               c_p.l(aeabi_sdivfast.o)
    0x00000e98   0x00000024   Code   RO         2731    .text               c_p.l(init_aeabi.o)
    0x00000ebc   0x00000022   Code   RO         2846    .text               cpprt_p.l(aeabi_vec_dtor_noexceptions.o)
    0x00000ede   0x00000002   PAD
    0x00000ee0   0x00000358   Code   RO         2851    .text               fz_ps.l(daddsub.o)
    0x00001238   0x00000448   Code   RO         2853    .text               fz_ps.l(ddiv.o)
    0x00001680   0x00000248   Code   RO         2856    .text               fz_ps.l(dmul.o)
    0x000018c8   0x00000008   Code   RO         2892    .text               c_p.l(rt_heap_descriptor.o)
    0x000018d0   0x00000088   Code   RO         2899    .text               c_p.l(init_alloc.o)
    0x00001958   0x0000000e   Code   RO         2903    .text               c_p.l(h1_init.o)
    0x00001966   0x00000016   Code   RO         2917    .text               c_p.l(_rserrno.o)
    0x0000197c   0x0000004e   Code   RO         2919    .text               c_p.l(_printf_pad.o)
    0x000019ca   0x00000024   Code   RO         2921    .text               c_p.l(_printf_truncate.o)
    0x000019ee   0x000000b0   Code   RO         2923    .text               c_p.l(_printf_intcommon.o)
    0x00001a9e   0x00000026   Code   RO         2925    .text               c_p.l(_printf_charcount.o)
    0x00001ac4   0x00000030   Code   RO         2927    .text               c_p.l(_printf_char_common.o)
    0x00001af4   0x0000000a   Code   RO         2929    .text               c_p.l(_sputc.o)
    0x00001afe   0x0000002e   Code   RO         2931    .text               c_p.l(_printf_char.o)
    0x00001b2c   0x00000028   Code   RO         2933    .text               c_p.l(_printf_char_file.o)
    0x00001b54   0x000000bc   Code   RO         2935    .text               c_p.l(_printf_wctomb.o)
    0x00001c10   0x00000070   Code   RO         2938    .text               c_p.l(_printf_longlong_dec.o)
    0x00001c80   0x00000070   Code   RO         2944    .text               c_p.l(_printf_oct_int_ll.o)
    0x00001cf0   0x0000001e   Code   RO         2966    .text               c_p.l(_chval.o)
    0x00001d0e   0x00000002   PAD
    0x00001d10   0x00000030   Code   RO         2972    .text               c_p.l(scanf_char.o)
    0x00001d40   0x00000044   Code   RO         2974    .text               c_p.l(_sgetc.o)
    0x00001d84   0x00000010   Code   RO         2984    .text               c_p.l(clearerr.o)
    0x00001d94   0x00000008   Code   RO         2986    .text               c_p.l(ferror.o)
    0x00001d9c   0x00000254   Code   RO         2988    .text               c_p.l(filbuf.o)
    0x00001ff0   0x000001f0   Code   RO         2990    .text               c_p.l(flsbuf.o)
    0x000021e0   0x000000f4   Code   RO         2992    .text               c_p.l(fseek.o)
    0x000022d4   0x0000004c   Code   RO         2994    .text               c_p.l(setvbuf.o)
    0x00002320   0x000000f0   Code   RO         2996    .text               c_p.l(stdio.o)
    0x00002410   0x0000013c   Code   RO         2999    .text               c_p.l(initio.o)
    0x0000254c   0x0000000c   Code   RO         3011    .text               c_p.l(defsig_pvfn_outer.o)
    0x00002558   0x0000009c   Code   RO         3015    .text               c_p.l(localtime_internal.o)
    0x000025f4   0x00000028   Code   RO         3017    .text               c_p.l(rtudiv10.o)
    0x0000261c   0x00000090   Code   RO         3086    .text               fz_ps.l(dcmpin.o)
    0x000026ac   0x0000006c   Code   RO         3088    .text               fz_ps.l(dfixi.o)
    0x00002718   0x00000058   Code   RO         3090    .text               fz_ps.l(dflti.o)
    0x00002770   0x00000060   Code   RO         3094    .text               fz_ps.l(dscalbn.o)
    0x000027d0   0x00000008   Code   RO         3148    .text               c_p.l(rt_errno_addr.o)
    0x000027d8   0x00000034   Code   RO         3157    .text               c_p.l(h1_extend.o)
    0x0000280c   0x0000007a   Code   RO         3163    .text               c_p.l(lludiv10.o)
    0x00002886   0x00000012   Code   RO         3165    .text               c_p.l(isspace.o)
    0x00002898   0x00000414   Code   RO         3167    .text               c_p.l(_printf_fp_dec.o)
    0x00002cac   0x000002d8   Code   RO         3169    .text               c_p.l(_printf_fp_hex.o)
    0x00002f84   0x0000002e   Code   RO         3176    .text               c_p.l(_printf_wchar.o)
    0x00002fb2   0x00000002   PAD
    0x00002fb4   0x00000380   Code   RO         3178    .text               c_p.l(_scanf.o)
    0x00003334   0x00000042   Code   RO         3188    .text               c_p.l(ftell.o)
    0x00003376   0x0000012e   Code   RO         3190    .text               c_p.l(freadfast.o)
    0x000034a4   0x00000038   Code   RO         3196    .text               c_p.l(flushlinebuffered.o)
    0x000034dc   0x00000040   Code   RO         3214    .text               c_p.l(_wcrtomb.o)
    0x0000351c   0x0000000c   Code   RO         3216    .text               c_p.l(defsig_exit.o)
    0x00003528   0x0000000c   Code   RO         3218    .text               c_p.l(defsig_rtred_outer.o)
    0x00003534   0x0000000c   Code   RO         3222    .text               c_p.l(defsig_rtmem_outer.o)
    0x00003540   0x00000030   Code   RO         3226    .text               c_p.l(defsig_pvfn_inner.o)
    0x00003570   0x00000050   Code   RO         3231    .text               c_p.l(heapauxa.o)
    0x000035c0   0x0000002e   Code   RO         3270    .text               fz_ps.l(cmpret.o)
    0x000035ee   0x00000002   PAD
    0x000035f0   0x00000014   Code   RO         3272    .text               fz_ps.l(dnan2.o)
    0x00003604   0x0000000c   Code   RO         3276    .text               c_p.l(sys_exit.o)
    0x00003610   0x00000010   Code   RO         3278    .text               c_p.l(rt_ctype_table.o)
    0x00003620   0x00000008   Code   RO         3280    .text               c_p.l(rt_locale.o)
    0x00003628   0x00000088   Code   RO         3292    .text               c_p.l(_printf_fp_infnan.o)
    0x000036b0   0x000000c8   Code   RO         3294    .text               c_p.l(bigflt0.o)
    0x00003778   0x000004c8   Code   RO         3297    .text               c_p.l(btod.o)
    0x00003c40   0x00000034   Code   RO         3310    .text               c_p.l(defsig_general.o)
    0x00003c74   0x00000034   Code   RO         3316    .text               c_p.l(defsig_rtred_inner.o)
    0x00003ca8   0x00000050   Code   RO         3318    .text               c_p.l(defsig_rtmem_inner.o)
    0x00003cf8   0x0000005e   Code   RO         3343    .text               fz_ps.l(retnan.o)
    0x00003d56   0x0000000c   Code   RO         3357    .text               c_p.l(sys_wrch.o)
    0x00003d62   0x00000002   Code   RO         3359    .text               c_p.l(use_no_semi.o)
    0x00003d64   0x00000000   Code   RO         3361    .text               c_p.l(indicate_semi.o)
    0x00003d64   0x0000000c   Code   RO          597    i.$Sub$$main        retarget.o
    0x00003d70   0x00000006   Code   RO         2185    i.<Func1>           mbed.ar(SerialBase.o)
    0x00003d76   0x00000010   Code   RO          524    i.NMI_Handler       mbed_overrides.o
    0x00003d86   0x00000002   PAD
    0x00003d88   0x00000034   Code   RO          432    i.NVIC_SetVector    cmsis_nvic.o
    0x00003dbc   0x000000a0   Code   RO          845    i.SystemInit        system_MKL46Z4.o
    0x00003e5c   0x00000018   Code   RO         1404    i._Z10clust2sectP5FATFSm  ff.o
    0x00003e74   0x00000208   Code   RO         1406    i._Z11create_nameP9FATFS_DIRPPKc  ff.o
    0x0000407c   0x000002a0   Code   RO         1407    i._Z11find_volumePP5FATFSPPKch  ff.o
    0x0000431c   0x00000068   Code   RO         1408    i._Z11follow_pathP9FATFS_DIRPKc  ff.o
    0x00004384   0x0000007c   Code   RO         1409    i._Z11gen_numnamePhPKhPKtj  ff.o
    0x00004400   0x00000034   Code   RO         1410    i._Z11move_windowP5FATFSm  ff.o
    0x00004434   0x00000052   Code   RO         1411    i._Z11sync_windowP5FATFS  ff.o
    0x00004486   0x00000002   PAD
    0x00004488   0x000000a8   Code   RO         1412    i._Z12create_chainP5FATFSm  ff.o
    0x00004530   0x0000013e   Code   RO         1413    i._Z12dir_registerP9FATFS_DIR  ff.o
    0x0000466e   0x0000003c   Code   RO         1415    i._Z12get_ldnumberPPKc  ff.o
    0x000046aa   0x0000005e   Code   RO         1416    i._Z12remove_chainP5FATFSm  ff.o
    0x00004708   0x0000001c   Code   RO         1741    i._Z5debugPKcz      sdfilesystem.o
    0x00004724   0x00000068   Code   RO            3    i._Z6layer1PSt6__FILES0_Pd  main.o
    0x0000478c   0x00000012   Code   RO         1417    i._Z7chk_chrPKci    ff.o
    0x0000479e   0x00000002   PAD
    0x000047a0   0x00000088   Code   RO         1418    i._Z7cmp_lfnPtPh    ff.o
    0x00004828   0x0000007e   Code   RO         1419    i._Z7dir_sdiP9FATFS_DIRj  ff.o
    0x000048a6   0x00000002   PAD
    0x000048a8   0x0000006c   Code   RO         1420    i._Z7fit_lfnPKtPhhh  ff.o
    0x00004914   0x000000c6   Code   RO         1421    i._Z7get_fatP5FATFSm  ff.o
    0x000049da   0x00000010   Code   RO         1422    i._Z7mem_cpyPvPKvj  ff.o
    0x000049ea   0x0000000e   Code   RO         1423    i._Z7mem_setPvij    ff.o
    0x000049f8   0x000000f6   Code   RO         1424    i._Z7put_fatP5FATFSmm  ff.o
    0x00004aee   0x0000001a   Code   RO         1425    i._Z7sum_sfnPKh     ff.o
    0x00004b08   0x0000009c   Code   RO         1426    i._Z7sync_fsP5FATFS  ff.o
    0x00004ba4   0x0000006c   Code   RO         1427    i._Z8check_fsP5FATFSm  ff.o
    0x00004c10   0x00000020   Code   RO          895    i._Z8debug_ifiPKcz  diskio.o
    0x00004c30   0x00000020   Code   RO         1104    i._Z8debug_ifiPKcz  fatfilehandle.o
    0x00004c50   0x00000020   Code   RO         1195    i._Z8debug_ifiPKcz  fatfilesystem.o
    0x00004c70   0x00000020   Code   RO         1742    i._Z8debug_ifiPKcz  sdfilesystem.o
    0x00004c90   0x000000d0   Code   RO         1428    i._Z8dir_findP9FATFS_DIR  ff.o
    0x00004d60   0x000000e2   Code   RO         1429    i._Z8dir_nextP9FATFS_DIRi  ff.o
    0x00004e42   0x0000002e   Code   RO         1743    i._Z8ext_bitsPhii   sdfilesystem.o
    0x00004e70   0x0000001e   Code   RO         1431    i._Z8ld_clustP5FATFSPKh  ff.o
    0x00004e8e   0x00000010   Code   RO         1433    i._Z8st_clustPhm    ff.o
    0x00004e9e   0x00000028   Code   RO         1434    i._Z8validatePv     ff.o
    0x00004ec6   0x0000005a   Code   RO         1744    i._ZN12SDFileSystem10disk_writeEPKhjj  sdfilesystem.o
    0x00004f20   0x0000019c   Code   RO         1745    i._ZN12SDFileSystem11_sd_sectorsEv  sdfilesystem.o
    0x000050bc   0x00000014   Code   RO         1746    i._ZN12SDFileSystem11disk_statusEv  sdfilesystem.o
    0x000050d0   0x0000000a   Code   RO         1747    i._ZN12SDFileSystem12disk_sectorsEv  sdfilesystem.o
    0x000050da   0x00000002   PAD
    0x000050dc   0x000000a8   Code   RO         1748    i._ZN12SDFileSystem15disk_initializeEv  sdfilesystem.o
    0x00005184   0x000000e0   Code   RO         1749    i._ZN12SDFileSystem15initialise_cardEv  sdfilesystem.o
    0x00005264   0x00000080   Code   RO         1750    i._ZN12SDFileSystem18initialise_card_v1Ev  sdfilesystem.o
    0x000052e4   0x00000094   Code   RO         1751    i._ZN12SDFileSystem18initialise_card_v2Ev  sdfilesystem.o
    0x00005378   0x00000098   Code   RO         1752    i._ZN12SDFileSystem4_cmdEii  sdfilesystem.o
    0x00005410   0x000000a8   Code   RO         1753    i._ZN12SDFileSystem5_cmd8Ev  sdfilesystem.o
    0x000054b8   0x00000080   Code   RO         1754    i._ZN12SDFileSystem5_cmdxEii  sdfilesystem.o
    0x00005538   0x00000060   Code   RO         1755    i._ZN12SDFileSystem5_readEPhj  sdfilesystem.o
    0x00005598   0x000000b0   Code   RO         1756    i._ZN12SDFileSystem6_cmd58Ev  sdfilesystem.o
    0x00005648   0x0000008a   Code   RO         1757    i._ZN12SDFileSystem6_writeEPKhj  sdfilesystem.o
    0x000056d2   0x0000005a   Code   RO         1758    i._ZN12SDFileSystem9disk_readEPhjj  sdfilesystem.o
    0x0000572c   0x00000004   Code   RO         1759    i._ZN12SDFileSystem9disk_syncEv  sdfilesystem.o
    0x00005730   0x00000074   Code   RO         1760    i._ZN12SDFileSystemC1E7PinNameS0_S0_S0_PKc  sdfilesystem.o
    0x000057a4   0x00000018   Code   RO           47    i._ZN12SDFileSystemD1Ev  main.o
    0x000057bc   0x00000004   Code   RO         1105    i._ZN13FATFileHandle4flenEv  fatfilehandle.o
    0x000057c0   0x00000058   Code   RO         1106    i._ZN13FATFileHandle4readEPvj  fatfilehandle.o
    0x00005818   0x00000018   Code   RO         1107    i._ZN13FATFileHandle5closeEv  fatfilehandle.o
    0x00005830   0x00000068   Code   RO         1109    i._ZN13FATFileHandle5lseekEli  fatfilehandle.o
    0x00005898   0x00000038   Code   RO         1110    i._ZN13FATFileHandle5writeEPKvj  fatfilehandle.o
    0x000058d0   0x00000004   Code   RO         1111    i._ZN13FATFileHandle6isattyEv  fatfilehandle.o
    0x000058d4   0x00000024   Code   RO         1112    i._ZN13FATFileHandleC1E3FIL  fatfilehandle.o
    0x000058f8   0x0000000c   Code   RO         1173    i._ZN13FATFileHandleD0Ev  fatfilehandle.o
    0x00005904   0x00000004   Code   RO         1291    i._ZN13FATFileSystem11disk_statusEv  fatfilesystem.o
    0x00005908   0x00000004   Code   RO         1285    i._ZN13FATFileSystem15disk_initializeEv  fatfilesystem.o
    0x0000590c   0x000000f4   Code   RO         1196    i._ZN13FATFileSystem4openEPKci  fatfilesystem.o
    0x00005a00   0x00000004   Code   RO         1297    i._ZN13FATFileSystem9disk_syncEv  fatfilesystem.o
    0x00005a04   0x000000dc   Code   RO         1204    i._ZN13FATFileSystemC2EPKc  fatfilesystem.o
    0x00005ae0   0x00000040   Code   RO         1206    i._ZN13FATFileSystemD2Ev  fatfilesystem.o
    0x00005b20   0x00000018   Code   RO           56    i._ZN4mbed10DigitalOutC1E7PinName  main.o
    0x00005b38   0x00000084   Code   RO           41    i._ZN4mbed10DigitalOutaSEi  main.o
    0x00005bbc   0x00000050   Code   RO          736    i._ZN4mbed10FileHandle4flenEv  retarget.o
    0x00005c0c   0x00000002   Code   RO          740    i._ZN4mbed10FileHandle4lockEv  retarget.o
    0x00005c0e   0x00000002   Code   RO          743    i._ZN4mbed10FileHandle6unlockEv  retarget.o
    0x00005c10   0x00000078   Code   RO          599    i._ZN4mbed10FileHandleD2Ev  retarget.o
    0x00005c88   0x0000000a   Code   RO         2186    i._ZN4mbed10SerialBase10_base_getcEv  mbed.ar(SerialBase.o)
    0x00005c92   0x0000000e   Code   RO         2187    i._ZN4mbed10SerialBase10_base_putcEi  mbed.ar(SerialBase.o)
    0x00005ca0   0x0000002c   Code   RO         2189    i._ZN4mbed10SerialBase12_irq_handlerEj9SerialIrq  mbed.ar(SerialBase.o)
    0x00005ccc   0x00000022   Code   RO         2190    i._ZN4mbed10SerialBase4baudEi  mbed.ar(SerialBase.o)
    0x00005cee   0x00000002   Code   RO         2191    i._ZN4mbed10SerialBase4lockEv  mbed.ar(SerialBase.o)
    0x00005cf0   0x00000002   Code   RO         2194    i._ZN4mbed10SerialBase6unlockEv  mbed.ar(SerialBase.o)
    0x00005cf2   0x00000002   PAD
    0x00005cf4   0x0000007c   Code   RO         2197    i._ZN4mbed10SerialBaseC1E7PinNameS1_i  mbed.ar(SerialBase.o)
    0x00005d70   0x00000014   Code   RO         2015    i._ZN4mbed14FileSystemLikeC2EPKc  mbed.ar(FileSystemLike.o)
    0x00005d84   0x00000008   Code   RO         2017    i._ZN4mbed14FileSystemLikeD2Ev  mbed.ar(FileSystemLike.o)
    0x00005d8c   0x0000000a   Code   RO          600    i._ZN4mbed26mbed_set_unbuffered_streamEPSt6__FILE  retarget.o
    0x00005d96   0x00000002   PAD
    0x00005d98   0x0000002c   Code   RO         2085    i._ZN4mbed3SPI4lockEv  mbed.ar(SPI.o)
    0x00005dc4   0x00000058   Code   RO         2086    i._ZN4mbed3SPI5writeEi  mbed.ar(SPI.o)
    0x00005e1c   0x0000002c   Code   RO         2089    i._ZN4mbed3SPI6unlockEv  mbed.ar(SPI.o)
    0x00005e48   0x00000050   Code   RO         2090    i._ZN4mbed3SPI9frequencyEi  mbed.ar(SPI.o)
    0x00005e98   0x00000060   Code   RO         2091    i._ZN4mbed3SPIC1E7PinNameS1_S1_S1_  mbed.ar(SPI.o)
    0x00005ef8   0x00000002   Code   RO         2126    i._ZN4mbed6Serial4lockEv  mbed.ar(Serial.o)
    0x00005efa   0x00000002   Code   RO         2129    i._ZN4mbed6Serial6unlockEv  mbed.ar(Serial.o)
    0x00005efc   0x00000030   Code   RO         2130    i._ZN4mbed6SerialC1E7PinNameS1_PKci  mbed.ar(Serial.o)
    0x00005f2c   0x00000040   Code   RO         2160    i._ZN4mbed6SerialD1Ev  mbed.ar(Serial.o)
    0x00005f6c   0x00000004   Code   RO         2259    i._ZN4mbed6Stream4flenEv  mbed.ar(Stream.o)
    0x00005f70   0x00000036   Code   RO         2264    i._ZN4mbed6Stream4readEPvj  mbed.ar(Stream.o)
    0x00005fa6   0x00000004   Code   RO         2265    i._ZN4mbed6Stream5closeEv  mbed.ar(Stream.o)
    0x00005faa   0x00000004   Code   RO         2267    i._ZN4mbed6Stream5lseekEli  mbed.ar(Stream.o)
    0x00005fae   0x00000036   Code   RO         2269    i._ZN4mbed6Stream5writeEPKvj  mbed.ar(Stream.o)
    0x00005fe4   0x00000004   Code   RO         2270    i._ZN4mbed6Stream6isattyEv  mbed.ar(Stream.o)
    0x00005fe8   0x00000044   Code   RO         2274    i._ZN4mbed6StreamC2EPKc  mbed.ar(Stream.o)
    0x0000602c   0x00000024   Code   RO         2276    i._ZN4mbed6StreamD2Ev  mbed.ar(Stream.o)
    0x00006050   0x00000004   Code   RO         1956    i._ZN4mbed8FileBase11getPathTypeEv  mbed.ar(FileBase.o)
    0x00006054   0x00000070   Code   RO         1958    i._ZN4mbed8FileBase6lookupEPKcj  mbed.ar(FileBase.o)
    0x000060c4   0x00000004   Code   RO         1959    i._ZN4mbed8FileBase7getNameEv  mbed.ar(FileBase.o)
    0x000060c8   0x00000040   Code   RO         1960    i._ZN4mbed8FileBaseC1EPKcNS_8PathTypeE  mbed.ar(FileBase.o)
    0x00006108   0x0000004c   Code   RO         1962    i._ZN4mbed8FileBaseD1Ev  mbed.ar(FileBase.o)
    0x00006154   0x00000024   Code   RO         2493    i._ZN4mbed8FileLikeC2EPKc  mbed.ar(FileLike.o)
    0x00006178   0x00000010   Code   RO         2495    i._ZN4mbed8FileLikeD2Ev  mbed.ar(FileLike.o)
    0x00006188   0x0000001a   Code   RO         1989    i._ZN4mbed8FilePath10fileSystemEv  mbed.ar(FilePath.o)
    0x000061a2   0x00000020   Code   RO         1991    i._ZN4mbed8FilePath4fileEv  mbed.ar(FilePath.o)
    0x000061c2   0x0000000a   Code   RO         1992    i._ZN4mbed8FilePath6existsEv  mbed.ar(FilePath.o)
    0x000061cc   0x00000018   Code   RO         1993    i._ZN4mbed8FilePath6isFileEv  mbed.ar(FilePath.o)
    0x000061e4   0x00000004   Code   RO         1994    i._ZN4mbed8FilePath8fileNameEv  mbed.ar(FilePath.o)
    0x000061e8   0x00000044   Code   RO         1995    i._ZN4mbed8FilePathC1EPKc  mbed.ar(FilePath.o)
    0x0000622c   0x00000018   Code   RO           50    i._ZN4mbed9DigitalInC1E7PinName  main.o
    0x00006244   0x00000002   Code   RO         2198    i._ZN4mbed9donothingEv  mbed.ar(SerialBase.o)
    0x00006246   0x00000002   Code   RO         2132    i._ZThn48_N4mbed6Serial4lockEv  mbed.ar(Serial.o)
    0x00006248   0x0000000a   Code   RO         2133    i._ZThn48_N4mbed6Serial5_getcEv  mbed.ar(Serial.o)
    0x00006252   0x0000000a   Code   RO         2134    i._ZThn48_N4mbed6Serial5_putcEi  mbed.ar(Serial.o)
    0x0000625c   0x00000002   Code   RO         2135    i._ZThn48_N4mbed6Serial6unlockEv  mbed.ar(Serial.o)
    0x0000625e   0x0000000e   Code   RO          604    i._ZdlPv            retarget.o
    0x0000626c   0x00000034   Code   RO          606    i._Znwj             retarget.o
    0x000062a0   0x00000030   Code   RO         3299    i.__ARM_common_ll_muluu  c_p.l(btod.o)
    0x000062d0   0x0000002c   Code   RO         3121    i.__ARM_fpclassify  m_ps.l(fpclassify.o)
    0x000062fc   0x00000004   Code   RO          607    i.__aeabi_atexit    retarget.o
    0x00006300   0x00000022   Code   RO         2843    i.__aeabi_vec_ctor_nocookie_nodtor  cpprt_p.l(aeabi_vec_ctor_nocookie_nodtor.o)
    0x00006322   0x0000000a   Code   RO         2734    i.__cxa_pure_virtual  cpprt_p.l(pure_virt.o)
    0x0000632c   0x000000ac   Code   RO         3123    i.__kernel_poly     m_ps.l(poly.o)
    0x000063d8   0x0000000a   Code   RO         3108    i.__mathlib_dbl_infnan  m_ps.l(dunder.o)
    0x000063e2   0x00000002   PAD
    0x000063e4   0x00000014   Code   RO         3111    i.__mathlib_dbl_overflow  m_ps.l(dunder.o)
    0x000063f8   0x00000014   Code   RO         3113    i.__mathlib_dbl_underflow  m_ps.l(dunder.o)
    0x0000640c   0x0000008c   Code   RO            5    i.__sti___8_main_cpp_sd  main.o
    0x00006498   0x00000010   Code   RO          839    i.__user_setup_stackheap  sys.o
    0x000064a8   0x0000000e   Code   RO         2643    i._is_digit         c_p.l(__printf_wp.o)
    0x000064b6   0x00000008   Code   RO          610    i._platform_post_stackheap_init  retarget.o
    0x000064be   0x00000002   PAD
    0x000064c0   0x0000002c   Code   RO          611    i._sys_close        retarget.o
    0x000064ec   0x00000028   Code   RO          614    i._sys_flen         retarget.o
    0x00006514   0x00000028   Code   RO          615    i._sys_istty        retarget.o
    0x0000653c   0x000001cc   Code   RO          616    i._sys_open         retarget.o
    0x00006708   0x00000060   Code   RO          617    i._sys_read         retarget.o
    0x00006768   0x00000028   Code   RO          618    i._sys_seek         retarget.o
    0x00006790   0x0000006c   Code   RO          619    i._sys_write        retarget.o
    0x000067fc   0x0000008c   Code   RO         2398    i.core_util_critical_section_enter  mbed.ar(mbed_critical.o)
    0x00006888   0x00000058   Code   RO         2399    i.core_util_critical_section_exit  mbed.ar(mbed_critical.o)
    0x000068e0   0x00000044   Code   RO          896    i.disk_initialize   diskio.o
    0x00006924   0x00000070   Code   RO          897    i.disk_ioctl        diskio.o
    0x00006994   0x00000064   Code   RO          898    i.disk_read         diskio.o
    0x000069f8   0x00000040   Code   RO          899    i.disk_status       diskio.o
    0x00006a38   0x00000064   Code   RO          900    i.disk_write        diskio.o
    0x00006a9c   0x00000012   Code   RO         2421    i.error             mbed.ar(mbed_error.o)
    0x00006aae   0x00000002   PAD
    0x00006ab0   0x0000002c   Code   RO          621    i.exit              retarget.o
    0x00006adc   0x0000027c   Code   RO         2876    i.exp               m_ps.l(exp.o)
    0x00006d58   0x0000001c   Code   RO         1436    i.f_close           ff.o
    0x00006d74   0x0000014c   Code   RO         1439    i.f_lseek           ff.o
    0x00006ec0   0x00000050   Code   RO         1442    i.f_mount           ff.o
    0x00006f10   0x00000144   Code   RO         1443    i.f_open            ff.o
    0x00007054   0x0000014c   Code   RO         1445    i.f_read            ff.o
    0x000071a0   0x00000098   Code   RO         1449    i.f_sync            ff.o
    0x00007238   0x00000198   Code   RO         1453    i.f_write           ff.o
    0x000073d0   0x00000038   Code   RO          868    i.ff_convert        ccsbcs.o
    0x00007408   0x00000050   Code   RO          869    i.ff_wtoupper       ccsbcs.o
    0x00007458   0x0000001e   Code   RO         2672    i.fputc             c_p.l(fputc.o)
    0x00007476   0x00000042   Code   RO         1207    i.get_fattime       fatfilesystem.o
    0x000074b8   0x00000054   Code   RO          439    i.gpio_dir          gpio_api.o
    0x0000750c   0x0000003c   Code   RO          440    i.gpio_init         gpio_api.o
    0x00007548   0x00000022   Code   RO         2337    i.gpio_init_in      mbed.ar(mbed_gpio.o)
    0x0000756a   0x00000002   PAD
    0x0000756c   0x00000040   Code   RO         2340    i.gpio_init_out     mbed.ar(mbed_gpio.o)
    0x000075ac   0x00000060   Code   RO         2341    i.gpio_init_out_ex  mbed.ar(mbed_gpio.o)
    0x0000760c   0x0000000e   Code   RO          441    i.gpio_mode         gpio_api.o
    0x0000761a   0x00000002   PAD
    0x0000761c   0x00000108   Code   RO          750    i.init              rtc_api.o
    0x00007724   0x00000060   Code   RO          853    i.lptmr_isr         us_ticker.o
    0x00007784   0x0000029c   Code   RO            6    i.main              main.o
    0x00007a20   0x00000072   Code   RO         1895    i.matrix_multpile   dl_math.o
    0x00007a92   0x00000040   Code   RO         1896    i.maxofMatrix       dl_math.o
    0x00007ad2   0x00000002   PAD
    0x00007ad4   0x00000054   Code   RO         2379    i.mbed_assert_internal  mbed.ar(mbed_assert.o)
    0x00007b28   0x00000070   Code   RO          513    i.mbed_die          mbed_board.o
    0x00007b98   0x00000058   Code   RO          514    i.mbed_error_printf  mbed_board.o
    0x00007bf0   0x00000050   Code   RO          515    i.mbed_error_vfprintf  mbed_board.o
    0x00007c40   0x00000008   Code   RO         2427    i.mbed_interface_connected  mbed.ar(mbed_interface.o)
    0x00007c48   0x00000002   Code   RO          622    i.mbed_main         retarget.o
    0x00007c4a   0x00000002   Code   RO          623    i.mbed_sdk_init     retarget.o
    0x00007c4c   0x00000064   Code   RO          546    i.pin_function      pinmap.o
    0x00007cb0   0x00000040   Code   RO          547    i.pin_mode          pinmap.o
    0x00007cf0   0x00000034   Code   RO         2355    i.pinmap_merge      mbed.ar(mbed_pinmap_common.o)
    0x00007d24   0x0000005c   Code   RO         2356    i.pinmap_peripheral  mbed.ar(mbed_pinmap_common.o)
    0x00007d80   0x00000054   Code   RO         2357    i.pinmap_pinout     mbed.ar(mbed_pinmap_common.o)
    0x00007dd4   0x00000034   Code   RO          752    i.rtc_init          rtc_api.o
    0x00007e08   0x00000030   Code   RO          753    i.rtc_isenabled     rtc_api.o
    0x00007e38   0x0000000c   Code   RO          754    i.rtc_read          rtc_api.o
    0x00007e44   0x00000020   Code   RO          755    i.rtc_write         rtc_api.o
    0x00007e64   0x0000000c   Code   RO         2464    i.semihost_connected  mbed.ar(mbed_semihost_api.o)
    0x00007e70   0x0000000c   Code   RO         2466    i.semihost_exit     mbed.ar(mbed_semihost_api.o)
    0x00007e7c   0x00000180   Code   RO          766    i.serial_baud       serial_api.o
    0x00007ffc   0x000000d4   Code   RO          770    i.serial_format     serial_api.o
    0x000080d0   0x00000024   Code   RO          772    i.serial_getc       serial_api.o
    0x000080f4   0x0000018c   Code   RO          773    i.serial_init       serial_api.o
    0x00008280   0x00000018   Code   RO          774    i.serial_irq_handler  serial_api.o
    0x00008298   0x00000024   Code   RO          777    i.serial_putc       serial_api.o
    0x000082bc   0x00000028   Code   RO         1897    i.sigmoid           dl_math.o
    0x000082e4   0x0000002a   Code   RO         1898    i.sigmoidMatrix     dl_math.o
    0x0000830e   0x00000002   PAD
    0x00008310   0x000000ac   Code   RO          815    i.spi_format        spi_api.o
    0x000083bc   0x0000008c   Code   RO          817    i.spi_frequency     spi_api.o
    0x00008448   0x00000100   Code   RO          818    i.spi_init          spi_api.o
    0x00008548   0x00000046   Code   RO          819    i.spi_master_write  spi_api.o
    0x0000858e   0x0000004a   Code   RO         2518    i.ticker_irq_handler  mbed.ar(mbed_ticker_api.o)
    0x000085d8   0x000000b8   Code   RO         2450    i.time              mbed.ar(mbed_rtc_time.o)
    0x00008690   0x00000002   Code   RO          854    i.us_ticker_clear_interrupt  us_ticker.o
    0x00008692   0x00000002   PAD
    0x00008694   0x00000010   Code   RO          855    i.us_ticker_disable_interrupt  us_ticker.o
    0x000086a4   0x000001bc   Code   RO          856    i.us_ticker_init    us_ticker.o
    0x00008860   0x00000010   Code   RO         2369    i.us_ticker_irq_handler  mbed.ar(mbed_us_ticker_api.o)
    0x00008870   0x00000020   Code   RO          857    i.us_ticker_read    us_ticker.o
    0x00008890   0x00000074   Code   RO          858    i.us_ticker_set_interrupt  us_ticker.o
    0x00008904   0x00000036   Code   RO         1899    i.vector_multpile   dl_math.o
    0x0000893a   0x0000001c   Code   RO         2484    i.wait_ms           mbed.ar(mbed_wait_api_no_rtos.o)
    0x00008956   0x00000002   PAD
    0x00008958   0x0000002c   Code   RO         3304    locale$$code        c_p.l(lc_numeric_c.o)
    0x00008984   0x0000002c   Code   RO         3371    locale$$code        c_p.l(lc_ctype_c.o)
    0x000089b0   0x0000002c   Code   RO         1982    t._ZN12SingletonPtrI13PlatformMutexEptEv  mbed.ar(FileBase.o)
    0x000089dc   0x00000004   Code   RO         2248    t._ZN4mbed8CallbackIFvvEE13function_callIPS1_EEvPKv  mbed.ar(SerialBase.o)
    0x000089e0   0x00000002   Code   RO         2254    t._ZN4mbed8CallbackIFvvEE13function_dtorIPS1_EEvPv  mbed.ar(SerialBase.o)
    0x000089e2   0x0000000a   Code   RO         2251    t._ZN4mbed8CallbackIFvvEE13function_moveIPS1_EEvPvPKv  mbed.ar(SerialBase.o)
    0x000089ec   0x00000014   Code   RO         2166    t._ZN4mbed8CallbackIFvvEED1Ev  mbed.ar(Serial.o)
    0x00008a00   0x00000064   Code   RO         3092    x$fpl$dleqf         fz_ps.l(dlef.o)
    0x00008a64   0x00000068   Code   RO         2858    x$fpl$drleqf        fz_ps.l(drlef.o)
    0x00008acc   0x00000010   Code   RO         3096    x$fpl$printf1       fz_ps.l(printf1.o)
    0x00008adc   0x00000010   Code   RO         3098    x$fpl$printf2       fz_ps.l(printf2.o)
    0x00008aec   0x00000000   Code   RO         3106    x$fpl$usenofp       fz_ps.l(usenofp.o)
    0x00008aec   0x0000000c   Data   RO          530    .constdata          PeripheralPins.o
    0x00008af8   0x00000084   Data   RO          535    .constdata          PeripheralPins.o
    0x00008b7c   0x00000084   Data   RO          536    .constdata          PeripheralPins.o
    0x00008c00   0x00000017   Data   RO          672    .constdata          retarget.o
    0x00008c17   0x00000001   PAD
    0x00008c18   0x00000234   Data   RO          823    .constdata          spi_api.o
    0x00008e4c   0x000008b8   Data   RO          872    .constdata          ccsbcs.o
    0x00009704   0x000000ba   Data   RO         1505    .constdata          ff.o
    0x000097be   0x00000002   PAD
    0x000097c0   0x00000014   Data   RO         2370    .constdata          mbed.ar(mbed_us_ticker_api.o)
    0x000097d4   0x00000008   Data   RO         2371    .constdata          mbed.ar(mbed_us_ticker_api.o)
    0x000097dc   0x00000028   Data   RO         2631    .constdata          c_p.l(_printf_hex_int_ll_ptr.o)
    0x00009804   0x00000011   Data   RO         2651    .constdata          c_p.l(__printf_flags_ss_wp.o)
    0x00009815   0x00000080   Data   RO         2854    .constdata          fz_ps.l(ddiv.o)
    0x00009895   0x00000003   PAD
    0x00009898   0x00000058   Data   RO         2877    .constdata          m_ps.l(exp.o)
    0x000098f0   0x00000008   Data   RO         2936    .constdata          c_p.l(_printf_wctomb.o)
    0x000098f8   0x00000026   Data   RO         3170    .constdata          c_p.l(_printf_fp_hex.o)
    0x0000991e   0x0000000c   Data   RO         3230    .constdata          c_p.l(_monlen.o)
    0x0000992a   0x00000002   PAD
    0x0000992c   0x00000094   Data   RO         3295    .constdata          c_p.l(bigflt0.o)
    0x000099c0   0x00000048   Data   RO         1871    .constdata__ZTV12SDFileSystem  sdfilesystem.o
    0x00009a08   0x00000034   Data   RO         1169    .constdata__ZTV13FATFileHandle  fatfilehandle.o
    0x00009a3c   0x00000048   Data   RO         1284    .constdata__ZTV13FATFileSystem  fatfilesystem.o
    0x00009a84   0x00000034   Data   RO          733    .constdata__ZTVN4mbed10FileHandleE  retarget.o
    0x00009ab8   0x00000018   Data   RO         2236    .constdata__ZTVN4mbed10SerialBaseE  mbed.ar(SerialBase.o)
    0x00009ad0   0x00000024   Data   RO         2029    .constdata__ZTVN4mbed14FileSystemLikeE  mbed.ar(FileSystemLike.o)
    0x00009af4   0x0000001c   Data   RO         2115    .constdata__ZTVN4mbed3SPIE  mbed.ar(SPI.o)
    0x00009b10   0x0000006c   Data   RO         2159    .constdata__ZTVN4mbed6SerialE  mbed.ar(Serial.o)
    0x00009b7c   0x0000004c   Data   RO         2332    .constdata__ZTVN4mbed6StreamE  mbed.ar(Stream.o)
    0x00009bc8   0x00000010   Data   RO         1981    .constdata__ZTVN4mbed8FileBaseE  mbed.ar(FileBase.o)
    0x00009bd8   0x00000044   Data   RO         2511    .constdata__ZTVN4mbed8FileLikeE  mbed.ar(FileLike.o)
    0x00009c1c   0x00000014   Data   RO          734    .constdata__ZZN12SingletonPtrI13PlatformMutexE3getEvEs  retarget.o
    0x00009c30   0x0000004d   Data   RO          735    .constdata__ZZN12SingletonPtrI13PlatformMutexE3getEvEs_0  retarget.o
    0x00009c7d   0x00000003   PAD
    0x00009c80   0x0000000c   Data   RO         2246    .constdata__ZZN4mbed8CallbackIFvvEE8generateIPS1_EEvRKT_E3ops  mbed.ar(SerialBase.o)
    0x00009c8c   0x00000005   Data   RO         2237    .constdata__ZZNK4mbed8CallbackIFvvEE4callEvEs  mbed.ar(SerialBase.o)
    0x00009c91   0x00000049   Data   RO         2238    .constdata__ZZNK4mbed8CallbackIFvvEE4callEvEs_0  mbed.ar(SerialBase.o)
    0x00009cda   0x00000002   PAD
    0x00009cdc   0x0000005a   Data   RO          443    .conststring        gpio_api.o
    0x00009d36   0x00000002   PAD
    0x00009d38   0x0000006d   Data   RO          516    .conststring        mbed_board.o
    0x00009da5   0x00000003   PAD
    0x00009da8   0x00000058   Data   RO          548    .conststring        pinmap.o
    0x00009e00   0x000000b5   Data   RO          784    .conststring        serial_api.o
    0x00009eb5   0x00000003   PAD
    0x00009eb8   0x00000066   Data   RO          824    .conststring        spi_api.o
    0x00009f1e   0x00000002   PAD
    0x00009f20   0x00000043   Data   RO         2400    .conststring        mbed.ar(mbed_critical.o)
    0x00009f63   0x00000001   PAD
    0x00009f64   0x00000020   Data   RO         3413    Region$$Table       anon$$obj.o
    0x00009f84   0x0000001c   Data   RO         3303    locale$$data        c_p.l(lc_numeric_c.o)
    0x00009fa0   0x00000110   Data   RO         3370    locale$$data        c_p.l(lc_ctype_c.o)
    0x0000a0b0   0x00000004   Data   RO           12    .init_array         main.o
    0x0000a0b4   0x00000000   Data   RO         2729    .init_array         c_p.l(init_aeabi.o)


    Execution Region RW_IRAM1 (Base: 0x1fffe0c0, Size: 0x00000748, Max: 0x00007f40, ABSOLUTE)

    Base Addr    Size         Type   Attr      Idx    E Section Name        Object

    0x1fffe0c0   0x00000008   Data   RW          675    .data               retarget.o
    0x1fffe0c8   0x00000010   Data   RW          785    .data               serial_api.o
    0x1fffe0d8   0x00000004   Data   RW          846    .data               system_MKL46Z4.o
    0x1fffe0dc   0x0000000c   Data   RW          859    .data               us_ticker.o
    0x1fffe0e8   0x00000004   Data   RW         1221    .data               fatfilesystem.o
    0x1fffe0ec   0x00000008   Data   RW         1506    .data               ff.o
    0x1fffe0f4   0x0000000c   Data   RW         1970    .data               mbed.ar(FileBase.o)
    0x1fffe100   0x0000000c   Data   RW         2099    .data               mbed.ar(SPI.o)
    0x1fffe10c   0x00000008   Data   RW         2372    .data               mbed.ar(mbed_us_ticker_api.o)
    0x1fffe114   0x00000008   Data   RW         2401    .data               mbed.ar(mbed_critical.o)
    0x1fffe11c   0x00000018   Data   RW         2455    .data               mbed.ar(mbed_rtc_time.o)
    0x1fffe134   0x00000004   Data   RW         2471    .data               mbed.ar(mbed_semihost_api.o)
    0x1fffe138   0x00000004   Data   RW         2688    .data               c_p.l(stdio_streams.o)
    0x1fffe13c   0x00000004   Data   RW         2689    .data               c_p.l(stdio_streams.o)
    0x1fffe140   0x00000004   Data   RW         2690    .data               c_p.l(stdio_streams.o)
    0x1fffe144   0x00000004   Data   RW         3232    .data               c_p.l(heapauxa.o)
    0x1fffe148   0x00000330   Zero   RW           11    .bss                main.o
    0x1fffe478   0x00000040   Zero   RW          671    .bss                retarget.o
    0x1fffe4b8   0x0000000c   Zero   RW          783    .bss                serial_api.o
    0x1fffe4c4   0x00000200   Zero   RW         1504    .bss                ff.o
    0x1fffe6c4   0x00000054   Zero   RW         2685    .bss                c_p.l(stdio_streams.o)
    0x1fffe718   0x00000054   Zero   RW         2686    .bss                c_p.l(stdio_streams.o)
    0x1fffe76c   0x00000054   Zero   RW         2687    .bss                c_p.l(stdio_streams.o)
    0x1fffe7c0   0x0000002c   Zero   RW         2720    .bss                c_p.l(localtime.o)
    0x1fffe7ec   0x00000004   Zero   RW         2893    .bss                c_p.l(rt_heap_descriptor.o)
    0x1fffe7f0   0x00000004   Zero   RW         3149    .bss                c_p.l(rt_errno_addr.o)
    0x1fffe7f4   0x00000014   Zero   RW         3281    .bss                c_p.l(rt_locale.o)


==============================================================================

Image component sizes


      Code (inc. data)   RO Data    RW Data    ZI Data      Debug   Object Name

         0          0        276          0          0          0   PeripheralPins.o
       136         12       2232          0          0       5011   ccsbcs.o
        52          8          0          0          0         80   cmsis_nvic.o
       476        208          0          0          0       7082   diskio.o
       314          4          0          0          0       5396   dl_math.o
         0          0          0          0          0       2692   fatdirhandle.o
       360        116         52          0          0       7580   fatfilehandle.o
       638        204         72          4          0      16926   fatfilesystem.o
      5546        110        186          8        512      39065   ff.o
       158         34         90          0          0        212   gpio_api.o
      1116        514          4          0        816     173162   main.o
       280         52        109          0          0        244   mbed_board.o
        16          0          0          0          0         72   mbed_overrides.o
       164         60         88          0          0        144   pinmap.o
      1180        152        172          8         64       1348   retarget.o
       408         66          0          0          0        328   rtc_api.o
      2374        584         72          0          0      18576   sdfilesystem.o
      1088        178        181         16         12        440   serial_api.o
       638        124        666          0          0        316   spi_api.o
        44         24        192          0          0        164   startup_MKL46Z4.o
        16          6          0          0          0         60   sys.o
       160         32          0          4          0         60   system_MKL46Z4.o
       706        110          0         12          0        408   us_ticker.o

    ----------------------------------------------------------------------
     15892       2598       4440         52       1404     279366   Object Totals
         0          0         32          0          0          0   (incl. Generated)
        22          0         16          0          0          0   (incl. Padding)

    ----------------------------------------------------------------------

      Code (inc. data)   RO Data    RW Data    ZI Data      Debug   Library Member Name

        64         10          0          0          0         84   __0sscanf.o
        28          6          0          0          0         84   __2printf.o
        44          4          0          0          0         84   __2sprintf.o
         8          0          0          0          0         68   __main.o
       392          6         17          0          0         76   __printf_flags_ss_wp.o
        14          0          0          0          0         60   __printf_wp.o
         0          0          0          0          0          0   __rtentry.o
        20          0          0          0          0          0   __rtentry2.o
         6          0          0          0          0          0   __rtentry4.o
        60          8          0          0          0          0   __scatter.o
        26          0          0          0          0          0   __scatter_copy.o
        28          0          0          0          0          0   __scatter_zi.o
        30          0          0          0          0         60   _chval.o
         0          0         12          0          0          0   _monlen.o
        10          0          0          0          0          0   _printf_a.o
        10          0          0          0          0          0   _printf_c.o
        46          0          0          0          0        100   _printf_char.o
        48          6          0          0          0         88   _printf_char_common.o
        40          6          0          0          0         72   _printf_char_file.o
        38          0          0          0          0         60   _printf_charcount.o
        10          0          0          0          0          0   _printf_d.o
       108         18          0          0          0         76   _printf_dec.o
        10          0          0          0          0          0   _printf_e.o
        10          0          0          0          0          0   _printf_f.o
      1044         14          0          0          0        176   _printf_fp_dec.o
       728         10         38          0          0         84   _printf_fp_hex.o
       136         16          0          0          0         76   _printf_fp_infnan.o
        10          0          0          0          0          0   _printf_g.o
       152          4         40          0          0        148   _printf_hex_int_ll_ptr.o
        10          0          0          0          0          0   _printf_i.o
       176          0          0          0          0         84   _printf_intcommon.o
        10          0          0          0          0          0   _printf_l.o
        10          0          0          0          0          0   _printf_lc.o
        10          0          0          0          0          0   _printf_ll.o
        10          0          0          0          0          0   _printf_lld.o
        10          0          0          0          0          0   _printf_lli.o
        10          0          0          0          0          0   _printf_llo.o
        10          0          0          0          0          0   _printf_llu.o
        10          0          0          0          0          0   _printf_llx.o
       112         18          0          0          0         76   _printf_longlong_dec.o
        10          0          0          0          0          0   _printf_ls.o
        10          0          0          0          0          0   _printf_n.o
        10          0          0          0          0          0   _printf_o.o
       112         10          0          0          0        112   _printf_oct_int_ll.o
        10          0          0          0          0          0   _printf_p.o
        78          0          0          0          0        100   _printf_pad.o
         2          0          0          0          0          0   _printf_percent.o
         4          0          0          0          0          0   _printf_percent_end.o
        10          0          0          0          0          0   _printf_s.o
        82          0          0          0          0         72   _printf_str.o
        36          0          0          0          0         76   _printf_truncate.o
        10          0          0          0          0          0   _printf_u.o
        46          0          0          0          0        100   _printf_wchar.o
       188          6          8          0          0         80   _printf_wctomb.o
        10          0          0          0          0          0   _printf_x.o
        22          0          0          0          0         92   _rserrno.o
       896         16          0          0          0         84   _scanf.o
       330          0          0          0          0         84   _scanf_int.o
        68          0          0          0          0         76   _sgetc.o
        10          0          0          0          0         60   _sputc.o
        64          0          0          0          0         72   _wcrtomb.o
       488          0          0          0          0         92   aeabi_sdivfast.o
       200          4        148          0          0         80   bigflt0.o
      1272         16          0          0          0        328   btod.o
        14          0          0          0          0         68   c89vfprintf.o
        16          6          0          0          0         60   clearerr.o
        12          0          0          0          0         68   defsig_exit.o
        52          0          0          0          0         72   defsig_general.o
        48         34          0          0          0         68   defsig_pvfn_inner.o
        12          0          0          0          0         68   defsig_pvfn_outer.o
        80         58          0          0          0         68   defsig_rtmem_inner.o
        12          0          0          0          0         68   defsig_rtmem_outer.o
        52         38          0          0          0         68   defsig_rtred_inner.o
        12          0          0          0          0         68   defsig_rtred_outer.o
        76          4          0          0          0         76   fclose.o
         8          0          0          0          0         60   ferror.o
       104          4          0          0          0        100   fflush.o
       596         14          0          0          0        120   filbuf.o
       496         10          0          0          0         76   flsbuf.o
        56         10          0          0          0         72   flushlinebuffered.o
       232          8          0          0          0        108   fopen.o
        30          0          0          0          0         68   fputc.o
       302          0          0          0          0         84   freadfast.o
       244          4          0          0          0         76   fseek.o
        66          0          0          0          0         68   ftell.o
        98          0          0          0          0         72   h1_alloc.o
        52          0          0          0          0         68   h1_extend.o
        76          0          0          0          0         72   h1_free.o
        14          0          0          0          0         76   h1_init.o
        80          4          0          4          0         88   heapauxa.o
         4          0          0          0          0        120   hguard.o
         0          0          0          0          0          0   indicate_semi.o
        36         10          0          0          0         72   init_aeabi.o
       136          0          0          0          0        160   init_alloc.o
       316         44          0          0          0         96   initio.o
        18          0          0          0          0         68   isspace.o
        44         10        272          0          0         76   lc_ctype_c.o
        44         10         28          0          0         76   lc_numeric_c.o
         2          0          0          0          0          0   libinit.o
        46          0          0          0          0          0   libinit2.o
         0          0          0          0          0          0   libshutdown2.o
       122          0          0          0          0         72   lludiv10.o
        16          6          0          0         44         68   localtime.o
       156         14          0          0          0         72   localtime_internal.o
         0          0          0          0          0          0   maybetermalloc1.o
        20          0          0          0          0         68   rewind.o
        16          4          0          0          0         76   rt_ctype_table.o
         8          4          0          0          4         68   rt_errno_addr.o
         8          4          0          0          4         68   rt_heap_descriptor.o
         8          4          0          0         20         68   rt_locale.o
        64          0          0          0          0        108   rt_memclr.o
       186          0          0          0          0        144   rt_memcpy.o
        40          0          0          0          0         60   rtudiv10.o
        48          8          0          0          0         84   scanf_char.o
        26          0          0          0          0         68   setbuf.o
        76          4          0          0          0         72   setvbuf.o
       240          8          0          0          0        144   stdio.o
         0          0          0         12        252          0   stdio_streams.o
       160          4          0          0          0         80   strcmpv6m.o
        68          6          0          0          0         72   strlen.o
       160          6          0          0          0         76   strncmp.o
        12          4          0          0          0         60   sys_exit.o
        12          0          0          0          0         68   sys_wrch.o
        34          0          0          0          0         60   uread4.o
         2          0          0          0          0         68   use_no_semi.o
        36          4          0          0          0         68   vsprintf.o
        34          0          0          0          0         80   aeabi_vec_ctor_nocookie_nodtor.o
        34          0          0          0          0         76   aeabi_vec_dtor_noexceptions.o
        10          0          0          0          0         68   pure_virt.o
        46          0          0          0          0         60   cmpret.o
       856         20          0          0          0        208   daddsub.o
       144          4          0          0          0         76   dcmpin.o
      1096         26        128          0          0        112   ddiv.o
       108         10          0          0          0         72   dfixi.o
        88          0          0          0          0         92   dflti.o
       100          4          0          0          0         92   dlef.o
       584         26          0          0          0         84   dmul.o
        20          6          0          0          0         68   dnan2.o
       104          4          0          0          0        104   drlef.o
        96         12          0          0          0         72   dscalbn.o
        16          4          0          0          0         76   printf1.o
        16          4          0          0          0         76   printf2.o
        94          0          0          0          0         68   retnan.o
         0          0          0          0          0          0   usenofp.o
        50         10          0          0          0        204   dunder.o
       636         94         88          0          0        132   exp.o
        44          4          0          0          0         60   fpclassify.o
       172          0          0          0          0         76   poly.o
       304         52         16         12          0        400   FileBase.o
        52         12         68          0          0        136   FileLike.o
       164          0          0          0          0        392   FilePath.o
        28          6         36          0          0        136   FileSystemLike.o
       352         48         28         12          0        356   SPI.o
       160         34        108          0          0        580   Serial.o
       254         30        114          0          0        776   SerialBase.o
       228         26         76          0          0        536   Stream.o
        84         54          0          0          0         72   mbed_assert.o
       228         98         67          8          0        140   mbed_critical.o
        18          0          0          0          0         72   mbed_error.o
       194         38          0          0          0        220   mbed_gpio.o
         8          0          0          0          0         68   mbed_interface.o
       228         76          0          0          0        204   mbed_pinmap_common.o
       184         18          0         24          0         76   mbed_rtc_time.o
        24          6          0          4          0        128   mbed_semihost_api.o
        74          0          0          0          0         68   mbed_ticker_api.o
        16          6         28          8          0         68   mbed_us_ticker_api.o
        28          0          0          0          0         72   mbed_wait_api_no_rtos.o

    ----------------------------------------------------------------------
     19480       1258       1328         84        324      13940   Library Totals
        34          0          8          0          0          0   (incl. Padding)

    ----------------------------------------------------------------------

      Code (inc. data)   RO Data    RW Data    ZI Data      Debug   Library Name

     12470        526        563         16        324       7484   c_p.l
        78          0          0          0          0        224   cpprt_p.l
      3368        120        128          0          0       1260   fz_ps.l
       902        108         88          0          0        472   m_ps.l
      2628        504        541         68          0       4500   mbed.ar

    ----------------------------------------------------------------------
     19480       1258       1328         84        324      13940   Library Totals

    ----------------------------------------------------------------------

==============================================================================


      Code (inc. data)   RO Data    RW Data    ZI Data      Debug   

     35372       3856       5768        136       1728     279266   Grand Totals
     35372       3856       5768        136       1728     279266   ELF Image Totals
     35372       3856       5768        136          0          0   ROM Totals

==============================================================================

    Total RO  Size (Code + RO Data)                41140 (  40.18kB)
    Total RW  Size (RW Data + ZI Data)              1864 (   1.82kB)
    Total ROM Size (Code + RO Data + RW Data)      41276 (  40.31kB)

==============================================================================

