Component: ARM Compiler 5.06 update 4 (build 422) Tool: armlink [4d35d2]

==============================================================================

Section Cross References

    main.o(i.__sti___8_main_cpp_sd) refers to sdfilesystem.o(i._ZN12SDFileSystemC1E7PinNameS0_S0_S0_PKc) for SDFileSystem::SDFileSystem(PinName, PinName, PinName, PinName, const char*)
    main.o(i.__sti___8_main_cpp_sd) refers to retarget.o(i.__aeabi_atexit) for __aeabi_atexit
    main.o(i.__sti___8_main_cpp_sd) refers to main.o(i._ZN4mbed10DigitalOutC1E7PinName) for mbed::DigitalOut::DigitalOut(PinName)
    main.o(i.__sti___8_main_cpp_sd) refers to main.o(i._ZN4mbed9DigitalInC1E7PinName) for mbed::DigitalIn::DigitalIn(PinName)
    main.o(i.__sti___8_main_cpp_sd) refers to Serial.o(i._ZN4mbed6SerialC1E7PinNameS1_PKci) for mbed::Serial::Serial(PinName, PinName, const char*, int)
    main.o(i.__sti___8_main_cpp_sd) refers to main.o(.bss) for .bss
    main.o(i.__sti___8_main_cpp_sd) refers to main.o(i._ZN12SDFileSystemD1Ev) for SDFileSystem::~SDFileSystem()
    main.o(i.__sti___8_main_cpp_sd) refers to Serial.o(i._ZN4mbed6SerialD1Ev) for mbed::Serial::~Serial()
    main.o(i.main) refers to SerialBase.o(i._ZN4mbed10SerialBase4baudEi) for mbed::SerialBase::baud(int)
    main.o(i.main) refers to __2printf.o(.text) for __2printf
    main.o(i.main) refers to fopen.o(.text) for fopen
    main.o(i.main) refers to fclose.o(.text) for fclose
    main.o(i.main) refers to main.o(.bss) for .bss
    main.o(.ARM.exidx) refers to main.o(i.main) for i.main
    main.o(.ARM.exidx) refers to main.o(i.__sti___8_main_cpp_sd) for i.__sti___8_main_cpp_sd
    main.o(.init_array) refers to main.o(i.__sti___8_main_cpp_sd) for __sti___8_main_cpp_sd
    main.o(.init_array) refers to init_aeabi.o(.text) for __cpp_initialize__aeabi_
    analogin_api.o(i.analogin_init) refers to mbed_pinmap_common.o(i.pinmap_peripheral) for pinmap_peripheral
    analogin_api.o(i.analogin_init) refers to mbed_assert.o(i.mbed_assert_internal) for mbed_assert_internal
    analogin_api.o(i.analogin_init) refers to aeabi_sdivfast.o(.text) for __aeabi_uidivmod
    analogin_api.o(i.analogin_init) refers to mbed_pinmap_common.o(i.pinmap_pinout) for pinmap_pinout
    analogin_api.o(i.analogin_init) refers to PeripheralPins.o(.constdata) for PinMap_ADC
    analogin_api.o(i.analogin_init) refers to analogin_api.o(.conststring) for .conststring
    analogin_api.o(i.analogin_init) refers to system_MKL46Z4.o(.data) for SystemCoreClock
    analogin_api.o(i.analogin_read) refers to fflti.o(.text) for __aeabi_ui2f
    analogin_api.o(i.analogin_read) refers to fmul.o(x$fpl$fmul) for __aeabi_fmul
    analogout_api.o(i.analogout_init) refers to mbed_pinmap_common.o(i.pinmap_peripheral) for pinmap_peripheral
    analogout_api.o(i.analogout_init) refers to mbed_assert.o(i.mbed_assert_internal) for mbed_assert_internal
    analogout_api.o(i.analogout_init) refers to mbed_pinmap_common.o(i.pinmap_pinout) for pinmap_pinout
    analogout_api.o(i.analogout_init) refers to PeripheralPins.o(.constdata) for PinMap_DAC
    analogout_api.o(i.analogout_init) refers to analogout_api.o(.conststring) for .conststring
    analogout_api.o(i.analogout_read) refers to fflti.o(.text) for __aeabi_ui2f
    analogout_api.o(i.analogout_read) refers to fmul.o(x$fpl$fmul) for __aeabi_fmul
    analogout_api.o(i.analogout_write) refers to fmul.o(x$fpl$fmul) for __aeabi_fmul
    analogout_api.o(i.analogout_write) refers to ffixi.o(.text) for __aeabi_f2iz
    cmsis_nvic.o(i.NVIC_SetVector) refers to rt_memcpy.o(.emb_text) for __aeabi_memcpy4
    gpio_api.o(i.gpio_dir) refers to mbed_assert.o(i.mbed_assert_internal) for mbed_assert_internal
    gpio_api.o(i.gpio_dir) refers to gpio_api.o(.conststring) for .conststring
    gpio_api.o(i.gpio_init) refers to pinmap.o(i.pin_function) for pin_function
    gpio_api.o(i.gpio_mode) refers to pinmap.o(i.pin_mode) for pin_mode
    gpio_api.o(i.gpio_set) refers to mbed_assert.o(i.mbed_assert_internal) for mbed_assert_internal
    gpio_api.o(i.gpio_set) refers to pinmap.o(i.pin_function) for pin_function
    gpio_api.o(i.gpio_set) refers to gpio_api.o(.conststring) for .conststring
    gpio_irq_api.o(i.gpio_irqA) refers to gpio_irq_api.o(i.handle_interrupt_in) for handle_interrupt_in
    gpio_irq_api.o(i.gpio_irqCD) refers to gpio_irq_api.o(i.handle_interrupt_in) for handle_interrupt_in
    gpio_irq_api.o(i.gpio_irq_free) refers to gpio_irq_api.o(.bss) for .bss
    gpio_irq_api.o(i.gpio_irq_init) refers to mbed_error.o(i.error) for error
    gpio_irq_api.o(i.gpio_irq_init) refers to cmsis_nvic.o(i.NVIC_SetVector) for NVIC_SetVector
    gpio_irq_api.o(i.gpio_irq_init) refers to gpio_irq_api.o(.data) for .data
    gpio_irq_api.o(i.gpio_irq_init) refers to gpio_irq_api.o(.bss) for .bss
    gpio_irq_api.o(i.gpio_irq_init) refers to gpio_irq_api.o(i.gpio_irqA) for gpio_irqA
    gpio_irq_api.o(i.gpio_irq_init) refers to gpio_irq_api.o(i.gpio_irqCD) for gpio_irqCD
[...]
    _printf_int_dec                          0x00000f9d   Thumb Code    90  _printf_dec.o(.text)
    _printf_charcount                        0x00001009   Thumb Code    38  _printf_charcount.o(.text)
    _printf_char_common                      0x0000103b   Thumb Code    32  _printf_char_common.o(.text)
    _sputc                                   0x00001061   Thumb Code    10  _sputc.o(.text)
    _printf_cs_common                        0x0000106b   Thumb Code    22  _printf_char.o(.text)
    _printf_char                             0x00001081   Thumb Code    16  _printf_char.o(.text)
    _printf_string                           0x00001091   Thumb Code     8  _printf_char.o(.text)
    _printf_char_file                        0x00001099   Thumb Code    34  _printf_char_file.o(.text)
    _printf_wctomb                           0x000010c1   Thumb Code   182  _printf_wctomb.o(.text)
    _printf_longlong_dec                     0x0000117d   Thumb Code    94  _printf_longlong_dec.o(.text)
    _printf_longlong_oct                     0x000011ed   Thumb Code    68  _printf_oct_int_ll.o(.text)
    _printf_int_oct                          0x00001231   Thumb Code    24  _printf_oct_int_ll.o(.text)
    _printf_ll_oct                           0x00001249   Thumb Code    10  _printf_oct_int_ll.o(.text)
    _chval                                   0x0000125d   Thumb Code    30  _chval.o(.text)
    __vfscanf_char                           0x00001289   Thumb Code    28  scanf_char.o(.text)
    _sgetc                                   0x000012ad   Thumb Code    32  _sgetc.o(.text)
    _sbackspace                              0x000012cd   Thumb Code    36  _sgetc.o(.text)
    ferror                                   0x000012f1   Thumb Code     8  ferror.o(.text)
    __flsbuf                                 0x000012f9   Thumb Code   486  flsbuf.o(.text)
    __flsbuf_byte                            0x000012f9   Thumb Code     0  flsbuf.o(.text)
    __flsbuf_wide                            0x000012f9   Thumb Code     0  flsbuf.o(.text)
    _fseek                                   0x000014e9   Thumb Code   240  fseek.o(.text)
    fseek                                    0x000014e9   Thumb Code     0  fseek.o(.text)
    setvbuf                                  0x000015dd   Thumb Code    72  setvbuf.o(.text)
    _seterr                                  0x00001629   Thumb Code    20  stdio.o(.text)
    _writebuf                                0x0000163d   Thumb Code    76  stdio.o(.text)
    _fflush                                  0x00001689   Thumb Code    76  stdio.o(.text)
    _deferredlazyseek                        0x000016d5   Thumb Code    60  stdio.o(.text)
    _initio                                  0x00001719   Thumb Code   216  initio.o(.text)
    _terminateio                             0x000017f1   Thumb Code    56  initio.o(.text)
    __rt_SIGPVFN                             0x00001855   Thumb Code    12  defsig_pvfn_outer.o(.text)
    _localtime_r                             0x00001861   Thumb Code   142  localtime_internal.o(.text)
    _n$localtime_r                           0x00001861   Thumb Code     0  localtime_internal.o(.text)
    __aeabi_errno_addr                       0x000018fd   Thumb Code     8  rt_errno_addr.o(.text)
    __errno                                  0x000018fd   Thumb Code     0  rt_errno_addr.o(.text)
    __rt_errno_addr                          0x000018fd   Thumb Code     0  rt_errno_addr.o(.text)
    __Heap_ProvideMemory                     0x00001905   Thumb Code    52  h1_extend.o(.text)
    _ll_udiv10                               0x00001939   Thumb Code   122  lludiv10.o(.text)
    isspace                                  0x000019b3   Thumb Code    18  isspace.o(.text)
    __lib_sel_fp_printf                      0x000019c5   Thumb Code     2  _printf_fp_dec.o(.text)
    _printf_fp_dec_real                      0x00001b5f   Thumb Code   620  _printf_fp_dec.o(.text)
    _printf_fp_hex_real                      0x00001dd9   Thumb Code   718  _printf_fp_hex.o(.text)
    _printf_lcs_common                       0x000020b1   Thumb Code    22  _printf_wchar.o(.text)
    _printf_wchar                            0x000020c7   Thumb Code    16  _printf_wchar.o(.text)
    _printf_wstring                          0x000020d7   Thumb Code     8  _printf_wchar.o(.text)
    __vfscanf                                0x000020e1   Thumb Code   880  _scanf.o(.text)
    _ftell_internal                          0x00002461   Thumb Code    66  ftell.o(.text)
    ftell                                    0x00002461   Thumb Code     0  ftell.o(.text)
    _wcrtomb                                 0x000024a3   Thumb Code    64  _wcrtomb.o(.text)
    __sig_exit                               0x000024e3   Thumb Code    12  defsig_exit.o(.text)
    __rt_SIGRTRED                            0x000024ef   Thumb Code    12  defsig_rtred_outer.o(.text)
    __rt_SIGRTMEM                            0x000024fb   Thumb Code    12  defsig_rtmem_outer.o(.text)
    __rt_SIGPVFN_inner                       0x00002509   Thumb Code    14  defsig_pvfn_inner.o(.text)
    __rt_udiv10                              0x00002539   Thumb Code    40  rtudiv10.o(.text)
    __rt_heap_escrow                         0x00002561   Thumb Code    24  heapauxa.o(.text)
    __rt_heap_expand                         0x00002579   Thumb Code    52  heapauxa.o(.text)
    _sys_exit                                0x000025b1   Thumb Code     8  sys_exit.o(.text)
    __rt_ctype_table                         0x000025bd   Thumb Code    16  rt_ctype_table.o(.text)
    __rt_locale                              0x000025cd   Thumb Code     8  rt_locale.o(.text)
    _printf_fp_infnan                        0x000025d5   Thumb Code   120  _printf_fp_infnan.o(.text)
    _btod_etento                             0x0000265d   Thumb Code   196  bigflt0.o(.text)
    _btod_d2e                                0x00002725   Thumb Code    64  btod.o(.text)
    _btod_emul                               0x00002b1b   Thumb Code    24  btod.o(.text)
    _btod_emuld                              0x00002b33   Thumb Code    88  btod.o(.text)
    _btod_ediv                               0x00002b8b   Thumb Code    22  btod.o(.text)
    _btod_edivd                              0x00002ba1   Thumb Code    60  btod.o(.text)
    __default_signal_display                 0x00002bed   Thumb Code    52  defsig_general.o(.text)
    __rt_SIGRTRED_inner                      0x00002c21   Thumb Code    14  defsig_rtred_inner.o(.text)
    __rt_SIGRTMEM_inner                      0x00002c55   Thumb Code    22  defsig_rtmem_inner.o(.text)
    _ttywrch                                 0x00002ca5   Thumb Code    12  sys_wrch.o(.text)
    __I$use$semihosting                      0x00002cb1   Thumb Code     0  use_no_semi.o(.text)
    __use_no_semihosting_swi                 0x00002cb1   Thumb Code     2  use_no_semi.o(.text)
    __semihosting_library_function           0x00002cb3   Thumb Code     0  indicate_semi.o(.text)
    main                                     0x00002cb3   Thumb Code    12  retarget.o(i.$Sub$$main)
    NMI_Handler                              0x00002cc5   Thumb Code    16  mbed_overrides.o(i.NMI_Handler)
    NVIC_SetVector                           0x00002cd5   Thumb Code    44  cmsis_nvic.o(i.NVIC_SetVector)
    SystemInit                               0x00002d09   Thumb Code   128  system_MKL46Z4.o(i.SystemInit)
    clust2sect(FATFS*, unsigned long)        0x00002da9   Thumb Code    24  ff.o(i._Z10clust2sectP5FATFSm)
    get_fat(FATFS*, unsigned long)           0x000037f5   Thumb Code   198  ff.o(i._Z7get_fatP5FATFSm)
    put_fat(FATFS*, unsigned long, unsigned long) 0x000038d9   Thumb Code   246  ff.o(i._Z7put_fatP5FATFSmm)
    SDFileSystem::disk_write(const unsigned char*, unsigned, unsigned) 0x00003da7   Thumb Code    90  sdfilesystem.o(i._ZN12SDFileSystem10disk_writeEPKhjj)
    SDFileSystem::_sd_sectors()              0x00003e01   Thumb Code   182  sdfilesystem.o(i._ZN12SDFileSystem11_sd_sectorsEv)
    SDFileSystem::disk_status()              0x00003f9d   Thumb Code    20  sdfilesystem.o(i._ZN12SDFileSystem11disk_statusEv)
    SDFileSystem::disk_sectors()             0x00003fb1   Thumb Code    10  sdfilesystem.o(i._ZN12SDFileSystem12disk_sectorsEv)
    SDFileSystem::disk_initialize()          0x00003fbd   Thumb Code    88  sdfilesystem.o(i._ZN12SDFileSystem15disk_initializeEv)
    SDFileSystem::initialise_card()          0x00004061   Thumb Code   110  sdfilesystem.o(i._ZN12SDFileSystem15initialise_cardEv)
    SDFileSystem::initialise_card_v1()       0x00004141   Thumb Code    68  sdfilesystem.o(i._ZN12SDFileSystem18initialise_card_v1Ev)
    SDFileSystem::initialise_card_v2()       0x000041c1   Thumb Code    92  sdfilesystem.o(i._ZN12SDFileSystem18initialise_card_v2Ev)
    SDFileSystem::_cmd(int, int)             0x00004255   Thumb Code   146  sdfilesystem.o(i._ZN12SDFileSystem4_cmdEii)
    SDFileSystem::_cmd8()                    0x000042ed   Thumb Code   162  sdfilesystem.o(i._ZN12SDFileSystem5_cmd8Ev)
    SDFileSystem::_cmdx(int, int)            0x00004395   Thumb Code   124  sdfilesystem.o(i._ZN12SDFileSystem5_cmdxEii)
    SDFileSystem::_read(unsigned char*, unsigned) 0x00004415   Thumb Code    96  sdfilesystem.o(i._ZN12SDFileSystem5_readEPhj)
    SDFileSystem::_cmd58()                   0x00004475   Thumb Code   170  sdfilesystem.o(i._ZN12SDFileSystem6_cmd58Ev)
    SDFileSystem::_write(const unsigned char*, unsigned) 0x00004525   Thumb Code   138  sdfilesystem.o(i._ZN12SDFileSystem6_writeEPKhj)
    SDFileSystem::disk_read(unsigned char*, unsigned, unsigned) 0x000045af   Thumb Code    90  sdfilesystem.o(i._ZN12SDFileSystem9disk_readEPhjj)
    SDFileSystem::disk_sync()                0x00004609   Thumb Code     4  sdfilesystem.o(i._ZN12SDFileSystem9disk_syncEv)
    SDFileSystem::SDFileSystem(PinName, PinName, PinName, PinName, const char*) 0x0000460d   Thumb Code   104  sdfilesystem.o(i._ZN12SDFileSystemC1E7PinNameS0_S0_S0_PKc)
    SDFileSystem::SDFileSystem__sub_object(PinName, PinName, PinName, PinName, const char*) 0x0000460d   Thumb Code     0  sdfilesystem.o(i._ZN12SDFileSystemC1E7PinNameS0_S0_S0_PKc)
    SDFileSystem::~SDFileSystem()            0x00004681   Thumb Code    20  main.o(i._ZN12SDFileSystemD1Ev)
    SDFileSystem::~SDFileSystem__sub_object() 0x00004681   Thumb Code     0  main.o(i._ZN12SDFileSystemD1Ev)
    FATFileHandle::flen()                    0x00004699   Thumb Code     4  fatfilehandle.o(i._ZN13FATFileHandle4flenEv)
    FATFileHandle::close()                   0x0000469d   Thumb Code    24  fatfilehandle.o(i._ZN13FATFileHandle5closeEv)
    FATFileHandle::lseek(long, int)          0x000046b5   Thumb Code    60  fatfilehandle.o(i._ZN13FATFileHandle5lseekEli)
    FATFileHandle::write(const void*, unsigned) 0x0000471d   Thumb Code    32  fatfilehandle.o(i._ZN13FATFileHandle5writeEPKvj)
    FATFileHandle::isatty()                  0x00004755   Thumb Code     4  fatfilehandle.o(i._ZN13FATFileHandle6isattyEv)
    FATFileHandle::FATFileHandle(FIL)        0x00004759   Thumb Code    32  fatfilehandle.o(i._ZN13FATFileHandleC1E3FIL)
    FATFileHandle::FATFileHandle__sub_object(FIL) 0x00004759   Thumb Code     0  fatfilehandle.o(i._ZN13FATFileHandleC1E3FIL)
    FATFileHandle::~FATFileHandle__deallocating() 0x0000477d   Thumb Code    12  fatfilehandle.o(i._ZN13FATFileHandleD0Ev)
    FATFileSystem::disk_status()             0x00004789   Thumb Code     4  fatfilesystem.o(i._ZN13FATFileSystem11disk_statusEv)
    FATFileSystem::disk_initialize()         0x0000478d   Thumb Code     4  fatfilesystem.o(i._ZN13FATFileSystem15disk_initializeEv)
    FATFileSystem::open(const char*, int)    0x00004791   Thumb Code   172  fatfilesystem.o(i._ZN13FATFileSystem4openEPKci)
    FATFileSystem::disk_sync()               0x00004885   Thumb Code     4  fatfilesystem.o(i._ZN13FATFileSystem9disk_syncEv)
    FATFileSystem::FATFileSystem__sub_object(const char*) 0x00004889   Thumb Code    92  fatfilesystem.o(i._ZN13FATFileSystemC2EPKc)
    FATFileSystem::~FATFileSystem()          0x00004959   Thumb Code     0  fatfilesystem.o(i._ZN13FATFileSystemD2Ev)
    FATFileSystem::~FATFileSystem__sub_object() 0x00004959   Thumb Code    42  fatfilesystem.o(i._ZN13FATFileSystemD2Ev)
    mbed::DigitalOut::DigitalOut(PinName)    0x0000498d   Thumb Code    24  main.o(i._ZN4mbed10DigitalOutC1E7PinName)
    mbed::DigitalOut::DigitalOut__sub_object(PinName) 0x0000498d   Thumb Code     0  main.o(i._ZN4mbed10DigitalOutC1E7PinName)
    mbed::DigitalOut::operator =(int)        0x000049a5   Thumb Code    42  sdfilesystem.o(i._ZN4mbed10DigitalOutaSEi)
    mbed::FileHandle::flen()                 0x00004a29   Thumb Code    80  retarget.o(i._ZN4mbed10FileHandle4flenEv)
    mbed::FileHandle::lock()                 0x00004a79   Thumb Code     2  retarget.o(i._ZN4mbed10FileHandle4lockEv)
    mbed::FileHandle::unlock()               0x00004a7b   Thumb Code     2  retarget.o(i._ZN4mbed10FileHandle6unlockEv)
    mbed::FileHandle::~FileHandle()          0x00004a7d   Thumb Code     0  retarget.o(i._ZN4mbed10FileHandleD2Ev)
    mbed::FileHandle::~FileHandle__sub_object() 0x00004a7d   Thumb Code   100  retarget.o(i._ZN4mbed10FileHandleD2Ev)
    mbed::SerialBase::_base_putc(int)        0x00004af5   Thumb Code    14  SerialBase.o(i._ZN4mbed10SerialBase10_base_putcEi)
    mbed::SerialBase::_irq_handler(unsigned, SerialIrq) 0x00004b05   Thumb Code    36  SerialBase.o(i._ZN4mbed10SerialBase12_irq_handlerEj9SerialIrq)
    mbed::SerialBase::baud(int)              0x00004b31   Thumb Code    34  SerialBase.o(i._ZN4mbed10SerialBase4baudEi)
    mbed::SerialBase::lock()                 0x00004b53   Thumb Code     2  SerialBase.o(i._ZN4mbed10SerialBase4lockEv)
    mbed::SerialBase::unlock()               0x00004b55   Thumb Code     2  SerialBase.o(i._ZN4mbed10SerialBase6unlockEv)
    mbed::SerialBase::SerialBase(PinName, PinName, int) 0x00004b59   Thumb Code   102  SerialBase.o(i._ZN4mbed10SerialBaseC1E7PinNameS1_i)
    mbed::SerialBase::SerialBase__sub_object(PinName, PinName, int) 0x00004b59   Thumb Code     0  SerialBase.o(i._ZN4mbed10SerialBaseC1E7PinNameS1_i)
    mbed::FileSystemLike::FileSystemLike__sub_object(const char*) 0x00004bd5   Thumb Code    14  FileSystemLike.o(i._ZN4mbed14FileSystemLikeC2EPKc)
    mbed::FileSystemLike::~FileSystemLike()  0x00004be9   Thumb Code     0  FileSystemLike.o(i._ZN4mbed14FileSystemLikeD2Ev)
    mbed::FileSystemLike::~FileSystemLike__sub_object() 0x00004be9   Thumb Code     8  FileSystemLike.o(i._ZN4mbed14FileSystemLikeD2Ev)
    mbed::mbed_set_unbuffered_stream(std::__FILE*) 0x00004bf1   Thumb Code    10  retarget.o(i._ZN4mbed26mbed_set_unbuffered_streamEPSt6__FILE)
    mbed::SPI::lock()                        0x00004bfd   Thumb Code    32  SPI.o(i._ZN4mbed3SPI4lockEv)
    mbed::SPI::write(int)                    0x00004c29   Thumb Code    82  SPI.o(i._ZN4mbed3SPI5writeEi)
    mbed::SPI::unlock()                      0x00004c81   Thumb Code    32  SPI.o(i._ZN4mbed3SPI6unlockEv)
    mbed::SPI::frequency(int)                0x00004cad   Thumb Code    76  SPI.o(i._ZN4mbed3SPI9frequencyEi)
    mbed::SPI::SPI(PinName, PinName, PinName, PinName) 0x00004cfd   Thumb Code    82  SPI.o(i._ZN4mbed3SPIC1E7PinNameS1_S1_S1_)
    mbed::SPI::SPI__sub_object(PinName, PinName, PinName, PinName) 0x00004cfd   Thumb Code     0  SPI.o(i._ZN4mbed3SPIC1E7PinNameS1_S1_S1_)
    mbed::Serial::lock()                     0x00004d5d   Thumb Code     2  Serial.o(i._ZN4mbed6Serial4lockEv)
    mbed::Serial::unlock()                   0x00004d5f   Thumb Code     2  Serial.o(i._ZN4mbed6Serial6unlockEv)
    mbed::Serial::Serial(PinName, PinName, const char*, int) 0x00004d61   Thumb Code    34  Serial.o(i._ZN4mbed6SerialC1E7PinNameS1_PKci)
    mbed::Serial::Serial__sub_object(PinName, PinName, const char*, int) 0x00004d61   Thumb Code     0  Serial.o(i._ZN4mbed6SerialC1E7PinNameS1_PKci)
    mbed::Serial::~Serial()                  0x00004d91   Thumb Code    44  Serial.o(i._ZN4mbed6SerialD1Ev)
    mbed::Serial::~Serial__sub_object()      0x00004d91   Thumb Code     0  Serial.o(i._ZN4mbed6SerialD1Ev)
    mbed::Stream::flen()                     0x00004dd1   Thumb Code     4  Stream.o(i._ZN4mbed6Stream4flenEv)
    mbed::Stream::close()                    0x00004dd5   Thumb Code     4  Stream.o(i._ZN4mbed6Stream5closeEv)
    mbed::Stream::lseek(long, int)           0x00004dd9   Thumb Code     4  Stream.o(i._ZN4mbed6Stream5lseekEli)
    mbed::Stream::write(const void*, unsigned) 0x00004ddd   Thumb Code    54  Stream.o(i._ZN4mbed6Stream5writeEPKvj)
    mbed::Stream::isatty()                   0x00004e13   Thumb Code     4  Stream.o(i._ZN4mbed6Stream6isattyEv)
    mbed::Stream::Stream__sub_object(const char*) 0x00004e19   Thumb Code    52  Stream.o(i._ZN4mbed6StreamC2EPKc)
    mbed::Stream::~Stream()                  0x00004e5d   Thumb Code     0  Stream.o(i._ZN4mbed6StreamD2Ev)
    mbed::Stream::~Stream__sub_object()      0x00004e5d   Thumb Code    26  Stream.o(i._ZN4mbed6StreamD2Ev)
    mbed::FileBase::getPathType()            0x00004e81   Thumb Code     4  FileBase.o(i._ZN4mbed8FileBase11getPathTypeEv)
    mbed::FileBase::lookup(const char*, unsigned) 0x00004e85   Thumb Code    96  FileBase.o(i._ZN4mbed8FileBase6lookupEPKcj)
    mbed::FileBase::getName()                0x00004ef5   Thumb Code     4  FileBase.o(i._ZN4mbed8FileBase7getNameEv)
    mbed::FileBase::FileBase(const char*, mbed::PathType) 0x00004ef9   Thumb Code    50  FileBase.o(i._ZN4mbed8FileBaseC1EPKcNS_8PathTypeE)
    mbed::FileBase::FileBase__sub_object(const char*, mbed::PathType) 0x00004ef9   Thumb Code     0  FileBase.o(i._ZN4mbed8FileBaseC1EPKcNS_8PathTypeE)
    mbed::FileBase::~FileBase()              0x00004f39   Thumb Code    62  FileBase.o(i._ZN4mbed8FileBaseD1Ev)
    mbed::FileBase::~FileBase__sub_object()  0x00004f39   Thumb Code     0  FileBase.o(i._ZN4mbed8FileBaseD1Ev)
    mbed::FileLike::FileLike__sub_object(const char*) 0x00004f85   Thumb Code    24  FileLike.o(i._ZN4mbed8FileLikeC2EPKc)
    mbed::FileLike::~FileLike()              0x00004fa9   Thumb Code     0  FileLike.o(i._ZN4mbed8FileLikeD2Ev)
    mbed::FileLike::~FileLike__sub_object()  0x00004fa9   Thumb Code    16  FileLike.o(i._ZN4mbed8FileLikeD2Ev)
    mbed::FilePath::fileSystem()             0x00004fb9   Thumb Code    26  FilePath.o(i._ZN4mbed8FilePath10fileSystemEv)
    mbed::FilePath::file()                   0x00004fd3   Thumb Code    32  FilePath.o(i._ZN4mbed8FilePath4fileEv)
    mbed::FilePath::exists()                 0x00004ff3   Thumb Code    10  FilePath.o(i._ZN4mbed8FilePath6existsEv)
    mbed::FilePath::isFile()                 0x00004ffd   Thumb Code    24  FilePath.o(i._ZN4mbed8FilePath6isFileEv)
    mbed::FilePath::fileName()               0x00005015   Thumb Code     4  FilePath.o(i._ZN4mbed8FilePath8fileNameEv)
    mbed::FilePath::FilePath(const char*)    0x00005019   Thumb Code    68  FilePath.o(i._ZN4mbed8FilePathC1EPKc)
    mbed::FilePath::FilePath__sub_object(const char*) 0x00005019   Thumb Code     0  FilePath.o(i._ZN4mbed8FilePathC1EPKc)
    mbed::DigitalIn::DigitalIn(PinName)      0x0000505d   Thumb Code    24  main.o(i._ZN4mbed9DigitalInC1E7PinName)
    mbed::DigitalIn::DigitalIn__sub_object(PinName) 0x0000505d   Thumb Code     0  main.o(i._ZN4mbed9DigitalInC1E7PinName)
    thunk{-48} to mbed::Serial::lock()       0x00005077   Thumb Code     2  Serial.o(i._ZThn48_N4mbed6Serial4lockEv)
    thunk{-48} to mbed::Serial::_putc(int)   0x00005079   Thumb Code    10  Serial.o(i._ZThn48_N4mbed6Serial5_putcEi)
    thunk{-48} to mbed::Serial::unlock()     0x00005083   Thumb Code     2  Serial.o(i._ZThn48_N4mbed6Serial6unlockEv)
    operator delete (void*)                  0x00005085   Thumb Code    14  retarget.o(i._ZdlPv)
    operator new(unsigned)                   0x00005095   Thumb Code    20  retarget.o(i._Znwj)
    __ARM_common_ll_muluu                    0x000050c9   Thumb Code    48  btod.o(i.__ARM_common_ll_muluu)
    __ARM_fpclassify                         0x000050f9   Thumb Code    40  fpclassify.o(i.__ARM_fpclassify)
    __aeabi_atexit                           0x00005125   Thumb Code     4  retarget.o(i.__aeabi_atexit)
    __aeabi_vec_ctor_nocookie_nodtor         0x00005129   Thumb Code    34  aeabi_vec_ctor_nocookie_nodtor.o(i.__aeabi_vec_ctor_nocookie_nodtor)
    __cxa_pure_virtual                       0x0000514b   Thumb Code    10  pure_virt.o(i.__cxa_pure_virtual)
    __user_setup_stackheap                   0x000051e1   Thumb Code    10  sys.o(i.__user_setup_stackheap)
    _is_digit                                0x000051f1   Thumb Code    14  __printf_wp.o(i._is_digit)
    _platform_post_stackheap_init            0x000051ff   Thumb Code     8  retarget.o(i._platform_post_stackheap_init)
    _sys_close                               0x00005209   Thumb Code    38  retarget.o(i._sys_close)
    _sys_flen                                0x00005235   Thumb Code    34  retarget.o(i._sys_flen)
    _sys_istty                               0x0000525d   Thumb Code    34  retarget.o(i._sys_istty)
    _sys_open                                0x00005285   Thumb Code   418  retarget.o(i._sys_open)
    _sys_seek                                0x00005451   Thumb Code    36  retarget.o(i._sys_seek)
    _sys_write                               0x00005479   Thumb Code    94  retarget.o(i._sys_write)
    core_util_critical_section_enter         0x000054e5   Thumb Code    72  mbed_critical.o(i.core_util_critical_section_enter)
    core_util_critical_section_exit          0x00005571   Thumb Code    58  mbed_critical.o(i.core_util_critical_section_exit)
    disk_initialize                          0x000055c9   Thumb Code    30  diskio.o(i.disk_initialize)
    disk_ioctl                               0x0000560d   Thumb Code    90  diskio.o(i.disk_ioctl)
    disk_read                                0x0000567d   Thumb Code    46  diskio.o(i.disk_read)
    disk_status                              0x000056e1   Thumb Code    30  diskio.o(i.disk_status)
    disk_write                               0x00005721   Thumb Code    46  diskio.o(i.disk_write)
    error                                    0x00005785   Thumb Code    18  mbed_error.o(i.error)
    exit                                     0x00005799   Thumb Code    36  retarget.o(i.exit)
    f_close                                  0x000057c5   Thumb Code    28  ff.o(i.f_close)
    f_lseek                                  0x000057e1   Thumb Code   332  ff.o(i.f_lseek)
    f_mount                                  0x0000592d   Thumb Code    74  ff.o(i.f_mount)
    f_open                                   0x0000597d   Thumb Code   320  ff.o(i.f_open)
    f_sync                                   0x00005ac1   Thumb Code   152  ff.o(i.f_sync)
    f_write                                  0x00005b59   Thumb Code   420  ff.o(i.f_write)
    ff_convert                               0x00005cfd   Thumb Code    52  ccsbcs.o(i.ff_convert)
    ff_wtoupper                              0x00005d35   Thumb Code    72  ccsbcs.o(i.ff_wtoupper)
    fputc                                    0x00005d85   Thumb Code    30  fputc.o(i.fputc)
    get_fattime                              0x00005da3   Thumb Code    66  fatfilesystem.o(i.get_fattime)
    gpio_dir                                 0x00005de5   Thumb Code    54  gpio_api.o(i.gpio_dir)
    gpio_init                                0x00005e39   Thumb Code    56  gpio_api.o(i.gpio_init)
    gpio_init_in                             0x00005e75   Thumb Code    34  mbed_gpio.o(i.gpio_init_in)
    gpio_init_out                            0x00005e99   Thumb Code    56  mbed_gpio.o(i.gpio_init_out)
    gpio_init_out_ex                         0x00005ed9   Thumb Code    66  mbed_gpio.o(i.gpio_init_out_ex)
    gpio_mode                                0x00005f39   Thumb Code    14  gpio_api.o(i.gpio_mode)
    $Super$$main                             0x000060b1   Thumb Code   116  main.o(i.main)
    mbed_assert_internal                     0x0000624d   Thumb Code    30  mbed_assert.o(i.mbed_assert_internal)
    mbed_die                                 0x000062a1   Thumb Code    80  mbed_board.o(i.mbed_die)
    mbed_error_printf                        0x00006311   Thumb Code    78  mbed_board.o(i.mbed_error_printf)
    mbed_error_vfprintf                      0x00006369   Thumb Code    70  mbed_board.o(i.mbed_error_vfprintf)
    mbed_interface_connected                 0x000063b9   Thumb Code     8  mbed_interface.o(i.mbed_interface_connected)
    mbed_main                                0x000063c1   Thumb Code     2  retarget.o(i.mbed_main)
    mbed_sdk_init                            0x000063c3   Thumb Code     2  retarget.o(i.mbed_sdk_init)
    pin_function                             0x000063c5   Thumb Code    68  pinmap.o(i.pin_function)
    pin_mode                                 0x00006429   Thumb Code    36  pinmap.o(i.pin_mode)
    pinmap_merge                             0x00006469   Thumb Code    30  mbed_pinmap_common.o(i.pinmap_merge)
    pinmap_peripheral                        0x0000649d   Thumb Code    60  mbed_pinmap_common.o(i.pinmap_peripheral)
    pinmap_pinout                            0x000064f9   Thumb Code    62  mbed_pinmap_common.o(i.pinmap_pinout)
    rtc_init                                 0x0000654d   Thumb Code    48  rtc_api.o(i.rtc_init)
    rtc_isenabled                            0x00006581   Thumb Code    40  rtc_api.o(i.rtc_isenabled)
    rtc_read                                 0x000065b1   Thumb Code     6  rtc_api.o(i.rtc_read)
    rtc_write                                0x000065bd   Thumb Code    26  rtc_api.o(i.rtc_write)
    semihost_connected                       0x000065dd   Thumb Code     6  mbed_semihost_api.o(i.semihost_connected)
    semihost_exit                            0x000065e9   Thumb Code    12  mbed_semihost_api.o(i.semihost_exit)
    serial_baud                              0x000065f5   Thumb Code   352  serial_api.o(i.serial_baud)
    serial_format                            0x00006775   Thumb Code   148  serial_api.o(i.serial_format)
    serial_init                              0x00006849   Thumb Code   332  serial_api.o(i.serial_init)
    serial_irq_handler                       0x000069d5   Thumb Code    14  serial_api.o(i.serial_irq_handler)
    serial_putc                              0x000069ed   Thumb Code    36  serial_api.o(i.serial_putc)
    spi_format                               0x00006a11   Thumb Code   110  spi_api.o(i.spi_format)
    spi_frequency                            0x00006abd   Thumb Code   130  spi_api.o(i.spi_frequency)
    spi_init                                 0x00006b49   Thumb Code   204  spi_api.o(i.spi_init)
    spi_master_write                         0x00006c49   Thumb Code    70  spi_api.o(i.spi_master_write)
    ticker_irq_handler                       0x00006c8f   Thumb Code    74  mbed_ticker_api.o(i.ticker_irq_handler)
    time                                     0x00006cd9   Thumb Code   166  mbed_rtc_time.o(i.time)
    us_ticker_clear_interrupt                0x00006d91   Thumb Code     2  us_ticker.o(i.us_ticker_clear_interrupt)
    us_ticker_disable_interrupt              0x00006d95   Thumb Code    12  us_ticker.o(i.us_ticker_disable_interrupt)
    us_ticker_init                           0x00006da5   Thumb Code   388  us_ticker.o(i.us_ticker_init)
    us_ticker_irq_handler                    0x00006f61   Thumb Code    10  mbed_us_ticker_api.o(i.us_ticker_irq_handler)
    us_ticker_read                           0x00006f71   Thumb Code    22  us_ticker.o(i.us_ticker_read)
    us_ticker_set_interrupt                  0x00006f91   Thumb Code    98  us_ticker.o(i.us_ticker_set_interrupt)
    wait_ms                                  0x00007005   Thumb Code    28  mbed_wait_api_no_rtos.o(i.wait_ms)
    _get_lc_numeric                          0x00007021   Thumb Code    44  lc_numeric_c.o(locale$$code)
    _get_lc_ctype                            0x0000704d   Thumb Code    44  lc_ctype_c.o(locale$$code)
    SingletonPtr<PlatformMutex>::operator ->() 0x00007079   Thumb Code    36  FileBase.o(t._ZN12SingletonPtrI13PlatformMutexEptEv)
    void mbed::Callback<void()>::function_call<void(*)()>(const void*) 0x000070a5   Thumb Code     4  SerialBase.o(t._ZN4mbed8CallbackIFvvEE13function_callIPS1_EEvPKv)
    void mbed::Callback<void()>::function_dtor<void(*)()>(void*) 0x000070a9   Thumb Code     2  SerialBase.o(t._ZN4mbed8CallbackIFvvEE13function_dtorIPS1_EEvPv)
    void mbed::Callback<void()>::function_move<void(*)()>(void*, const void*) 0x000070ab   Thumb Code    10  SerialBase.o(t._ZN4mbed8CallbackIFvvEE13function_moveIPS1_EEvPvPKv)
    mbed::Callback<void()>::~Callback()      0x000070b5   Thumb Code    20  Serial.o(t._ZN4mbed8CallbackIFvvEED1Ev)
    mbed::Callback<void()>::~Callback__sub_object() 0x000070b5   Thumb Code     0  Serial.o(t._ZN4mbed8CallbackIFvvEED1Ev)
    _printf_fp_dec                           0x000070c9   Thumb Code    16  printf1.o(x$fpl$printf1)
    _printf_fp_hex                           0x000070d9   Thumb Code    16  printf2.o(x$fpl$printf2)
    PinMap_RTC                               0x000070e8   Data          12  PeripheralPins.o(.constdata)
    __I$use$fp                               0x000070e8   Number         0  usenofp.o(x$fpl$usenofp)
    PinMap_UART_TX                           0x000070f4   Data         132  PeripheralPins.o(.constdata)
    PinMap_UART_RX                           0x00007178   Data         132  PeripheralPins.o(.constdata)
    __stdin_name                             0x000071fc   Data           7  retarget.o(.constdata)
    __stdout_name                            0x00007203   Data           8  retarget.o(.constdata)
    __stderr_name                            0x0000720b   Data           8  retarget.o(.constdata)
    _monlen                                  0x00007e42   Data          12  _monlen.o(.constdata)
    vtable for SDFileSystem                  0x00007ee4   Data          72  sdfilesystem.o(.constdata__ZTV12SDFileSystem)
    vtable for FATFileHandle                 0x00007f2c   Data          52  fatfilehandle.o(.constdata__ZTV13FATFileHandle)
    vtable for FATFileSystem                 0x00007f60   Data          72  fatfilesystem.o(.constdata__ZTV13FATFileSystem)
    vtable for mbed::FileHandle              0x00007fa8   Data          52  retarget.o(.constdata__ZTVN4mbed10FileHandleE)
    vtable for mbed::SerialBase              0x00007fdc   Data          24  SerialBase.o(.constdata__ZTVN4mbed10SerialBaseE)
    vtable for mbed::FileSystemLike          0x00007ff4   Data          36  FileSystemLike.o(.constdata__ZTVN4mbed14FileSystemLikeE)
    vtable for mbed::SPI                     0x00008018   Data          28  SPI.o(.constdata__ZTVN4mbed3SPIE)
    vtable for mbed::Serial                  0x00008034   Data         108  Serial.o(.constdata__ZTVN4mbed6SerialE)
    vtable for mbed::Stream                  0x000080a0   Data          76  Stream.o(.constdata__ZTVN4mbed6StreamE)
    vtable for mbed::FileBase                0x000080ec   Data          16  FileBase.o(.constdata__ZTVN4mbed8FileBaseE)
    vtable for mbed::FileLike                0x000080fc   Data          68  FileLike.o(.constdata__ZTVN4mbed8FileLikeE)
    SingletonPtr<PlatformMutex>::get()::string 0x00008140   Data          20  retarget.o(.constdata__ZZN12SingletonPtrI13PlatformMutexE3getEvEs)
    SingletonPtr<PlatformMutex>::get()::string (instance 2) 0x00008154   Data          77  retarget.o(.constdata__ZZN12SingletonPtrI13PlatformMutexE3getEvEs_0)
    void mbed::Callback<void()>::generate<void(*)()>(const T1&)::ops 0x000081a4   Data          12  SerialBase.o(.constdata__ZZN4mbed8CallbackIFvvEE8generateIPS1_EEvRKT_E3ops)
    mbed::Callback<void()>::call() const::string 0x000081b0   Data           5  SerialBase.o(.constdata__ZZNK4mbed8CallbackIFvvEE4callEvEs)
    mbed::Callback<void()>::call() const::string (instance 2) 0x000081b5   Data          73  SerialBase.o(.constdata__ZZNK4mbed8CallbackIFvvEE4callEvEs_0)
    Region$$Table$$Base                      0x00008488   Number         0  anon$$obj.o(Region$$Table)
    Region$$Table$$Limit                     0x000084a8   Number         0  anon$$obj.o(Region$$Table)
    __ctype                                  0x000084d1   Data           0  lc_ctype_c.o(locale$$data)
    SHT$$INIT_ARRAY$$Base                    0x000085d4   Number         0  main.o(.init_array)
    SHT$$INIT_ARRAY$$Limit                   0x000085d8   Number         0  init_aeabi.o(.init_array)
    stdio_uart_inited                        0x1fffe0c8   Data           4  serial_api.o(.data)
    stdio_uart                               0x1fffe0d0   Data           8  serial_api.o(.data)
    SystemCoreClock                          0x1fffe0d8   Data           4  system_MKL46Z4.o(.data)
    FATFileSystem::_ffs                      0x1fffe0e8   Data           4  fatfilesystem.o(.data)
    mbed::FileBase::_head                    0x1fffe0f4   Data           4  FileBase.o(.data)
    mbed::FileBase::_mutex                   0x1fffe0f8   Data           8  FileBase.o(.data)
    mbed::SPI::_owner                        0x1fffe100   Data           4  SPI.o(.data)
    mbed::SPI::_mutex                        0x1fffe104   Data           8  SPI.o(.data)
    __aeabi_stdin                            0x1fffe138   Data           4  stdio_streams.o(.data)
    __aeabi_stdout                           0x1fffe13c   Data           4  stdio_streams.o(.data)
    __aeabi_stderr                           0x1fffe140   Data           4  stdio_streams.o(.data)
    sd                                       0x1fffe148   Data         644  main.o(.bss)
    led_red                                  0x1fffe3cc   Data          24  main.o(.bss)
    led_green                                0x1fffe3e4   Data          24  main.o(.bss)
    sw2                                      0x1fffe3fc   Data          24  main.o(.bss)
    sw3                                      0x1fffe414   Data          24  main.o(.bss)
    pc                                       0x1fffe42c   Data          76  main.o(.bss)
    __stdin                                  0x1fffe6c4   Data          84  stdio_streams.o(.bss)
    __stdout                                 0x1fffe718   Data          84  stdio_streams.o(.bss)
    __stderr                                 0x1fffe76c   Data          84  stdio_streams.o(.bss)
    Image$$RW_IRAM1$$ZI$$Limit               0x1fffe808   Number         0  anon$$obj.o ABSOLUTE



==============================================================================

Memory Map of the image

  Image Entry point : 0x000000c1

  Load Region LR_IROM1 (Base: 0x00000000, Size: 0x00008660, Max: 0x00040000, ABSOLUTE)

    Execution Region ER_IROM1 (Base: 0x00000000, Size: 0x000085d8, Max: 0x00040000, ABSOLUTE)

    Base Addr    Size         Type   Attr      Idx    E Section Name        Object

    0x00000000   0x000000c0   Data   RO          810    RESET               startup_MKL46Z4.o
    0x000000c0   0x00000008   Code   RO         2856  * !!!main             c_p.l(__main.o)
    0x000000c8   0x0000003c   Code   RO         3563    !!!scatter          c_p.l(__scatter.o)
    0x00000104   0x0000001a   Code   RO         3565    !!handler_copy      c_p.l(__scatter_copy.o)
    0x0000011e   0x00000002   PAD
    0x00000120   0x0000001c   Code   RO         3567    !!handler_zi        c_p.l(__scatter_zi.o)
    0x0000013c   0x00000002   Code   RO         2790    .ARM.Collect$$_printf_percent$$00000000  c_p.l(_printf_percent.o)
    0x0000013e   0x0000000a   Code   RO         3078    .ARM.Collect$$_printf_percent$$00000001  c_p.l(_printf_n.o)
    0x00000148   0x0000000a   Code   RO         2789    .ARM.Collect$$_printf_percent$$00000002  c_p.l(_printf_p.o)
    0x00000152   0x0000000a   Code   RO         3084    .ARM.Collect$$_printf_percent$$00000003  c_p.l(_printf_f.o)
    0x0000015c   0x0000000a   Code   RO         3085    .ARM.Collect$$_printf_percent$$00000004  c_p.l(_printf_e.o)
    0x00000166   0x0000000a   Code   RO         3086    .ARM.Collect$$_printf_percent$$00000005  c_p.l(_printf_g.o)
    0x00000170   0x0000000a   Code   RO         3087    .ARM.Collect$$_printf_percent$$00000006  c_p.l(_printf_a.o)
    0x0000017a   0x0000000a   Code   RO         3092    .ARM.Collect$$_printf_percent$$00000007  c_p.l(_printf_ll.o)
    0x00000184   0x0000000a   Code   RO         3081    .ARM.Collect$$_printf_percent$$00000008  c_p.l(_printf_i.o)
    0x0000018e   0x0000000a   Code   RO         3082    .ARM.Collect$$_printf_percent$$00000009  c_p.l(_printf_d.o)
    0x00000198   0x0000000a   Code   RO         3083    .ARM.Collect$$_printf_percent$$0000000A  c_p.l(_printf_u.o)
    0x000001a2   0x0000000a   Code   RO         3080    .ARM.Collect$$_printf_percent$$0000000B  c_p.l(_printf_o.o)
    0x000001ac   0x0000000a   Code   RO         3079    .ARM.Collect$$_printf_percent$$0000000C  c_p.l(_printf_x.o)
    0x000001b6   0x0000000a   Code   RO         3089    .ARM.Collect$$_printf_percent$$0000000D  c_p.l(_printf_lli.o)
    0x000001c0   0x0000000a   Code   RO         3090    .ARM.Collect$$_printf_percent$$0000000E  c_p.l(_printf_lld.o)
    0x000001ca   0x0000000a   Code   RO         3091    .ARM.Collect$$_printf_percent$$0000000F  c_p.l(_printf_llu.o)
    0x000001d4   0x0000000a   Code   RO         3096    .ARM.Collect$$_printf_percent$$00000010  c_p.l(_printf_llo.o)
    0x000001de   0x0000000a   Code   RO         3097    .ARM.Collect$$_printf_percent$$00000011  c_p.l(_printf_llx.o)
    0x000001e8   0x0000000a   Code   RO         3093    .ARM.Collect$$_printf_percent$$00000012  c_p.l(_printf_l.o)
    0x000001f2   0x0000000a   Code   RO         3077    .ARM.Collect$$_printf_percent$$00000013  c_p.l(_printf_c.o)
    0x000001fc   0x0000000a   Code   RO         2788    .ARM.Collect$$_printf_percent$$00000014  c_p.l(_printf_s.o)
    0x00000206   0x0000000a   Code   RO         3094    .ARM.Collect$$_printf_percent$$00000015  c_p.l(_printf_lc.o)
    0x00000210   0x0000000a   Code   RO         3095    .ARM.Collect$$_printf_percent$$00000016  c_p.l(_printf_ls.o)
    0x0000021a   0x00000004   Code   RO         3088    .ARM.Collect$$_printf_percent$$00000017  c_p.l(_printf_percent_end.o)
    0x0000021e   0x00000002   Code   RO         3446    .ARM.Collect$$libinit$$00000000  c_p.l(libinit.o)
    0x00000220   0x00000000   Code   RO         3146    .ARM.Collect$$libinit$$00000002  c_p.l(libinit2.o)
    0x00000220   0x00000000   Code   RO         3148    .ARM.Collect$$libinit$$00000004  c_p.l(libinit2.o)
    0x00000220   0x00000008   Code   RO         3149    .ARM.Collect$$libinit$$00000005  c_p.l(libinit2.o)
    0x00000228   0x00000000   Code   RO         3151    .ARM.Collect$$libinit$$0000000A  c_p.l(libinit2.o)
    0x00000228   0x00000000   Code   RO         3153    .ARM.Collect$$libinit$$0000000C  c_p.l(libinit2.o)
    0x00000228   0x00000000   Code   RO         3155    .ARM.Collect$$libinit$$0000000E  c_p.l(libinit2.o)
    0x00000228   0x00000006   Code   RO         3156    .ARM.Collect$$libinit$$0000000F  c_p.l(libinit2.o)
    0x0000022e   0x00000000   Code   RO         3158    .ARM.Collect$$libinit$$00000011  c_p.l(libinit2.o)
    0x0000022e   0x0000000c   Code   RO         3159    .ARM.Collect$$libinit$$00000012  c_p.l(libinit2.o)
    0x0000023a   0x00000000   Code   RO         3160    .ARM.Collect$$libinit$$00000013  c_p.l(libinit2.o)
    0x0000023a   0x00000000   Code   RO         3162    .ARM.Collect$$libinit$$00000015  c_p.l(libinit2.o)
    0x0000023a   0x0000000a   Code   RO         3163    .ARM.Collect$$libinit$$00000016  c_p.l(libinit2.o)
    0x00000244   0x00000000   Code   RO         3164    .ARM.Collect$$libinit$$00000017  c_p.l(libinit2.o)
    0x00000244   0x00000000   Code   RO         3166    .ARM.Collect$$libinit$$00000019  c_p.l(libinit2.o)
    0x00000244   0x00000000   Code   RO         3168    .ARM.Collect$$libinit$$0000001B  c_p.l(libinit2.o)
    0x00000244   0x00000000   Code   RO         3170    .ARM.Collect$$libinit$$0000001D  c_p.l(libinit2.o)
    0x00000244   0x00000000   Code   RO         3172    .ARM.Collect$$libinit$$0000001F  c_p.l(libinit2.o)
    0x00000244   0x00000000   Code   RO         3174    .ARM.Collect$$libinit$$00000021  c_p.l(libinit2.o)
    0x00000244   0x00000000   Code   RO         3176    .ARM.Collect$$libinit$$00000023  c_p.l(libinit2.o)
    0x00000244   0x00000004   Code   RO         3177    .ARM.Collect$$libinit$$00000024  c_p.l(libinit2.o)
    0x00000248   0x00000000   Code   RO         3178    .ARM.Collect$$libinit$$00000025  c_p.l(libinit2.o)
    0x00000248   0x00000000   Code   RO         3182    .ARM.Collect$$libinit$$0000002C  c_p.l(libinit2.o)
    0x00000248   0x00000000   Code   RO         3184    .ARM.Collect$$libinit$$0000002E  c_p.l(libinit2.o)
    0x00000248   0x00000000   Code   RO         3186    .ARM.Collect$$libinit$$00000030  c_p.l(libinit2.o)
    0x00000248   0x00000004   Code   RO         3187    .ARM.Collect$$libinit$$00000031  c_p.l(libinit2.o)
    0x0000024c   0x00000000   Code   RO         3188    .ARM.Collect$$libinit$$00000032  c_p.l(libinit2.o)
    0x0000024c   0x00000002   Code   RO         3189    .ARM.Collect$$libinit$$00000033  c_p.l(libinit2.o)
    0x0000024e   0x00000000   Code   RO         3360    .ARM.Collect$$libshutdown$$00000004  c_p.l(libshutdown2.o)
    0x0000024e   0x00000000   Code   RO         3016    .ARM.Collect$$rtentry$$00000000  c_p.l(__rtentry.o)
    0x0000024e   0x00000000   Code   RO         3247    .ARM.Collect$$rtentry$$00000002  c_p.l(__rtentry2.o)
    0x0000024e   0x00000006   Code   RO         3259    .ARM.Collect$$rtentry$$00000004  c_p.l(__rtentry4.o)
    0x00000254   0x00000008   Code   RO         3248    .ARM.Collect$$rtentry$$00000008  c_p.l(__rtentry2.o)
    0x0000025c   0x00000004   Code   RO         3250    .ARM.Collect$$rtentry$$0000000A  c_p.l(__rtentry2.o)
    0x00000260   0x00000000   Code   RO         3252    .ARM.Collect$$rtentry$$0000000C  c_p.l(__rtentry2.o)
    0x00000260   0x00000008   Code   RO         3253    .ARM.Collect$$rtentry$$0000000D  c_p.l(__rtentry2.o)
    0x00000268   0x00000038   Code   RO         2837    .emb_text           c_p.l(rt_memcpy.o)
    0x000002a0   0x00000000   Code   RO         3272    .emb_text           c_p.l(maybetermalloc1.o)
    0x000002a0   0x0000001c   Code   RO          812    .text               startup_MKL46Z4.o
    0x000002bc   0x00000062   Code   RO         2673    .text               c_p.l(h1_alloc.o)
    0x0000031e   0x0000004c   Code   RO         2675    .text               c_p.l(h1_free.o)
    0x0000036a   0x00000002   PAD
    0x0000036c   0x00000024   Code   RO         2731    .text               c_p.l(vsprintf.o)
    0x00000390   0x0000000e   Code   RO         2733    .text               c_p.l(c89vfprintf.o)
    0x0000039e   0x00000002   PAD
    0x000003a0   0x0000001c   Code   RO         2735    .text               c_p.l(__2printf.o)
    0x000003bc   0x0000002c   Code   RO         2737    .text               c_p.l(__2sprintf.o)
    0x000003e8   0x00000010   Code   RO         2849    .text               c_p.l(localtime.o)
    0x000003f8   0x00000008   Code   RO         3021    .text               c_p.l(rt_heap_descriptor.o)
    0x00000400   0x00000010   Code   RO          811    .ARM.__at_0x400     startup_MKL46Z4.o
    0x00000410   0x00000052   Code   RO         2745    .text               c_p.l(_printf_str.o)
    0x00000462   0x00000002   PAD
    0x00000464   0x00000098   Code   RO         2765    .text               c_p.l(_printf_hex_int_ll_ptr.o)
    0x000004fc   0x00000188   Code   RO         2785    .text               c_p.l(__printf_flags_ss_wp.o)
    0x00000684   0x00000040   Code   RO         2793    .text               c_p.l(__0sscanf.o)
    0x000006c4   0x0000014a   Code   RO         2795    .text               c_p.l(_scanf_int.o)
    0x0000080e   0x00000002   PAD
    0x00000810   0x00000068   Code   RO         2797    .text               c_p.l(fflush.o)
    0x00000878   0x000000e8   Code   RO         2811    .text               c_p.l(fopen.o)
    0x00000960   0x0000001a   Code   RO         2813    .text               c_p.l(setbuf.o)
    0x0000097a   0x00000002   PAD
    0x0000097c   0x0000004c   Code   RO         2821    .text               c_p.l(fclose.o)
    0x000009c8   0x00000044   Code   RO         2833    .text               c_p.l(strlen.o)
    0x00000a0c   0x000000a0   Code   RO         2835    .text               c_p.l(strncmp.o)
    0x00000aac   0x00000040   Code   RO         2841    .text               c_p.l(rt_memclr.o)
    0x00000aec   0x000000a0   Code   RO         2845    .text               c_p.l(strcmpv6m.o)
    0x00000b8c   0x00000022   Code   RO         2847    .text               c_p.l(uread4.o)
    0x00000bae   0x000001e8   Code   RO         2852    .text               c_p.l(aeabi_sdivfast.o)
    0x00000d96   0x00000002   PAD
    0x00000d98   0x00000024   Code   RO         2861    .text               c_p.l(init_aeabi.o)
    0x00000dbc   0x00000022   Code   RO         2976    .text               cpprt_p.l(aeabi_vec_dtor_noexceptions.o)
    0x00000dde   0x00000004   Code   RO         3026    .text               c_p.l(hguard.o)
    0x00000de2   0x00000088   Code   RO         3028    .text               c_p.l(init_alloc.o)
    0x00000e6a   0x0000000e   Code   RO         3032    .text               c_p.l(h1_init.o)
    0x00000e78   0x0000004e   Code   RO         3048    .text               c_p.l(_printf_pad.o)
    0x00000ec6   0x00000024   Code   RO         3050    .text               c_p.l(_printf_truncate.o)
    0x00000eea   0x000000b0   Code   RO         3052    .text               c_p.l(_printf_intcommon.o)
    0x00000f9a   0x00000002   PAD
    0x00000f9c   0x0000006c   Code   RO         3054    .text               c_p.l(_printf_dec.o)
    0x00001008   0x00000026   Code   RO         3056    .text               c_p.l(_printf_charcount.o)
    0x0000102e   0x00000002   PAD
    0x00001030   0x00000030   Code   RO         3058    .text               c_p.l(_printf_char_common.o)
    0x00001060   0x0000000a   Code   RO         3060    .text               c_p.l(_sputc.o)
    0x0000106a   0x0000002e   Code   RO         3062    .text               c_p.l(_printf_char.o)
    0x00001098   0x00000028   Code   RO         3064    .text               c_p.l(_printf_char_file.o)
    0x000010c0   0x000000bc   Code   RO         3066    .text               c_p.l(_printf_wctomb.o)
    0x0000117c   0x00000070   Code   RO         3069    .text               c_p.l(_printf_longlong_dec.o)
    0x000011ec   0x00000070   Code   RO         3075    .text               c_p.l(_printf_oct_int_ll.o)
    0x0000125c   0x0000001e   Code   RO         3098    .text               c_p.l(_chval.o)
    0x0000127a   0x00000002   PAD
    0x0000127c   0x00000030   Code   RO         3104    .text               c_p.l(scanf_char.o)
    0x000012ac   0x00000044   Code   RO         3106    .text               c_p.l(_sgetc.o)
    0x000012f0   0x00000008   Code   RO         3116    .text               c_p.l(ferror.o)
    0x000012f8   0x000001f0   Code   RO         3120    .text               c_p.l(flsbuf.o)
    0x000014e8   0x000000f4   Code   RO         3122    .text               c_p.l(fseek.o)
    0x000015dc   0x0000004c   Code   RO         3124    .text               c_p.l(setvbuf.o)
    0x00001628   0x000000f0   Code   RO         3126    .text               c_p.l(stdio.o)
    0x00001718   0x0000013c   Code   RO         3129    .text               c_p.l(initio.o)
    0x00001854   0x0000000c   Code   RO         3137    .text               c_p.l(defsig_pvfn_outer.o)
    0x00001860   0x0000009c   Code   RO         3141    .text               c_p.l(localtime_internal.o)
    0x000018fc   0x00000008   Code   RO         3265    .text               c_p.l(rt_errno_addr.o)
    0x00001904   0x00000034   Code   RO         3274    .text               c_p.l(h1_extend.o)
    0x00001938   0x0000007a   Code   RO         3280    .text               c_p.l(lludiv10.o)
    0x000019b2   0x00000012   Code   RO         3282    .text               c_p.l(isspace.o)
    0x000019c4   0x00000414   Code   RO         3284    .text               c_p.l(_printf_fp_dec.o)
    0x00001dd8   0x000002d8   Code   RO         3286    .text               c_p.l(_printf_fp_hex.o)
    0x000020b0   0x0000002e   Code   RO         3293    .text               c_p.l(_printf_wchar.o)
    0x000020de   0x00000002   PAD
    0x000020e0   0x00000380   Code   RO         3295    .text               c_p.l(_scanf.o)
    0x00002460   0x00000042   Code   RO         3305    .text               c_p.l(ftell.o)
    0x000024a2   0x00000040   Code   RO         3331    .text               c_p.l(_wcrtomb.o)
    0x000024e2   0x0000000c   Code   RO         3333    .text               c_p.l(defsig_exit.o)
    0x000024ee   0x0000000c   Code   RO         3335    .text               c_p.l(defsig_rtred_outer.o)
    0x000024fa   0x0000000c   Code   RO         3339    .text               c_p.l(defsig_rtmem_outer.o)
    0x00002506   0x00000002   PAD
    0x00002508   0x00000030   Code   RO         3343    .text               c_p.l(defsig_pvfn_inner.o)
    0x00002538   0x00000028   Code   RO         3348    .text               c_p.l(rtudiv10.o)
    0x00002560   0x00000050   Code   RO         3350    .text               c_p.l(heapauxa.o)
    0x000025b0   0x0000000c   Code   RO         3395    .text               c_p.l(sys_exit.o)
    0x000025bc   0x00000010   Code   RO         3397    .text               c_p.l(rt_ctype_table.o)
    0x000025cc   0x00000008   Code   RO         3399    .text               c_p.l(rt_locale.o)
    0x000025d4   0x00000088   Code   RO         3411    .text               c_p.l(_printf_fp_infnan.o)
    0x0000265c   0x000000c8   Code   RO         3413    .text               c_p.l(bigflt0.o)
    0x00002724   0x000004c8   Code   RO         3416    .text               c_p.l(btod.o)
    0x00002bec   0x00000034   Code   RO         3429    .text               c_p.l(defsig_general.o)
    0x00002c20   0x00000034   Code   RO         3435    .text               c_p.l(defsig_rtred_inner.o)
    0x00002c54   0x00000050   Code   RO         3437    .text               c_p.l(defsig_rtmem_inner.o)
    0x00002ca4   0x0000000c   Code   RO         3476    .text               c_p.l(sys_wrch.o)
    0x00002cb0   0x00000002   Code   RO         3478    .text               c_p.l(use_no_semi.o)
    0x00002cb2   0x00000000   Code   RO         3480    .text               c_p.l(indicate_semi.o)
    0x00002cb2   0x0000000c   Code   RO          572    i.$Sub$$main        retarget.o
    0x00002cbe   0x00000006   Code   RO         2322    i.<Func1>           mbed.ar(SerialBase.o)
    0x00002cc4   0x00000010   Code   RO          499    i.NMI_Handler       mbed_overrides.o
    0x00002cd4   0x00000034   Code   RO          407    i.NVIC_SetVector    cmsis_nvic.o
    0x00002d08   0x000000a0   Code   RO          820    i.SystemInit        system_MKL46Z4.o
    0x00002da8   0x00000018   Code   RO         1367    i._Z10clust2sectP5FATFSm  ff.o
    0x00002dc0   0x0000020c   Code   RO         1369    i._Z11create_nameP9FATFS_DIRPPKc  ff.o
    0x00002fcc   0x000002a0   Code   RO         1370    i._Z11find_volumePP5FATFSPPKch  ff.o
    0x0000326c   0x00000068   Code   RO         1371    i._Z11follow_pathP9FATFS_DIRPKc  ff.o
    0x000032d4   0x0000007c   Code   RO         1372    i._Z11gen_numnamePhPKhPKtj  ff.o
    0x00003350   0x00000034   Code   RO         1373    i._Z11move_windowP5FATFSm  ff.o
    0x00003384   0x00000052   Code   RO         1374    i._Z11sync_windowP5FATFS  ff.o
    0x000033d6   0x00000002   PAD
    0x000033d8   0x000000a8   Code   RO         1375    i._Z12create_chainP5FATFSm  ff.o
    0x00003480   0x00000142   Code   RO         1376    i._Z12dir_registerP9FATFS_DIR  ff.o
    0x000035c2   0x0000003c   Code   RO         1378    i._Z12get_ldnumberPPKc  ff.o
    0x000035fe   0x0000005e   Code   RO         1379    i._Z12remove_chainP5FATFSm  ff.o
    0x0000365c   0x0000001c   Code   RO         1704    i._Z5debugPKcz      sdfilesystem.o
    0x00003678   0x00000012   Code   RO         1380    i._Z7chk_chrPKci    ff.o
    0x0000368a   0x00000002   PAD
    0x0000368c   0x00000084   Code   RO         1381    i._Z7cmp_lfnPtPh    ff.o
    0x00003710   0x0000007e   Code   RO         1382    i._Z7dir_sdiP9FATFS_DIRj  ff.o
    0x0000378e   0x00000002   PAD
    0x00003790   0x00000064   Code   RO         1383    i._Z7fit_lfnPKtPhhh  ff.o
    0x000037f4   0x000000c6   Code   RO         1384    i._Z7get_fatP5FATFSm  ff.o
    0x000038ba   0x00000010   Code   RO         1385    i._Z7mem_cpyPvPKvj  ff.o
    0x000038ca   0x0000000e   Code   RO         1386    i._Z7mem_setPvij    ff.o
    0x000038d8   0x000000f6   Code   RO         1387    i._Z7put_fatP5FATFSmm  ff.o
    0x000039ce   0x0000001a   Code   RO         1388    i._Z7sum_sfnPKh     ff.o
    0x000039e8   0x0000009c   Code   RO         1389    i._Z7sync_fsP5FATFS  ff.o
    0x00003a84   0x0000006c   Code   RO         1390    i._Z8check_fsP5FATFSm  ff.o
    0x00003af0   0x00000020   Code   RO          870    i._Z8debug_ifiPKcz  diskio.o
    0x00003b10   0x00000020   Code   RO         1076    i._Z8debug_ifiPKcz  fatfilehandle.o
    0x00003b30   0x00000020   Code   RO         1167    i._Z8debug_ifiPKcz  fatfilesystem.o
    0x00003b50   0x00000020   Code   RO         1705    i._Z8debug_ifiPKcz  sdfilesystem.o
    0x00003b70   0x000000d0   Code   RO         1391    i._Z8dir_findP9FATFS_DIR  ff.o
    0x00003c40   0x000000e2   Code   RO         1392    i._Z8dir_nextP9FATFS_DIRi  ff.o
    0x00003d22   0x0000002e   Code   RO         1706    i._Z8ext_bitsPhii   sdfilesystem.o
    0x00003d50   0x0000001e   Code   RO         1394    i._Z8ld_clustP5FATFSPKh  ff.o
    0x00003d6e   0x00000010   Code   RO         1396    i._Z8st_clustPhm    ff.o
    0x00003d7e   0x00000028   Code   RO         1397    i._Z8validatePv     ff.o
    0x00003da6   0x0000005a   Code   RO         1707    i._ZN12SDFileSystem10disk_writeEPKhjj  sdfilesystem.o
    0x00003e00   0x0000019c   Code   RO         1708    i._ZN12SDFileSystem11_sd_sectorsEv  sdfilesystem.o
    0x00003f9c   0x00000014   Code   RO         1709    i._ZN12SDFileSystem11disk_statusEv  sdfilesystem.o
    0x00003fb0   0x0000000a   Code   RO         1710    i._ZN12SDFileSystem12disk_sectorsEv  sdfilesystem.o
    0x00003fba   0x00000002   PAD
    0x00003fbc   0x000000a4   Code   RO         1711    i._ZN12SDFileSystem15disk_initializeEv  sdfilesystem.o
    0x00004060   0x000000e0   Code   RO         1712    i._ZN12SDFileSystem15initialise_cardEv  sdfilesystem.o
    0x00004140   0x00000080   Code   RO         1713    i._ZN12SDFileSystem18initialise_card_v1Ev  sdfilesystem.o
    0x000041c0   0x00000094   Code   RO         1714    i._ZN12SDFileSystem18initialise_card_v2Ev  sdfilesystem.o
    0x00004254   0x00000098   Code   RO         1715    i._ZN12SDFileSystem4_cmdEii  sdfilesystem.o
    0x000042ec   0x000000a8   Code   RO         1716    i._ZN12SDFileSystem5_cmd8Ev  sdfilesystem.o
    0x00004394   0x00000080   Code   RO         1717    i._ZN12SDFileSystem5_cmdxEii  sdfilesystem.o
    0x00004414   0x00000060   Code   RO         1718    i._ZN12SDFileSystem5_readEPhj  sdfilesystem.o
    0x00004474   0x000000b0   Code   RO         1719    i._ZN12SDFileSystem6_cmd58Ev  sdfilesystem.o
    0x00004524   0x0000008a   Code   RO         1720    i._ZN12SDFileSystem6_writeEPKhj  sdfilesystem.o
    0x000045ae   0x0000005a   Code   RO         1721    i._ZN12SDFileSystem9disk_readEPhjj  sdfilesystem.o
    0x00004608   0x00000004   Code   RO         1722    i._ZN12SDFileSystem9disk_syncEv  sdfilesystem.o
    0x0000460c   0x00000074   Code   RO         1723    i._ZN12SDFileSystemC1E7PinNameS0_S0_S0_PKc  sdfilesystem.o
    0x00004680   0x00000018   Code   RO           27    i._ZN12SDFileSystemD1Ev  main.o
    0x00004698   0x00000004   Code   RO         1077    i._ZN13FATFileHandle4flenEv  fatfilehandle.o
    0x0000469c   0x00000018   Code   RO         1079    i._ZN13FATFileHandle5closeEv  fatfilehandle.o
    0x000046b4   0x00000068   Code   RO         1081    i._ZN13FATFileHandle5lseekEli  fatfilehandle.o
    0x0000471c   0x00000038   Code   RO         1082    i._ZN13FATFileHandle5writeEPKvj  fatfilehandle.o
    0x00004754   0x00000004   Code   RO         1083    i._ZN13FATFileHandle6isattyEv  fatfilehandle.o
    0x00004758   0x00000024   Code   RO         1084    i._ZN13FATFileHandleC1E3FIL  fatfilehandle.o
    0x0000477c   0x0000000c   Code   RO         1145    i._ZN13FATFileHandleD0Ev  fatfilehandle.o
    0x00004788   0x00000004   Code   RO         1263    i._ZN13FATFileSystem11disk_statusEv  fatfilesystem.o
    0x0000478c   0x00000004   Code   RO         1257    i._ZN13FATFileSystem15disk_initializeEv  fatfilesystem.o
    0x00004790   0x000000f4   Code   RO         1168    i._ZN13FATFileSystem4openEPKci  fatfilesystem.o
    0x00004884   0x00000004   Code   RO         1269    i._ZN13FATFileSystem9disk_syncEv  fatfilesystem.o
    0x00004888   0x000000d0   Code   RO         1176    i._ZN13FATFileSystemC2EPKc  fatfilesystem.o
    0x00004958   0x00000034   Code   RO         1178    i._ZN13FATFileSystemD2Ev  fatfilesystem.o
    0x0000498c   0x00000018   Code   RO           36    i._ZN4mbed10DigitalOutC1E7PinName  main.o
    0x000049a4   0x00000084   Code   RO         1835    i._ZN4mbed10DigitalOutaSEi  sdfilesystem.o
    0x00004a28   0x00000050   Code   RO          711    i._ZN4mbed10FileHandle4flenEv  retarget.o
    0x00004a78   0x00000002   Code   RO          715    i._ZN4mbed10FileHandle4lockEv  retarget.o
    0x00004a7a   0x00000002   Code   RO          718    i._ZN4mbed10FileHandle6unlockEv  retarget.o
    0x00004a7c   0x00000078   Code   RO          574    i._ZN4mbed10FileHandleD2Ev  retarget.o
    0x00004af4   0x0000000e   Code   RO         2324    i._ZN4mbed10SerialBase10_base_putcEi  mbed.ar(SerialBase.o)
    0x00004b02   0x00000002   PAD
    0x00004b04   0x0000002c   Code   RO         2326    i._ZN4mbed10SerialBase12_irq_handlerEj9SerialIrq  mbed.ar(SerialBase.o)
    0x00004b30   0x00000022   Code   RO         2327    i._ZN4mbed10SerialBase4baudEi  mbed.ar(SerialBase.o)
    0x00004b52   0x00000002   Code   RO         2328    i._ZN4mbed10SerialBase4lockEv  mbed.ar(SerialBase.o)
    0x00004b54   0x00000002   Code   RO         2331    i._ZN4mbed10SerialBase6unlockEv  mbed.ar(SerialBase.o)
    0x00004b56   0x00000002   PAD
    0x00004b58   0x0000007c   Code   RO         2334    i._ZN4mbed10SerialBaseC1E7PinNameS1_i  mbed.ar(SerialBase.o)
    0x00004bd4   0x00000014   Code   RO         2152    i._ZN4mbed14FileSystemLikeC2EPKc  mbed.ar(FileSystemLike.o)
    0x00004be8   0x00000008   Code   RO         2154    i._ZN4mbed14FileSystemLikeD2Ev  mbed.ar(FileSystemLike.o)
    0x00004bf0   0x0000000a   Code   RO          575    i._ZN4mbed26mbed_set_unbuffered_streamEPSt6__FILE  retarget.o
    0x00004bfa   0x00000002   PAD
    0x00004bfc   0x0000002c   Code   RO         2222    i._ZN4mbed3SPI4lockEv  mbed.ar(SPI.o)
    0x00004c28   0x00000058   Code   RO         2223    i._ZN4mbed3SPI5writeEi  mbed.ar(SPI.o)
    0x00004c80   0x0000002c   Code   RO         2226    i._ZN4mbed3SPI6unlockEv  mbed.ar(SPI.o)
    0x00004cac   0x00000050   Code   RO         2227    i._ZN4mbed3SPI9frequencyEi  mbed.ar(SPI.o)
    0x00004cfc   0x00000060   Code   RO         2228    i._ZN4mbed3SPIC1E7PinNameS1_S1_S1_  mbed.ar(SPI.o)
    0x00004d5c   0x00000002   Code   RO         2263    i._ZN4mbed6Serial4lockEv  mbed.ar(Serial.o)
    0x00004d5e   0x00000002   Code   RO         2266    i._ZN4mbed6Serial6unlockEv  mbed.ar(Serial.o)
    0x00004d60   0x00000030   Code   RO         2267    i._ZN4mbed6SerialC1E7PinNameS1_PKci  mbed.ar(Serial.o)
    0x00004d90   0x00000040   Code   RO         2297    i._ZN4mbed6SerialD1Ev  mbed.ar(Serial.o)
    0x00004dd0   0x00000004   Code   RO         2396    i._ZN4mbed6Stream4flenEv  mbed.ar(Stream.o)
    0x00004dd4   0x00000004   Code   RO         2402    i._ZN4mbed6Stream5closeEv  mbed.ar(Stream.o)
    0x00004dd8   0x00000004   Code   RO         2404    i._ZN4mbed6Stream5lseekEli  mbed.ar(Stream.o)
    0x00004ddc   0x00000036   Code   RO         2406    i._ZN4mbed6Stream5writeEPKvj  mbed.ar(Stream.o)
    0x00004e12   0x00000004   Code   RO         2407    i._ZN4mbed6Stream6isattyEv  mbed.ar(Stream.o)
    0x00004e16   0x00000002   PAD
    0x00004e18   0x00000044   Code   RO         2411    i._ZN4mbed6StreamC2EPKc  mbed.ar(Stream.o)
    0x00004e5c   0x00000024   Code   RO         2413    i._ZN4mbed6StreamD2Ev  mbed.ar(Stream.o)
    0x00004e80   0x00000004   Code   RO         2093    i._ZN4mbed8FileBase11getPathTypeEv  mbed.ar(FileBase.o)
    0x00004e84   0x00000070   Code   RO         2095    i._ZN4mbed8FileBase6lookupEPKcj  mbed.ar(FileBase.o)
    0x00004ef4   0x00000004   Code   RO         2096    i._ZN4mbed8FileBase7getNameEv  mbed.ar(FileBase.o)
    0x00004ef8   0x00000040   Code   RO         2097    i._ZN4mbed8FileBaseC1EPKcNS_8PathTypeE  mbed.ar(FileBase.o)
    0x00004f38   0x0000004c   Code   RO         2099    i._ZN4mbed8FileBaseD1Ev  mbed.ar(FileBase.o)
    0x00004f84   0x00000024   Code   RO         2630    i._ZN4mbed8FileLikeC2EPKc  mbed.ar(FileLike.o)
    0x00004fa8   0x00000010   Code   RO         2632    i._ZN4mbed8FileLikeD2Ev  mbed.ar(FileLike.o)
    0x00004fb8   0x0000001a   Code   RO         2126    i._ZN4mbed8FilePath10fileSystemEv  mbed.ar(FilePath.o)
    0x00004fd2   0x00000020   Code   RO         2128    i._ZN4mbed8FilePath4fileEv  mbed.ar(FilePath.o)
    0x00004ff2   0x0000000a   Code   RO         2129    i._ZN4mbed8FilePath6existsEv  mbed.ar(FilePath.o)
    0x00004ffc   0x00000018   Code   RO         2130    i._ZN4mbed8FilePath6isFileEv  mbed.ar(FilePath.o)
    0x00005014   0x00000004   Code   RO         2131    i._ZN4mbed8FilePath8fileNameEv  mbed.ar(FilePath.o)
    0x00005018   0x00000044   Code   RO         2132    i._ZN4mbed8FilePathC1EPKc  mbed.ar(FilePath.o)
    0x0000505c   0x00000018   Code   RO           30    i._ZN4mbed9DigitalInC1E7PinName  main.o
    0x00005074   0x00000002   Code   RO         2335    i._ZN4mbed9donothingEv  mbed.ar(SerialBase.o)
    0x00005076   0x00000002   Code   RO         2269    i._ZThn48_N4mbed6Serial4lockEv  mbed.ar(Serial.o)
    0x00005078   0x0000000a   Code   RO         2271    i._ZThn48_N4mbed6Serial5_putcEi  mbed.ar(Serial.o)
    0x00005082   0x00000002   Code   RO         2272    i._ZThn48_N4mbed6Serial6unlockEv  mbed.ar(Serial.o)
    0x00005084   0x0000000e   Code   RO          579    i._ZdlPv            retarget.o
    0x00005092   0x00000002   PAD
    0x00005094   0x00000034   Code   RO          581    i._Znwj             retarget.o
    0x000050c8   0x00000030   Code   RO         3418    i.__ARM_common_ll_muluu  c_p.l(btod.o)
    0x000050f8   0x0000002c   Code   RO         3468    i.__ARM_fpclassify  m_ps.l(fpclassify.o)
    0x00005124   0x00000004   Code   RO          582    i.__aeabi_atexit    retarget.o
    0x00005128   0x00000022   Code   RO         2973    i.__aeabi_vec_ctor_nocookie_nodtor  cpprt_p.l(aeabi_vec_ctor_nocookie_nodtor.o)
    0x0000514a   0x0000000a   Code   RO         2864    i.__cxa_pure_virtual  cpprt_p.l(pure_virt.o)
    0x00005154   0x0000008c   Code   RO            3    i.__sti___8_main_cpp_sd  main.o
    0x000051e0   0x00000010   Code   RO          814    i.__user_setup_stackheap  sys.o
    0x000051f0   0x0000000e   Code   RO         2778    i._is_digit         c_p.l(__printf_wp.o)
    0x000051fe   0x00000008   Code   RO          585    i._platform_post_stackheap_init  retarget.o
    0x00005206   0x00000002   PAD
    0x00005208   0x0000002c   Code   RO          586    i._sys_close        retarget.o
    0x00005234   0x00000028   Code   RO          589    i._sys_flen         retarget.o
    0x0000525c   0x00000028   Code   RO          590    i._sys_istty        retarget.o
    0x00005284   0x000001cc   Code   RO          591    i._sys_open         retarget.o
    0x00005450   0x00000028   Code   RO          593    i._sys_seek         retarget.o
    0x00005478   0x0000006c   Code   RO          594    i._sys_write        retarget.o
    0x000054e4   0x0000008c   Code   RO         2535    i.core_util_critical_section_enter  mbed.ar(mbed_critical.o)
    0x00005570   0x00000058   Code   RO         2536    i.core_util_critical_section_exit  mbed.ar(mbed_critical.o)
    0x000055c8   0x00000044   Code   RO          871    i.disk_initialize   diskio.o
    0x0000560c   0x00000070   Code   RO          872    i.disk_ioctl        diskio.o
    0x0000567c   0x00000064   Code   RO          873    i.disk_read         diskio.o
    0x000056e0   0x00000040   Code   RO          874    i.disk_status       diskio.o
    0x00005720   0x00000064   Code   RO          875    i.disk_write        diskio.o
    0x00005784   0x00000012   Code   RO         2558    i.error             mbed.ar(mbed_error.o)
    0x00005796   0x00000002   PAD
    0x00005798   0x0000002c   Code   RO          596    i.exit              retarget.o
    0x000057c4   0x0000001c   Code   RO         1399    i.f_close           ff.o
    0x000057e0   0x0000014c   Code   RO         1402    i.f_lseek           ff.o
    0x0000592c   0x00000050   Code   RO         1405    i.f_mount           ff.o
    0x0000597c   0x00000144   Code   RO         1406    i.f_open            ff.o
    0x00005ac0   0x00000098   Code   RO         1412    i.f_sync            ff.o
    0x00005b58   0x000001a4   Code   RO         1416    i.f_write           ff.o
    0x00005cfc   0x00000038   Code   RO          843    i.ff_convert        ccsbcs.o
    0x00005d34   0x00000050   Code   RO          844    i.ff_wtoupper       ccsbcs.o
    0x00005d84   0x0000001e   Code   RO         2806    i.fputc             c_p.l(fputc.o)
    0x00005da2   0x00000042   Code   RO         1179    i.get_fattime       fatfilesystem.o
    0x00005de4   0x00000054   Code   RO          414    i.gpio_dir          gpio_api.o
    0x00005e38   0x0000003c   Code   RO          415    i.gpio_init         gpio_api.o
    0x00005e74   0x00000022   Code   RO         2474    i.gpio_init_in      mbed.ar(mbed_gpio.o)
    0x00005e96   0x00000002   PAD
    0x00005e98   0x00000040   Code   RO         2477    i.gpio_init_out     mbed.ar(mbed_gpio.o)
    0x00005ed8   0x00000060   Code   RO         2478    i.gpio_init_out_ex  mbed.ar(mbed_gpio.o)
    0x00005f38   0x0000000e   Code   RO          416    i.gpio_mode         gpio_api.o
    0x00005f46   0x00000002   PAD
    0x00005f48   0x00000108   Code   RO          725    i.init              rtc_api.o
    0x00006050   0x00000060   Code   RO          828    i.lptmr_isr         us_ticker.o
    0x000060b0   0x0000019c   Code   RO            4    i.main              main.o
    0x0000624c   0x00000054   Code   RO         2516    i.mbed_assert_internal  mbed.ar(mbed_assert.o)
    0x000062a0   0x00000070   Code   RO          488    i.mbed_die          mbed_board.o
    0x00006310   0x00000058   Code   RO          489    i.mbed_error_printf  mbed_board.o
    0x00006368   0x00000050   Code   RO          490    i.mbed_error_vfprintf  mbed_board.o
    0x000063b8   0x00000008   Code   RO         2564    i.mbed_interface_connected  mbed.ar(mbed_interface.o)
    0x000063c0   0x00000002   Code   RO          597    i.mbed_main         retarget.o
    0x000063c2   0x00000002   Code   RO          598    i.mbed_sdk_init     retarget.o
    0x000063c4   0x00000064   Code   RO          521    i.pin_function      pinmap.o
    0x00006428   0x00000040   Code   RO          522    i.pin_mode          pinmap.o
    0x00006468   0x00000034   Code   RO         2492    i.pinmap_merge      mbed.ar(mbed_pinmap_common.o)
    0x0000649c   0x0000005c   Code   RO         2493    i.pinmap_peripheral  mbed.ar(mbed_pinmap_common.o)
    0x000064f8   0x00000054   Code   RO         2494    i.pinmap_pinout     mbed.ar(mbed_pinmap_common.o)
    0x0000654c   0x00000034   Code   RO          727    i.rtc_init          rtc_api.o
    0x00006580   0x00000030   Code   RO          728    i.rtc_isenabled     rtc_api.o
    0x000065b0   0x0000000c   Code   RO          729    i.rtc_read          rtc_api.o
    0x000065bc   0x00000020   Code   RO          730    i.rtc_write         rtc_api.o
    0x000065dc   0x0000000c   Code   RO         2601    i.semihost_connected  mbed.ar(mbed_semihost_api.o)
    0x000065e8   0x0000000c   Code   RO         2603    i.semihost_exit     mbed.ar(mbed_semihost_api.o)
    0x000065f4   0x00000180   Code   RO          741    i.serial_baud       serial_api.o
    0x00006774   0x000000d4   Code   RO          745    i.serial_format     serial_api.o
    0x00006848   0x0000018c   Code   RO          748    i.serial_init       serial_api.o
    0x000069d4   0x00000018   Code   RO          749    i.serial_irq_handler  serial_api.o
    0x000069ec   0x00000024   Code   RO          752    i.serial_putc       serial_api.o
    0x00006a10   0x000000ac   Code   RO          790    i.spi_format        spi_api.o
    0x00006abc   0x0000008c   Code   RO          792    i.spi_frequency     spi_api.o
    0x00006b48   0x00000100   Code   RO          793    i.spi_init          spi_api.o
    0x00006c48   0x00000046   Code   RO          794    i.spi_master_write  spi_api.o
    0x00006c8e   0x0000004a   Code   RO         2655    i.ticker_irq_handler  mbed.ar(mbed_ticker_api.o)
    0x00006cd8   0x000000b8   Code   RO         2587    i.time              mbed.ar(mbed_rtc_time.o)
    0x00006d90   0x00000002   Code   RO          829    i.us_ticker_clear_interrupt  us_ticker.o
    0x00006d92   0x00000002   PAD
    0x00006d94   0x00000010   Code   RO          830    i.us_ticker_disable_interrupt  us_ticker.o
    0x00006da4   0x000001bc   Code   RO          831    i.us_ticker_init    us_ticker.o
    0x00006f60   0x00000010   Code   RO         2506    i.us_ticker_irq_handler  mbed.ar(mbed_us_ticker_api.o)
    0x00006f70   0x00000020   Code   RO          832    i.us_ticker_read    us_ticker.o
    0x00006f90   0x00000074   Code   RO          833    i.us_ticker_set_interrupt  us_ticker.o
    0x00007004   0x0000001c   Code   RO         2621    i.wait_ms           mbed.ar(mbed_wait_api_no_rtos.o)
    0x00007020   0x0000002c   Code   RO         3423    locale$$code        c_p.l(lc_numeric_c.o)
    0x0000704c   0x0000002c   Code   RO         3490    locale$$code        c_p.l(lc_ctype_c.o)
    0x00007078   0x0000002c   Code   RO         2119    t._ZN12SingletonPtrI13PlatformMutexEptEv  mbed.ar(FileBase.o)
    0x000070a4   0x00000004   Code   RO         2385    t._ZN4mbed8CallbackIFvvEE13function_callIPS1_EEvPKv  mbed.ar(SerialBase.o)
    0x000070a8   0x00000002   Code   RO         2391    t._ZN4mbed8CallbackIFvvEE13function_dtorIPS1_EEvPv  mbed.ar(SerialBase.o)
    0x000070aa   0x0000000a   Code   RO         2388    t._ZN4mbed8CallbackIFvvEE13function_moveIPS1_EEvPvPKv  mbed.ar(SerialBase.o)
    0x000070b4   0x00000014   Code   RO         2303    t._ZN4mbed8CallbackIFvvEED1Ev  mbed.ar(Serial.o)
    0x000070c8   0x00000010   Code   RO         3216    x$fpl$printf1       fz_ps.l(printf1.o)
    0x000070d8   0x00000010   Code   RO         3218    x$fpl$printf2       fz_ps.l(printf2.o)
    0x000070e8   0x00000000   Code   RO         3226    x$fpl$usenofp       fz_ps.l(usenofp.o)
    0x000070e8   0x0000000c   Data   RO          505    .constdata          PeripheralPins.o
    0x000070f4   0x00000084   Data   RO          510    .constdata          PeripheralPins.o
    0x00007178   0x00000084   Data   RO          511    .constdata          PeripheralPins.o
    0x000071fc   0x00000017   Data   RO          647    .constdata          retarget.o
    0x00007213   0x00000001   PAD
    0x00007214   0x00000234   Data   RO          798    .constdata          spi_api.o
    0x00007448   0x000008b8   Data   RO          847    .constdata          ccsbcs.o
    0x00007d00   0x000000ba   Data   RO         1468    .constdata          ff.o
    0x00007dba   0x00000002   PAD
    0x00007dbc   0x00000014   Data   RO         2507    .constdata          mbed.ar(mbed_us_ticker_api.o)
    0x00007dd0   0x00000008   Data   RO         2508    .constdata          mbed.ar(mbed_us_ticker_api.o)
    0x00007dd8   0x00000028   Data   RO         2766    .constdata          c_p.l(_printf_hex_int_ll_ptr.o)
    0x00007e00   0x00000011   Data   RO         2786    .constdata          c_p.l(__printf_flags_ss_wp.o)
    0x00007e11   0x00000003   PAD
    0x00007e14   0x00000008   Data   RO         3067    .constdata          c_p.l(_printf_wctomb.o)
    0x00007e1c   0x00000026   Data   RO         3287    .constdata          c_p.l(_printf_fp_hex.o)
    0x00007e42   0x0000000c   Data   RO         3347    .constdata          c_p.l(_monlen.o)
    0x00007e4e   0x00000002   PAD
    0x00007e50   0x00000094   Data   RO         3414    .constdata          c_p.l(bigflt0.o)
    0x00007ee4   0x00000048   Data   RO         1834    .constdata__ZTV12SDFileSystem  sdfilesystem.o
    0x00007f2c   0x00000034   Data   RO         1141    .constdata__ZTV13FATFileHandle  fatfilehandle.o
    0x00007f60   0x00000048   Data   RO         1256    .constdata__ZTV13FATFileSystem  fatfilesystem.o
    0x00007fa8   0x00000034   Data   RO          708    .constdata__ZTVN4mbed10FileHandleE  retarget.o
    0x00007fdc   0x00000018   Data   RO         2373    .constdata__ZTVN4mbed10SerialBaseE  mbed.ar(SerialBase.o)
    0x00007ff4   0x00000024   Data   RO         2166    .constdata__ZTVN4mbed14FileSystemLikeE  mbed.ar(FileSystemLike.o)
    0x00008018   0x0000001c   Data   RO         2252    .constdata__ZTVN4mbed3SPIE  mbed.ar(SPI.o)
    0x00008034   0x0000006c   Data   RO         2296    .constdata__ZTVN4mbed6SerialE  mbed.ar(Serial.o)
    0x000080a0   0x0000004c   Data   RO         2469    .constdata__ZTVN4mbed6StreamE  mbed.ar(Stream.o)
    0x000080ec   0x00000010   Data   RO         2118    .constdata__ZTVN4mbed8FileBaseE  mbed.ar(FileBase.o)
    0x000080fc   0x00000044   Data   RO         2648    .constdata__ZTVN4mbed8FileLikeE  mbed.ar(FileLike.o)
    0x00008140   0x00000014   Data   RO          709    .constdata__ZZN12SingletonPtrI13PlatformMutexE3getEvEs  retarget.o
    0x00008154   0x0000004d   Data   RO          710    .constdata__ZZN12SingletonPtrI13PlatformMutexE3getEvEs_0  retarget.o
    0x000081a1   0x00000003   PAD
    0x000081a4   0x0000000c   Data   RO         2383    .constdata__ZZN4mbed8CallbackIFvvEE8generateIPS1_EEvRKT_E3ops  mbed.ar(SerialBase.o)
    0x000081b0   0x00000005   Data   RO         2374    .constdata__ZZNK4mbed8CallbackIFvvEE4callEvEs  mbed.ar(SerialBase.o)
    0x000081b5   0x00000049   Data   RO         2375    .constdata__ZZNK4mbed8CallbackIFvvEE4callEvEs_0  mbed.ar(SerialBase.o)
    0x000081fe   0x00000002   PAD
    0x00008200   0x0000005a   Data   RO          418    .conststring        gpio_api.o
    0x0000825a   0x00000002   PAD
    0x0000825c   0x0000006d   Data   RO          491    .conststring        mbed_board.o
    0x000082c9   0x00000003   PAD
    0x000082cc   0x00000058   Data   RO          523    .conststring        pinmap.o
    0x00008324   0x000000b5   Data   RO          759    .conststring        serial_api.o
    0x000083d9   0x00000003   PAD
    0x000083dc   0x00000066   Data   RO          799    .conststring        spi_api.o
    0x00008442   0x00000002   PAD
    0x00008444   0x00000043   Data   RO         2537    .conststring        mbed.ar(mbed_critical.o)
    0x00008487   0x00000001   PAD
    0x00008488   0x00000020   Data   RO         3562    Region$$Table       anon$$obj.o
    0x000084a8   0x0000001c   Data   RO         3422    locale$$data        c_p.l(lc_numeric_c.o)
    0x000084c4   0x00000110   Data   RO         3489    locale$$data        c_p.l(lc_ctype_c.o)
    0x000085d4   0x00000004   Data   RO            8    .init_array         main.o
    0x000085d8   0x00000000   Data   RO         2859    .init_array         c_p.l(init_aeabi.o)


    Execution Region RW_IRAM1 (Base: 0x1fffe0c0, Size: 0x00000748, Max: 0x00007f40, ABSOLUTE)

    Base Addr    Size         Type   Attr      Idx    E Section Name        Object

    0x1fffe0c0   0x00000008   Data   RW          650    .data               retarget.o
    0x1fffe0c8   0x00000010   Data   RW          760    .data               serial_api.o
    0x1fffe0d8   0x00000004   Data   RW          821    .data               system_MKL46Z4.o
    0x1fffe0dc   0x0000000c   Data   RW          834    .data               us_ticker.o
    0x1fffe0e8   0x00000004   Data   RW         1193    .data               fatfilesystem.o
    0x1fffe0ec   0x00000008   Data   RW         1469    .data               ff.o
    0x1fffe0f4   0x0000000c   Data   RW         2107    .data               mbed.ar(FileBase.o)
    0x1fffe100   0x0000000c   Data   RW         2236    .data               mbed.ar(SPI.o)
    0x1fffe10c   0x00000008   Data   RW         2509    .data               mbed.ar(mbed_us_ticker_api.o)
    0x1fffe114   0x00000008   Data   RW         2538    .data               mbed.ar(mbed_critical.o)
    0x1fffe11c   0x00000018   Data   RW         2592    .data               mbed.ar(mbed_rtc_time.o)
    0x1fffe134   0x00000004   Data   RW         2608    .data               mbed.ar(mbed_semihost_api.o)
    0x1fffe138   0x00000004   Data   RW         2818    .data               c_p.l(stdio_streams.o)
    0x1fffe13c   0x00000004   Data   RW         2819    .data               c_p.l(stdio_streams.o)
    0x1fffe140   0x00000004   Data   RW         2820    .data               c_p.l(stdio_streams.o)
    0x1fffe144   0x00000004   Data   RW         3351    .data               c_p.l(heapauxa.o)
    0x1fffe148   0x00000330   Zero   RW            7    .bss                main.o
    0x1fffe478   0x00000040   Zero   RW          646    .bss                retarget.o
    0x1fffe4b8   0x0000000c   Zero   RW          758    .bss                serial_api.o
    0x1fffe4c4   0x00000200   Zero   RW         1467    .bss                ff.o
    0x1fffe6c4   0x00000054   Zero   RW         2815    .bss                c_p.l(stdio_streams.o)
    0x1fffe718   0x00000054   Zero   RW         2816    .bss                c_p.l(stdio_streams.o)
    0x1fffe76c   0x00000054   Zero   RW         2817    .bss                c_p.l(stdio_streams.o)
    0x1fffe7c0   0x0000002c   Zero   RW         2850    .bss                c_p.l(localtime.o)
    0x1fffe7ec   0x00000004   Zero   RW         3022    .bss                c_p.l(rt_heap_descriptor.o)
    0x1fffe7f0   0x00000004   Zero   RW         3266    .bss                c_p.l(rt_errno_addr.o)
    0x1fffe7f4   0x00000014   Zero   RW         3400    .bss                c_p.l(rt_locale.o)


==============================================================================

Image component sizes


      Code (inc. data)   RO Data    RW Data    ZI Data      Debug   Object Name

         0          0        276          0          0          0   PeripheralPins.o
       136         12       2232          0          0       4987   ccsbcs.o
        52          8          0          0          0         80   cmsis_nvic.o
       476        208          0          0          0       7094   diskio.o
         0          0          0          0          0       2692   fatdirhandle.o
       272         78         52          0          0       6792   fatfilehandle.o
       614        204         72          4          0      16754   fatfilesystem.o
      5222        106        186          8        512      36700   ff.o
       158         34         90          0          0        212   gpio_api.o
       624        340          4          0        816     171049   main.o
       280         52        109          0          0        244   mbed_board.o
        16          0          0          0          0         72   mbed_overrides.o
       164         60         88          0          0        144   pinmap.o
      1084        138        172          8         64       1276   retarget.o
       408         66          0          0          0        328   rtc_api.o
      2502        672         72          0          0      21528   sdfilesystem.o
      1052        178        181         16         12        368   serial_api.o
       638        124        666          0          0        316   spi_api.o
        44         24        192          0          0        164   startup_MKL46Z4.o
        16          6          0          0          0         60   sys.o
       160         32          0          4          0         60   system_MKL46Z4.o
       706        110          0         12          0        408   us_ticker.o

    ----------------------------------------------------------------------
     14642       2452       4440         52       1404     271328   Object Totals
         0          0         32          0          0          0   (incl. Generated)
        18          0         16          0          0          0   (incl. Padding)

    ----------------------------------------------------------------------

      Code (inc. data)   RO Data    RW Data    ZI Data      Debug   Library Member Name

        64         10          0          0          0         84   __0sscanf.o
        28          6          0          0          0         84   __2printf.o
        44          4          0          0          0         84   __2sprintf.o
         8          0          0          0          0         68   __main.o
       392          6         17          0          0         76   __printf_flags_ss_wp.o
        14          0          0          0          0         60   __printf_wp.o
         0          0          0          0          0          0   __rtentry.o
        20          0          0          0          0          0   __rtentry2.o
         6          0          0          0          0          0   __rtentry4.o
        60          8          0          0          0          0   __scatter.o
        26          0          0          0          0          0   __scatter_copy.o
        28          0          0          0          0          0   __scatter_zi.o
        30          0          0          0          0         60   _chval.o
         0          0         12          0          0          0   _monlen.o
        10          0          0          0          0          0   _printf_a.o
        10          0          0          0          0          0   _printf_c.o
        46          0          0          0          0        100   _printf_char.o
        48          6          0          0          0         88   _printf_char_common.o
        40          6          0          0          0         72   _printf_char_file.o
        38          0          0          0          0         60   _printf_charcount.o
        10          0          0          0          0          0   _printf_d.o
       108         18          0          0          0         76   _printf_dec.o
        10          0          0          0          0          0   _printf_e.o
        10          0          0          0          0          0   _printf_f.o
      1044         14          0          0          0        176   _printf_fp_dec.o
       728         10         38          0          0         84   _printf_fp_hex.o
       136         16          0          0          0         76   _printf_fp_infnan.o
        10          0          0          0          0          0   _printf_g.o
       152          4         40          0          0        148   _printf_hex_int_ll_ptr.o
        10          0          0          0          0          0   _printf_i.o
       176          0          0          0          0         84   _printf_intcommon.o
        10          0          0          0          0          0   _printf_l.o
        10          0          0          0          0          0   _printf_lc.o
        10          0          0          0          0          0   _printf_ll.o
        10          0          0          0          0          0   _printf_lld.o
        10          0          0          0          0          0   _printf_lli.o
        10          0          0          0          0          0   _printf_llo.o
        10          0          0          0          0          0   _printf_llu.o
        10          0          0          0          0          0   _printf_llx.o
       112         18          0          0          0         76   _printf_longlong_dec.o
        10          0          0          0          0          0   _printf_ls.o
        10          0          0          0          0          0   _printf_n.o
        10          0          0          0          0          0   _printf_o.o
       112         10          0          0          0        112   _printf_oct_int_ll.o
        10          0          0          0          0          0   _printf_p.o
        78          0          0          0          0        100   _printf_pad.o
         2          0          0          0          0          0   _printf_percent.o
         4          0          0          0          0          0   _printf_percent_end.o
        10          0          0          0          0          0   _printf_s.o
        82          0          0          0          0         72   _printf_str.o
        36          0          0          0          0         76   _printf_truncate.o
        10          0          0          0          0          0   _printf_u.o
        46          0          0          0          0        100   _printf_wchar.o
       188          6          8          0          0         80   _printf_wctomb.o
        10          0          0          0          0          0   _printf_x.o
       896         16          0          0          0         84   _scanf.o
       330          0          0          0          0         84   _scanf_int.o
        68          0          0          0          0         76   _sgetc.o
        10          0          0          0          0         60   _sputc.o
        64          0          0          0          0         72   _wcrtomb.o
       488          0          0          0          0         92   aeabi_sdivfast.o
       200          4        148          0          0         80   bigflt0.o
      1272         16          0          0          0        328   btod.o
        14          0          0          0          0         68   c89vfprintf.o
        12          0          0          0          0         68   defsig_exit.o
        52          0          0          0          0         72   defsig_general.o
        48         34          0          0          0         68   defsig_pvfn_inner.o
        12          0          0          0          0         68   defsig_pvfn_outer.o
        80         58          0          0          0         68   defsig_rtmem_inner.o
        12          0          0          0          0         68   defsig_rtmem_outer.o
        52         38          0          0          0         68   defsig_rtred_inner.o
        12          0          0          0          0         68   defsig_rtred_outer.o
        76          4          0          0          0         76   fclose.o
         8          0          0          0          0         60   ferror.o
       104          4          0          0          0        100   fflush.o
       496         10          0          0          0         76   flsbuf.o
       232          8          0          0          0        108   fopen.o
        30          0          0          0          0         68   fputc.o
       244          4          0          0          0         76   fseek.o
        66          0          0          0          0         68   ftell.o
        98          0          0          0          0         72   h1_alloc.o
        52          0          0          0          0         68   h1_extend.o
        76          0          0          0          0         72   h1_free.o
        14          0          0          0          0         76   h1_init.o
        80          4          0          4          0         88   heapauxa.o
         4          0          0          0          0        120   hguard.o
         0          0          0          0          0          0   indicate_semi.o
        36         10          0          0          0         72   init_aeabi.o
       136          0          0          0          0        160   init_alloc.o
       316         44          0          0          0         96   initio.o
        18          0          0          0          0         68   isspace.o
        44         10        272          0          0         76   lc_ctype_c.o
        44         10         28          0          0         76   lc_numeric_c.o
         2          0          0          0          0          0   libinit.o
        46          0          0          0          0          0   libinit2.o
         0          0          0          0          0          0   libshutdown2.o
       122          0          0          0          0         72   lludiv10.o
        16          6          0          0         44         68   localtime.o
       156         14          0          0          0         72   localtime_internal.o
         0          0          0          0          0          0   maybetermalloc1.o
        16          4          0          0          0         76   rt_ctype_table.o
         8          4          0          0          4         68   rt_errno_addr.o
         8          4          0          0          4         68   rt_heap_descriptor.o
         8          4          0          0         20         68   rt_locale.o
        64          0          0          0          0        108   rt_memclr.o
        56          0          0          0          0         68   rt_memcpy.o
        40          0          0          0          0         60   rtudiv10.o
        48          8          0          0          0         84   scanf_char.o
        26          0          0          0          0         68   setbuf.o
        76          4          0          0          0         72   setvbuf.o
       240          8          0          0          0        144   stdio.o
         0          0          0         12        252          0   stdio_streams.o
       160          4          0          0          0         80   strcmpv6m.o
        68          6          0          0          0         72   strlen.o
       160          6          0          0          0         76   strncmp.o
        12          4          0          0          0         60   sys_exit.o
        12          0          0          0          0         68   sys_wrch.o
        34          0          0          0          0         60   uread4.o
         2          0          0          0          0         68   use_no_semi.o
        36          4          0          0          0         68   vsprintf.o
        34          0          0          0          0         80   aeabi_vec_ctor_nocookie_nodtor.o
        34          0          0          0          0         76   aeabi_vec_dtor_noexceptions.o
        10          0          0          0          0         68   pure_virt.o
        16          4          0          0          0         76   printf1.o
        16          4          0          0          0         76   printf2.o
         0          0          0          0          0          0   usenofp.o
        44          4          0          0          0         60   fpclassify.o
       304         52         16         12          0        400   FileBase.o
        52         12         68          0          0        136   FileLike.o
       164          0          0          0          0        392   FilePath.o
        28          6         36          0          0        136   FileSystemLike.o
       352         48         28         12          0        356   SPI.o
       150         34        108          0          0        512   Serial.o
       244         30        114          0          0        708   SerialBase.o
       174         26         76          0          0        460   Stream.o
        84         54          0          0          0         72   mbed_assert.o
       228         98         67          8          0        140   mbed_critical.o
        18          0          0          0          0         72   mbed_error.o
       194         38          0          0          0        220   mbed_gpio.o
         8          0          0          0          0         68   mbed_interface.o
       228         76          0          0          0        204   mbed_pinmap_common.o
       184         18          0         24          0         76   mbed_rtc_time.o
        24          6          0          4          0        128   mbed_semihost_api.o
        74          0          0          0          0         68   mbed_ticker_api.o
        16          6         28          8          0         68   mbed_us_ticker_api.o
        28          0          0          0          0         72   mbed_wait_api_no_rtos.o

    ----------------------------------------------------------------------
     14070       1012       1112         84        324      11636   Library Totals
        34          0          8          0          0          0   (incl. Padding)

    ----------------------------------------------------------------------

      Code (inc. data)   RO Data    RW Data    ZI Data      Debug   Library Name

     11328        496        563         16        324       6912   c_p.l
        78          0          0          0          0        224   cpprt_p.l
        32          8          0          0          0        152   fz_ps.l
        44          4          0          0          0         60   m_ps.l
      2554        504        541         68          0       4288   mbed.ar

    ----------------------------------------------------------------------
     14070       1012       1112         84        324      11636   Library Totals

    ----------------------------------------------------------------------

==============================================================================


      Code (inc. data)   RO Data    RW Data    ZI Data      Debug   

     28712       3464       5552        136       1728     270568   Grand Totals
     28712       3464       5552        136       1728     270568   ELF Image Totals
     28712       3464       5552        136          0          0   ROM Totals

==============================================================================

    Total RO  Size (Code + RO Data)                34264 (  33.46kB)
    Total RW  Size (RW Data + ZI Data)              1864 (   1.82kB)
    Total ROM Size (Code + RO Data + RW Data)      34400 (  33.59kB)

==============================================================================

