<html>
<body>
<pre>
<h1>µVision Build Log</h1>
<h2>Tool Versions:</h2>
IDE-Version: µVision V5.23.0.0
Copyright (C) 2017 ARM Ltd and ARM Germany GmbH. All rights reserved.
License Information: k l, ttis, LIC=KIVPC-77HVI-HRTXN-YRAJZ-XXRRR-4LUXR
 
Tool Versions:
Toolchain:       MDK-ARM Professional  Version: 5.23
Toolchain Path:  C:\Keil_v5\ARM\ARMCC\Bin
C Compiler:      Armcc.exe V5.06 update 4 (build 422)
Assembler:       Armasm.exe V5.06 update 4 (build 422)
Linker/Locator:  ArmLink.exe V5.06 update 4 (build 422)
Library Manager: ArmAr.exe V5.06 update 4 (build 422)
Hex Converter:   FromElf.exe V5.06 update 4 (build 422)
CPU DLL:         
Dialog DLL:      DCM.DLL V1.15.0.0
Target DLL:      PEMicro\Pemicro_ArmCortexInterface.dll V1.11
Dialog DLL:      TCM.DLL V1.27.0.0
 
<h2>Project:</h2>
C:\Users\kongq\Desktop\KL46Z_Project\MachineLearning_on_KL46z_mbed\MachineLearning_on_KL46z_mbed.uvprojx
Project File Date:  07/11/2017

<h2>Output:</h2>
*** Using Compiler 'V5.06 update 4 (build 422)', folder: 'C:\Keil_v5\ARM\ARMCC\Bin'
Build target 'MachineLearning_on_KL46z_mbed'
compiling LKML_Math.c...
..\..\LKML_C\Src\LKML_Math.h(16): warning:  #1295-D: Deprecated declaration ReLu - give arg types
  
K_Accuarcy ReLu();
..\..\LKML_C\Src\LKML_Math.c: 1 warning, 0 errors
linking...
Program Size: Code=28712 RO-data=5552 RW-data=136 ZI-data=1728  
".\BUILD\MachineLearning_on_KL46z_mbed.axf" - 0 Error(s), 1 Warning(s).

<h2>Collection of Component include folders:</h2>
  .\RTE\_MachineLearning_on_KL46z_mbed
  C:\Keil_v5\ARM\PACK\Keil\Kinetis_KLxx_DFP\1.13.0\Device\Include

<h2>Collection of Component Files used:</h2>
Build Time Elapsed:  00:00:00
</pre>
</body>
</html>
