Component: ARM Compiler 5.06 update 4 (build 422) Tool: armlink [4d35d2]

==============================================================================

Section Cross References

    mian.o(i.main) refers to pin_mux.o(i.BOARD_InitPins) for BOARD_InitPins
    mian.o(i.main) refers to clock_config.o(i.BOARD_BootClockRUN) for BOARD_BootClockRUN
    mian.o(i.main) refers to usb_cdc.o(i.USBInit) for USBInit
    mian.o(i.main) refers to usb_cdc.o(i.USB_CDC_task) for USB_CDC_task
    dl_math.o(i.matrix_multpile) refers to dmul.o(.text) for __aeabi_dmul
    dl_math.o(i.matrix_multpile) refers to dadd.o(.text) for __aeabi_dadd
    dl_math.o(i.maxofMatrix) refers to cdrcmple.o(.text) for __aeabi_cdrcmple
    dl_math.o(i.sigmoid) refers to exp.o(i.exp) for exp
    dl_math.o(i.sigmoid) refers to dadd.o(.text) for __aeabi_dadd
    dl_math.o(i.sigmoid) refers to ddiv.o(.text) for __aeabi_ddiv
    dl_math.o(i.sigmoidMatrix) refers to dl_math.o(i.sigmoid) for sigmoid
    ml_models.o(i.NN_2Lyaers_1) refers to memseta.o(.text) for __aeabi_memclr4
    ml_models.o(i.NN_2Lyaers_1) refers to dl_math.o(i.matrix_multpile) for matrix_multpile
    ml_models.o(i.NN_2Lyaers_1) refers to dl_math.o(i.sigmoidMatrix) for sigmoidMatrix
    ml_models.o(i.NN_2Lyaers_1) refers to dl_math.o(i.maxofMatrix) for maxofMatrix
    clock_config.o(i.BOARD_BootClockRUN) refers to fsl_clock.o(i.CLOCK_InitOsc0) for CLOCK_InitOsc0
    clock_config.o(i.BOARD_BootClockRUN) refers to fsl_clock.o(i.CLOCK_BootToPeeMode) for CLOCK_BootToPeeMode
    clock_config.o(i.BOARD_BootClockRUN) refers to fsl_clock.o(i.CLOCK_SetInternalRefClkConfig) for CLOCK_SetInternalRefClkConfig
    clock_config.o(i.BOARD_BootClockRUN) refers to fsl_clock.o(i.CLOCK_SetSimConfig) for CLOCK_SetSimConfig
    clock_config.o(i.BOARD_BootClockRUN) refers to clock_config.o(.constdata) for g_defaultClockConfigRun
    clock_config.o(i.BOARD_BootClockRUN) refers to fsl_clock.o(.data) for g_xtal0Freq
    clock_config.o(i.BOARD_BootClockRUN) refers to system_mkl46z4.o(.data) for SystemCoreClock
    clock_config.o(i.BOARD_BootClockVLPR) refers to fsl_clock.o(i.CLOCK_BootToBlpiMode) for CLOCK_BootToBlpiMode
    clock_config.o(i.BOARD_BootClockVLPR) refers to fsl_clock.o(i.CLOCK_SetSimConfig) for CLOCK_SetSimConfig
    clock_config.o(i.BOARD_BootClockVLPR) refers to fsl_smc.o(i.SMC_SetPowerModeVlpr) for SMC_SetPowerModeVlpr
    clock_config.o(i.BOARD_BootClockVLPR) refers to clock_config.o(.constdata) for g_defaultClockConfigVlpr
    clock_config.o(i.BOARD_BootClockVLPR) refers to system_mkl46z4.o(.data) for SystemCoreClock
    pin_mux.o(i.BOARD_InitPins) refers to pin_mux.o(i.PORT_SetPinMux) for PORT_SetPinMux
    fsl_clock.o(i.CLOCK_BootToBlpeMode) refers to fsl_clock.o(i.CLOCK_SetExternalRefClkConfig) for CLOCK_SetExternalRefClkConfig
    fsl_clock.o(i.CLOCK_BootToBlpiMode) refers to fsl_clock.o(i.CLOCK_SetInternalRefClkConfig) for CLOCK_SetInternalRefClkConfig
    fsl_clock.o(i.CLOCK_BootToFeeMode) refers to fsl_clock.o(i.CLOCK_SetExternalRefClkConfig) for CLOCK_SetExternalRefClkConfig
    fsl_clock.o(i.CLOCK_BootToFeeMode) refers to fsl_clock.o(i.CLOCK_SetFeeMode) for CLOCK_SetFeeMode
    fsl_clock.o(i.CLOCK_BootToFeiMode) refers to fsl_clock.o(i.CLOCK_SetFeiMode) for CLOCK_SetFeiMode
    fsl_clock.o(i.CLOCK_BootToPeeMode) refers to fsl_common.o(i.__aeabi_assert) for __aeabi_assert
    fsl_clock.o(i.CLOCK_BootToPeeMode) refers to fsl_clock.o(i.CLOCK_SetExternalRefClkConfig) for CLOCK_SetExternalRefClkConfig
    fsl_clock.o(i.CLOCK_BootToPeeMode) refers to fsl_clock.o(i.CLOCK_SetPbeMode) for CLOCK_SetPbeMode
    fsl_clock.o(i.CLOCK_CalcPllDiv) refers to uidiv.o(.text) for __aeabi_uidivmod
    fsl_clock.o(i.CLOCK_EnablePll0) refers to fsl_common.o(i.__aeabi_assert) for __aeabi_assert
    fsl_clock.o(i.CLOCK_GetBusClkFreq) refers to fsl_clock.o(i.CLOCK_GetOutClkFreq) for CLOCK_GetOutClkFreq
    fsl_clock.o(i.CLOCK_GetBusClkFreq) refers to uidiv.o(.text) for __aeabi_uidivmod
    fsl_clock.o(i.CLOCK_GetCoreSysClkFreq) refers to fsl_clock.o(i.CLOCK_GetOutClkFreq) for CLOCK_GetOutClkFreq
    fsl_clock.o(i.CLOCK_GetCoreSysClkFreq) refers to uidiv.o(.text) for __aeabi_uidivmod
    fsl_clock.o(i.CLOCK_GetEr32kClkFreq) refers to fsl_clock.o(i.CLOCK_GetOsc0ErClkFreq) for CLOCK_GetOsc0ErClkFreq
    fsl_clock.o(i.CLOCK_GetEr32kClkFreq) refers to fsl_common.o(i.__aeabi_assert) for __aeabi_assert
    fsl_clock.o(i.CLOCK_GetEr32kClkFreq) refers to fsl_clock.o(.data) for g_xtal32Freq
    fsl_clock.o(i.CLOCK_GetFixedFreqClkFreq) refers to fsl_clock.o(i.CLOCK_GetFllRefClkFreq) for CLOCK_GetFllRefClkFreq
    fsl_clock.o(i.CLOCK_GetFixedFreqClkFreq) refers to fsl_clock.o(i.CLOCK_GetOutClkFreq) for CLOCK_GetOutClkFreq
    fsl_clock.o(i.CLOCK_GetFlashClkFreq) refers to fsl_clock.o(i.CLOCK_GetOutClkFreq) for CLOCK_GetOutClkFreq
    fsl_clock.o(i.CLOCK_GetFlashClkFreq) refers to uidiv.o(.text) for __aeabi_uidivmod
[...]
    usb_device_khci.o(i.USB_DeviceKhciInterruptTokenDone) refers to usb_device_dci.o(i.USB_DeviceSendRequest) for USB_DeviceSendRequest
    usb_device_khci.o(i.USB_DeviceKhciInterruptTokenDone) refers to usb_device_khci.o(i.USB_DeviceKhciSend) for USB_DeviceKhciSend
    usb_device_khci.o(i.USB_DeviceKhciInterruptTokenDone) refers to usb_device_khci.o(i.USB_DeviceKhciCancel) for USB_DeviceKhciCancel
    usb_device_khci.o(i.USB_DeviceKhciInterruptTokenDone) refers to usb_device_khci.o(i.USB_DeviceKhciRecv) for USB_DeviceKhciRecv
    usb_device_khci.o(i.USB_DeviceKhciInterruptTokenDone) refers to usb_device_dci.o(i.USB_DeviceNotificationTrigger) for USB_DeviceNotificationTrigger
    usb_device_khci.o(i.USB_DeviceKhciIsrFunction) refers to usb_device_khci.o(i.USB_DeviceKhciInterruptTokenDone) for USB_DeviceKhciInterruptTokenDone
    usb_device_khci.o(i.USB_DeviceKhciIsrFunction) refers to usb_device_khci.o(i.USB_DeviceKhciInterruptReset) for USB_DeviceKhciInterruptReset
    usb_device_khci.o(i.USB_DeviceKhciIsrFunction) refers to usb_device_khci.o(i.USB_DeviceKhciInterruptStall) for USB_DeviceKhciInterruptStall
    usb_device_khci.o(i.USB_DeviceKhciPrimeNextSetup) refers to usb_device_khci.o(i.USB_DeviceKhciEndpointTransfer) for USB_DeviceKhciEndpointTransfer
    usb_device_khci.o(i.USB_DeviceKhciRecv) refers to usb_device_khci.o(i.USB_DeviceKhciEndpointTransfer) for USB_DeviceKhciEndpointTransfer
    usb_device_khci.o(i.USB_DeviceKhciRecv) refers to usb_device_khci.o(i.USB_DeviceKhciPrimeNextSetup) for USB_DeviceKhciPrimeNextSetup
    usb_device_khci.o(i.USB_DeviceKhciSend) refers to usb_device_khci.o(i.USB_DeviceKhciEndpointTransfer) for USB_DeviceKhciEndpointTransfer
    usb_device_khci.o(i.USB_DeviceKhciSend) refers to usb_device_khci.o(i.USB_DeviceKhciPrimeNextSetup) for USB_DeviceKhciPrimeNextSetup
    usb_osa_bm.o(i.USB_OsaEventCheck) refers to usb_osa_bm.o(i.USB_OsaEnterCritical) for USB_OsaEnterCritical
    usb_osa_bm.o(i.USB_OsaEventCheck) refers to usb_osa_bm.o(i.USB_OsaExitCritical) for USB_OsaExitCritical
    usb_osa_bm.o(i.USB_OsaEventClear) refers to usb_osa_bm.o(i.USB_OsaEnterCritical) for USB_OsaEnterCritical
    usb_osa_bm.o(i.USB_OsaEventClear) refers to usb_osa_bm.o(i.USB_OsaExitCritical) for USB_OsaExitCritical
    usb_osa_bm.o(i.USB_OsaEventCreate) refers to usb_osa_bm.o(i.USB_OsaEnterCritical) for USB_OsaEnterCritical
    usb_osa_bm.o(i.USB_OsaEventCreate) refers to usb_osa_bm.o(i.USB_OsaExitCritical) for USB_OsaExitCritical
    usb_osa_bm.o(i.USB_OsaEventCreate) refers to usb_osa_bm.o(m_usb_global) for s_UsbBmEventStruct
    usb_osa_bm.o(i.USB_OsaEventDestroy) refers to usb_osa_bm.o(i.USB_OsaEnterCritical) for USB_OsaEnterCritical
    usb_osa_bm.o(i.USB_OsaEventDestroy) refers to usb_osa_bm.o(i.USB_OsaExitCritical) for USB_OsaExitCritical
    usb_osa_bm.o(i.USB_OsaEventSet) refers to usb_osa_bm.o(i.USB_OsaEnterCritical) for USB_OsaEnterCritical
    usb_osa_bm.o(i.USB_OsaEventSet) refers to usb_osa_bm.o(i.USB_OsaExitCritical) for USB_OsaExitCritical
    usb_osa_bm.o(i.USB_OsaEventWait) refers to usb_osa_bm.o(i.USB_OsaEnterCritical) for USB_OsaEnterCritical
    usb_osa_bm.o(i.USB_OsaEventWait) refers to usb_osa_bm.o(i.USB_OsaExitCritical) for USB_OsaExitCritical
    usb_osa_bm.o(i.USB_OsaMemoryAllocate) refers to malloc2.o(i.__malloc$2region) for malloc
    usb_osa_bm.o(i.USB_OsaMemoryFree) refers to malloc2.o(i.__free$2region) for free
    usb_osa_bm.o(i.USB_OsaMsgqCheck) refers to usb_osa_bm.o(i.USB_OsaEnterCritical) for USB_OsaEnterCritical
    usb_osa_bm.o(i.USB_OsaMsgqCheck) refers to usb_osa_bm.o(i.USB_OsaExitCritical) for USB_OsaExitCritical
    usb_osa_bm.o(i.USB_OsaMsgqCheck) refers to usb_osa_bm.o(i.USB_OsaMsgqRecv) for USB_OsaMsgqRecv
    usb_osa_bm.o(i.USB_OsaMsgqCreate) refers to usb_osa_bm.o(i.USB_OsaEnterCritical) for USB_OsaEnterCritical
    usb_osa_bm.o(i.USB_OsaMsgqCreate) refers to usb_osa_bm.o(i.USB_OsaExitCritical) for USB_OsaExitCritical
    usb_osa_bm.o(i.USB_OsaMsgqCreate) refers to usb_osa_bm.o(m_usb_global) for s_UsbBmMsgqStruct
    usb_osa_bm.o(i.USB_OsaMsgqDestroy) refers to usb_osa_bm.o(i.USB_OsaEnterCritical) for USB_OsaEnterCritical
    usb_osa_bm.o(i.USB_OsaMsgqDestroy) refers to usb_osa_bm.o(i.USB_OsaExitCritical) for USB_OsaExitCritical
    usb_osa_bm.o(i.USB_OsaMsgqRecv) refers to usb_osa_bm.o(i.USB_OsaEnterCritical) for USB_OsaEnterCritical
    usb_osa_bm.o(i.USB_OsaMsgqRecv) refers to usb_osa_bm.o(i.USB_OsaExitCritical) for USB_OsaExitCritical
    usb_osa_bm.o(i.USB_OsaMsgqRecv) refers to uidiv.o(.text) for __aeabi_uidivmod
    usb_osa_bm.o(i.USB_OsaMsgqSend) refers to usb_osa_bm.o(i.USB_OsaEnterCritical) for USB_OsaEnterCritical
    usb_osa_bm.o(i.USB_OsaMsgqSend) refers to usb_osa_bm.o(i.USB_OsaExitCritical) for USB_OsaExitCritical
    usb_osa_bm.o(i.USB_OsaMsgqSend) refers to uidiv.o(.text) for __aeabi_uidivmod
    usb_osa_bm.o(i.USB_OsaSemCreate) refers to usb_osa_bm.o(i.USB_OsaEnterCritical) for USB_OsaEnterCritical
    usb_osa_bm.o(i.USB_OsaSemCreate) refers to usb_osa_bm.o(i.USB_OsaExitCritical) for USB_OsaExitCritical
    usb_osa_bm.o(i.USB_OsaSemCreate) refers to usb_osa_bm.o(m_usb_global) for s_UsbBmSemStruct
    usb_osa_bm.o(i.USB_OsaSemDestroy) refers to usb_osa_bm.o(i.USB_OsaEnterCritical) for USB_OsaEnterCritical
    usb_osa_bm.o(i.USB_OsaSemDestroy) refers to usb_osa_bm.o(i.USB_OsaExitCritical) for USB_OsaExitCritical
    usb_osa_bm.o(i.USB_OsaSemPost) refers to usb_osa_bm.o(i.USB_OsaEnterCritical) for USB_OsaEnterCritical
    usb_osa_bm.o(i.USB_OsaSemPost) refers to usb_osa_bm.o(i.USB_OsaExitCritical) for USB_OsaExitCritical
    usb_osa_bm.o(i.USB_OsaSemWait) refers to usb_osa_bm.o(i.USB_OsaEnterCritical) for USB_OsaEnterCritical
    usb_osa_bm.o(i.USB_OsaSemWait) refers to usb_osa_bm.o(i.USB_OsaExitCritical) for USB_OsaExitCritical
    startup_mkl46z4.o(RESET) refers to startup_mkl46z4.o(STACK) for __initial_sp
    startup_mkl46z4.o(RESET) refers to startup_mkl46z4.o(.text) for Reset_Handler
    startup_mkl46z4.o(RESET) refers to usb_cdc.o(i.USB0_IRQHandler) for USB0_IRQHandler
    startup_mkl46z4.o(.text) refers to system_mkl46z4.o(i.SystemInit) for SystemInit
    startup_mkl46z4.o(.text) refers to entry.o(.ARM.Collect$$$$00000000) for __main
    system_mkl46z4.o(i.SystemCoreClockUpdate) refers to uidiv.o(.text) for __aeabi_uidivmod
    system_mkl46z4.o(i.SystemCoreClockUpdate) refers to fsl_clock.o(i.__ARM_common_switch8) for __ARM_common_switch8
    system_mkl46z4.o(i.SystemCoreClockUpdate) refers to system_mkl46z4.o(.data) for SystemCoreClock
    exp.o(i.__softfp_exp) refers (Special) to iusefp.o(.text) for __I$use$fp
    exp.o(i.__softfp_exp) refers to exp.o(i.exp) for exp
    exp.o(i.exp) refers (Special) to iusefp.o(.text) for __I$use$fp
    exp.o(i.exp) refers to dunder.o(i.__mathlib_dbl_infnan) for __mathlib_dbl_infnan
    exp.o(i.exp) refers to cdrcmple.o(.text) for __aeabi_cdrcmple
    exp.o(i.exp) refers to errno.o(i.__set_errno) for __set_errno
    exp.o(i.exp) refers to dunder.o(i.__mathlib_dbl_overflow) for __mathlib_dbl_overflow
    exp.o(i.exp) refers to cdcmple.o(.text) for __aeabi_cdcmple
    exp.o(i.exp) refers to dunder.o(i.__mathlib_dbl_underflow) for __mathlib_dbl_underflow
    exp.o(i.exp) refers to dadd.o(.text) for __aeabi_dsub
    exp.o(i.exp) refers to dmul.o(.text) for __aeabi_dmul
    exp.o(i.exp) refers to dfixi.o(.text) for __aeabi_d2iz
    exp.o(i.exp) refers to dflti.o(.text) for __aeabi_i2d
    exp.o(i.exp) refers to poly.o(i.__kernel_poly) for __kernel_poly
    exp.o(i.exp) refers to ddiv.o(.text) for __aeabi_ddiv
    exp.o(i.exp) refers to dscalb.o(.text) for __ARM_scalbn
    exp.o(i.exp) refers to fpclassify.o(i.__ARM_fpclassify) for __ARM_fpclassify
    exp.o(i.exp) refers to exp.o(.constdata) for .constdata
    exp.o(.constdata) refers (Special) to iusefp.o(.text) for __I$use$fp
    exp_x.o(i.____softfp_exp$lsc) refers (Special) to iusefp.o(.text) for __I$use$fp
    exp_x.o(i.____softfp_exp$lsc) refers to exp_x.o(i.__exp$lsc) for __exp$lsc
    exp_x.o(i.__exp$lsc) refers (Special) to iusefp.o(.text) for __I$use$fp
    exp_x.o(i.__exp$lsc) refers to dunder.o(i.__mathlib_dbl_infnan) for __mathlib_dbl_infnan
    exp_x.o(i.__exp$lsc) refers to cdrcmple.o(.text) for __aeabi_cdrcmple
    exp_x.o(i.__exp$lsc) refers to errno.o(i.__set_errno) for __set_errno
    exp_x.o(i.__exp$lsc) refers to cdcmple.o(.text) for __aeabi_cdcmple
    exp_x.o(i.__exp$lsc) refers to dadd.o(.text) for __aeabi_dsub
    exp_x.o(i.__exp$lsc) refers to dmul.o(.text) for __aeabi_dmul
    exp_x.o(i.__exp$lsc) refers to dfixi.o(.text) for __aeabi_d2iz
    exp_x.o(i.__exp$lsc) refers to dflti.o(.text) for __aeabi_i2d
    exp_x.o(i.__exp$lsc) refers to poly.o(i.__kernel_poly) for __kernel_poly
    exp_x.o(i.__exp$lsc) refers to ddiv.o(.text) for __aeabi_ddiv
    exp_x.o(i.__exp$lsc) refers to dscalb.o(.text) for __ARM_scalbn
    exp_x.o(i.__exp$lsc) refers to qnan.o(.constdata) for __mathlib_zero
    exp_x.o(i.__exp$lsc) refers to exp_x.o(.constdata) for .constdata
    exp_x.o(.constdata) refers (Special) to iusefp.o(.text) for __I$use$fp
    entry.o(.ARM.Collect$$$$00000000) refers (Special) to entry10a.o(.ARM.Collect$$$$0000000D) for __rt_final_cpp
    entry.o(.ARM.Collect$$$$00000000) refers (Special) to entry11a.o(.ARM.Collect$$$$0000000F) for __rt_final_exit
    entry.o(.ARM.Collect$$$$00000000) refers (Special) to entry7b.o(.ARM.Collect$$$$00000008) for _main_clock
    entry.o(.ARM.Collect$$$$00000000) refers (Special) to entry8b.o(.ARM.Collect$$$$0000000A) for _main_cpp_init
    entry.o(.ARM.Collect$$$$00000000) refers (Special) to entry9a.o(.ARM.Collect$$$$0000000B) for _main_init
    entry.o(.ARM.Collect$$$$00000000) refers (Special) to entry5.o(.ARM.Collect$$$$00000004) for _main_scatterload
    entry.o(.ARM.Collect$$$$00000000) refers (Special) to entry4.o(.ARM.Collect$$$$00000003) for _main_stk
    idiv.o(.text) refers to uidiv.o(.text) for __aeabi_uidivmod
    malloc2.o(i.__free$2region) refers to mvars.o(.data) for __microlib_freelist
    malloc2.o(i.__malloc$2region) refers to mvars.o(.data) for __microlib_freelist_initialised
    malloc2.o(i.__malloc$2region) refers to mvars.o(.data) for __microlib_freelist
    mallocr2.o(i.__free$realloc$2region) refers to mvars.o(.data) for __microlib_freelist
    mallocr2.o(i.__malloc$realloc$2region) refers to mallocr2.o(i.internal_alloc) for internal_alloc
    mallocr2.o(i.__malloc$realloc$2region) refers to mvars.o(.data) for __microlib_freelist_initialised
    mallocr2.o(i.__malloc$realloc$2region) refers to mvars.o(.data) for __microlib_freelist
    mallocr2.o(i.__realloc$2region) refers to mallocr2.o(i.__free$realloc$2region) for __free$realloc$2region
    mallocr2.o(i.__realloc$2region) refers to mallocr2.o(i.internal_alloc) for internal_alloc
    mallocr2.o(i.__realloc$2region) refers to mallocr2.o(i.__malloc$realloc$2region) for __malloc$realloc$2region
    mallocr2.o(i.__realloc$2region) refers to mvars.o(.data) for __microlib_freelist
    mallocr2.o(i.internal_alloc) refers to memcpya.o(.text) for __aeabi_memcpy
    mallocr2.o(i.internal_alloc) refers to mvars.o(.data) for __microlib_freelist
    malloca2.o(i.__aligned_malloc$2region) refers to mvars.o(.data) for __microlib_freelist
    malloca2.o(i.__aligned_malloc$2region) refers to mvars.o(.data) for __microlib_freelist_initialised
    malloca2.o(i.__free$memalign$2region) refers to mvars.o(.data) for __microlib_freelist
    malloca2.o(i.__malloc$memalign$2region) refers to malloca2.o(i.__aligned_malloc$2region) for __aligned_malloc$2region
    mallocra2.o(i.__aligned_malloc$realloc$2region) refers to mallocra2.o(i.internal_alloc) for internal_alloc
    mallocra2.o(i.__aligned_malloc$realloc$2region) refers to mvars.o(.data) for __microlib_freelist
    mallocra2.o(i.__aligned_malloc$realloc$2region) refers to mvars.o(.data) for __microlib_freelist_initialised
    mallocra2.o(i.__free$realloc$memalign$2region) refers to mvars.o(.data) for __microlib_freelist
    mallocra2.o(i.__malloc$realloc$memalign$2region) refers to mallocra2.o(i.__aligned_malloc$realloc$2region) for __aligned_malloc$realloc$2region
    mallocra2.o(i.__realloc$memalign$2region) refers to mallocra2.o(i.__free$realloc$memalign$2region) for __free$realloc$memalign$2region
    mallocra2.o(i.__realloc$memalign$2region) refers to mallocra2.o(i.internal_alloc) for internal_alloc
    mallocra2.o(i.__realloc$memalign$2region) refers to mallocra2.o(i.__malloc$realloc$memalign$2region) for __malloc$realloc$memalign$2region
    mallocra2.o(i.__realloc$memalign$2region) refers to mvars.o(.data) for __microlib_freelist
    mallocra2.o(i.internal_alloc) refers to memcpya.o(.text) for __aeabi_memcpy
    mallocra2.o(i.internal_alloc) refers to mvars.o(.data) for __microlib_freelist
    dadd.o(.text) refers (Special) to iusefp.o(.text) for __I$use$fp
    dadd.o(.text) refers to llshl.o(.text) for __aeabi_llsl
    dadd.o(.text) refers to llsshr.o(.text) for __aeabi_lasr
    dadd.o(.text) refers to depilogue.o(.text) for _double_epilogue
    dmul.o(.text) refers (Special) to iusefp.o(.text) for __I$use$fp
    dmul.o(.text) refers to depilogue.o(.text) for _double_epilogue
    ddiv.o(.text) refers (Special) to iusefp.o(.text) for __I$use$fp
    ddiv.o(.text) refers to depilogue.o(.text) for _double_round
    cdrcmple.o(.text) refers (Special) to iusefp.o(.text) for __I$use$fp
    dunder.o(i.__mathlib_dbl_divzero) refers to ddiv.o(.text) for __aeabi_ddiv
    dunder.o(i.__mathlib_dbl_infnan) refers to dscalb.o(.text) for __ARM_scalbn
    dunder.o(i.__mathlib_dbl_infnan2) refers to dadd.o(.text) for __aeabi_dadd
    dunder.o(i.__mathlib_dbl_invalid) refers to ddiv.o(.text) for __aeabi_ddiv
    dunder.o(i.__mathlib_dbl_overflow) refers to dscalb.o(.text) for __ARM_scalbn
    dunder.o(i.__mathlib_dbl_posinfnan) refers to dmul.o(.text) for __aeabi_dmul
    dunder.o(i.__mathlib_dbl_underflow) refers to dscalb.o(.text) for __ARM_scalbn
    fpclassify.o(i.__ARM_fpclassify) refers (Special) to iusefp.o(.text) for __I$use$fp
    poly.o(i.__kernel_poly) refers (Special) to iusefp.o(.text) for __I$use$fp
    poly.o(i.__kernel_poly) refers to dmul.o(.text) for __aeabi_dmul
    poly.o(i.__kernel_poly) refers to dadd.o(.text) for __aeabi_dadd
    qnan.o(.constdata) refers (Special) to iusefp.o(.text) for __I$use$fp
    entry4.o(.ARM.Collect$$$$00000003) refers to entry4.o(.ARM.Collect$$$$00002714) for __lit__00000000
    entry4.o(__vectab_stack_and_reset_area) refers to entry.o(.ARM.Collect$$$$00000000) for __main
    entry5.o(.ARM.Collect$$$$00000004) refers to init.o(.text) for __scatterload
    entry9a.o(.ARM.Collect$$$$0000000B) refers to mian.o(i.main) for main
    entry9b.o(.ARM.Collect$$$$0000000C) refers to mian.o(i.main) for main
    errno.o(i.__aeabi_errno_addr) refers to errno.o(.data) for .data
    errno.o(i.__read_errno) refers to errno.o(.data) for .data
    errno.o(i.__set_errno) refers to errno.o(.data) for .data
    depilogue.o(.text) refers to depilogue.o(i.__ARM_clz) for __ARM_clz
    depilogue.o(.text) refers to llshl.o(.text) for __aeabi_llsl
    depilogue.o(.text) refers to llushr.o(.text) for __aeabi_llsr
    dflti.o(.text) refers to depilogue.o(.text) for _double_epilogue
    dfixi.o(.text) refers to llushr.o(.text) for __aeabi_llsr
    init.o(.text) refers to entry5.o(.ARM.Collect$$$$00000004) for __main_after_scatterload


==============================================================================

Removing Unused input sections from the image.

    Removing mian.o(.rev16_text), (4 bytes).
    Removing mian.o(.revsh_text), (4 bytes).
    Removing dl_math.o(i.matrix_multpile), (150 bytes).
    Removing dl_math.o(i.maxofMatrix), (80 bytes).
    Removing dl_math.o(i.sigmoid), (72 bytes).
    Removing dl_math.o(i.sigmoidMatrix), (40 bytes).
    Removing ml_models.o(i.NN_2Lyaers_1), (176 bytes).
    Removing app_led.o(.rev16_text), (4 bytes).
    Removing app_led.o(.revsh_text), (4 bytes).
    Removing app_led.o(i.BlinkLED3), (28 bytes).
    Removing app_led.o(i.InitLED), (48 bytes).
    Removing clock_config.o(.rev16_text), (4 bytes).
    Removing clock_config.o(.revsh_text), (4 bytes).
    Removing clock_config.o(i.BOARD_BootClockVLPR), (88 bytes).
    Removing pin_mux.o(.rev16_text), (4 bytes).
    Removing pin_mux.o(.revsh_text), (4 bytes).
    Removing fsl_clock.o(.rev16_text), (4 bytes).
    Removing fsl_clock.o(.revsh_text), (4 bytes).
    Removing fsl_clock.o(i.CLOCK_BootToBlpeMode), (60 bytes).
    Removing fsl_clock.o(i.CLOCK_BootToBlpiMode), (68 bytes).
    Removing fsl_clock.o(i.CLOCK_BootToFeeMode), (30 bytes).
    Removing fsl_clock.o(i.CLOCK_BootToFeiMode), (20 bytes).
    Removing fsl_clock.o(i.CLOCK_CalcPllDiv), (256 bytes).
    Removing fsl_clock.o(i.CLOCK_ClearStatusFlags), (40 bytes).
    Removing fsl_clock.o(i.CLOCK_DeinitOsc0), (28 bytes).
    Removing fsl_clock.o(i.CLOCK_ExternalModeToFbeModeQuick), (76 bytes).
    Removing fsl_clock.o(i.CLOCK_FllStableDelay), (28 bytes).
    Removing fsl_clock.o(i.CLOCK_GetBusClkFreq), (56 bytes).
    Removing fsl_clock.o(i.CLOCK_GetCoreSysClkFreq), (28 bytes).
    Removing fsl_clock.o(i.CLOCK_GetFlashClkFreq), (56 bytes).
    Removing fsl_clock.o(i.CLOCK_GetMode), (120 bytes).
    Removing fsl_clock.o(i.CLOCK_GetPlatClkFreq), (28 bytes).
    Removing fsl_clock.o(i.CLOCK_GetStatusFlags), (64 bytes).
    Removing fsl_clock.o(i.CLOCK_InternalModeToFbiModeQuick), (52 bytes).
    Removing fsl_clock.o(i.CLOCK_SetBlpeMode), (20 bytes).
    Removing fsl_clock.o(i.CLOCK_SetBlpiMode), (20 bytes).
    Removing fsl_clock.o(i.CLOCK_SetFbeMode), (192 bytes).
    Removing fsl_clock.o(i.CLOCK_SetFbiMode), (152 bytes).
    Removing fsl_clock.o(i.CLOCK_SetFeeMode), (164 bytes).
    Removing fsl_clock.o(i.CLOCK_SetFeiMode), (140 bytes).
    Removing fsl_clock.o(i.CLOCK_SetMcgConfig), (292 bytes).
    Removing fsl_clock.o(i.CLOCK_SetOsc0MonitorMode), (80 bytes).
    Removing fsl_clock.o(i.CLOCK_SetPeeMode), (36 bytes).
    Removing fsl_clock.o(i.CLOCK_SetPll0MonitorMode), (68 bytes).
    Removing fsl_clock.o(i.CLOCK_TrimInternalRefClk), (248 bytes).
    Removing fsl_smc.o(.rev16_text), (4 bytes).
    Removing fsl_smc.o(.revsh_text), (4 bytes).
    Removing fsl_smc.o(i.SMC_SetPowerModeLls), (88 bytes).
    Removing fsl_smc.o(i.SMC_SetPowerModeRun), (20 bytes).
    Removing fsl_smc.o(i.SMC_SetPowerModeStop), (108 bytes).
    Removing fsl_smc.o(i.SMC_SetPowerModeVlls), (136 bytes).
    Removing fsl_smc.o(i.SMC_SetPowerModeVlpr), (22 bytes).
    Removing fsl_smc.o(i.SMC_SetPowerModeVlps), (88 bytes).
    Removing fsl_smc.o(i.SMC_SetPowerModeVlpw), (56 bytes).
    Removing fsl_smc.o(i.SMC_SetPowerModeWait), (56 bytes).
    Removing fsl_common.o(.rev16_text), (4 bytes).
    Removing fsl_common.o(.revsh_text), (4 bytes).
    Removing fsl_common.o(i.InstallIRQHandler), (84 bytes).
    Removing fsl_debug_console.o(.rev16_text), (4 bytes).
    Removing fsl_debug_console.o(.revsh_text), (4 bytes).
    Removing fsl_debug_console.o(i.DbgConsole_Deinit), (72 bytes).
    Removing fsl_debug_console.o(i.DbgConsole_Getchar), (36 bytes).
    Removing fsl_debug_console.o(i.DbgConsole_Init), (264 bytes).
    Removing fsl_debug_console.o(i.DbgConsole_ScanIgnoreWhiteSpace), (50 bytes).
    Removing fsl_debug_console.o(i.DbgConsole_Scanf), (128 bytes).
    Removing fsl_debug_console.o(i.DbgConsole_ScanfFormattedData), (1052 bytes).
    Removing fsl_debug_console.o(i.fgetc), (40 bytes).
    Removing fsl_debug_console.o(i.fputc), (36 bytes).
    Removing fsl_debug_console.o(.data), (8 bytes).
    Removing fsl_uart.o(.rev16_text), (4 bytes).
    Removing fsl_uart.o(.revsh_text), (4 bytes).
    Removing fsl_uart.o(i.UART1_DriverIRQHandler), (28 bytes).
    Removing fsl_uart.o(i.UART1_RX_TX_DriverIRQHandler), (8 bytes).
    Removing fsl_uart.o(i.UART2_DriverIRQHandler), (28 bytes).
    Removing fsl_uart.o(i.UART2_RX_TX_DriverIRQHandler), (8 bytes).
    Removing fsl_uart.o(i.UART_ClearStatusFlags), (76 bytes).
    Removing fsl_uart.o(i.UART_Deinit), (60 bytes).
    Removing fsl_uart.o(i.UART_DisableInterrupts), (32 bytes).
    Removing fsl_uart.o(i.UART_EnableInterrupts), (32 bytes).
    Removing fsl_uart.o(i.UART_GetDefaultConfig), (68 bytes).
    Removing fsl_uart.o(i.UART_GetEnabledInterrupts), (32 bytes).
    Removing fsl_uart.o(i.UART_GetInstance), (104 bytes).
    Removing fsl_uart.o(i.UART_GetStatusFlags), (14 bytes).
    Removing fsl_uart.o(i.UART_Init), (340 bytes).
    Removing fsl_uart.o(i.UART_ReadBlocking), (156 bytes).
    Removing fsl_uart.o(i.UART_ReadNonBlocking), (72 bytes).
    Removing fsl_uart.o(i.UART_SetBaudRate), (184 bytes).
    Removing fsl_uart.o(i.UART_TransferAbortReceive), (84 bytes).
    Removing fsl_uart.o(i.UART_TransferAbortSend), (76 bytes).
    Removing fsl_uart.o(i.UART_TransferCreateHandle), (152 bytes).
    Removing fsl_uart.o(i.UART_TransferGetReceiveCount), (116 bytes).
    Removing fsl_uart.o(i.UART_TransferGetRxRingBufferLength), (80 bytes).
    Removing fsl_uart.o(i.UART_TransferGetSendCount), (108 bytes).
    Removing fsl_uart.o(i.UART_TransferHandleErrorIRQ), (2 bytes).
    Removing fsl_uart.o(i.UART_TransferHandleIRQ), (428 bytes).
    Removing fsl_uart.o(i.UART_TransferIsRxRingBufferFull), (72 bytes).
    Removing fsl_uart.o(i.UART_TransferReceiveNonBlocking), (404 bytes).
    Removing fsl_uart.o(i.UART_TransferSendNonBlocking), (196 bytes).
    Removing fsl_uart.o(i.UART_TransferStartRingBuffer), (112 bytes).
    Removing fsl_uart.o(i.UART_TransferStopRingBuffer), (84 bytes).
    Removing fsl_uart.o(i.UART_WriteBlocking), (32 bytes).
    Removing fsl_uart.o(i.UART_WriteNonBlocking), (72 bytes).
    Removing fsl_uart.o(.bss), (12 bytes).
    Removing fsl_uart.o(.constdata), (28 bytes).
    Removing fsl_uart.o(.data), (4 bytes).
    Removing fsl_lpsci.o(.rev16_text), (4 bytes).
    Removing fsl_lpsci.o(.revsh_text), (4 bytes).
    Removing fsl_lpsci.o(i.LPSCI_ClearStatusFlags), (96 bytes).
    Removing fsl_lpsci.o(i.LPSCI_Deinit), (56 bytes).
    Removing fsl_lpsci.o(i.LPSCI_DisableInterrupts), (32 bytes).
    Removing fsl_lpsci.o(i.LPSCI_EnableInterrupts), (32 bytes).
    Removing fsl_lpsci.o(i.LPSCI_GetDefaultConfig), (68 bytes).
    Removing fsl_lpsci.o(i.LPSCI_GetEnabledInterrupts), (32 bytes).
    Removing fsl_lpsci.o(i.LPSCI_GetInstance), (112 bytes).
    Removing fsl_lpsci.o(i.LPSCI_GetStatusFlags), (14 bytes).
    Removing fsl_lpsci.o(i.LPSCI_Init), (436 bytes).
    Removing fsl_lpsci.o(i.LPSCI_ReadBlocking), (184 bytes).
    Removing fsl_lpsci.o(i.LPSCI_ReadNonBlocking), (68 bytes).
    Removing fsl_lpsci.o(i.LPSCI_SetBaudRate), (280 bytes).
    Removing fsl_lpsci.o(i.LPSCI_TransferAbortReceive), (80 bytes).
    Removing fsl_lpsci.o(i.LPSCI_TransferAbortSend), (76 bytes).
    Removing fsl_lpsci.o(i.LPSCI_TransferCreateHandle), (152 bytes).
    Removing fsl_lpsci.o(i.LPSCI_TransferGetReceiveCount), (108 bytes).
    Removing fsl_lpsci.o(i.LPSCI_TransferGetRxRingBufferLength), (80 bytes).
    Removing fsl_lpsci.o(i.LPSCI_TransferGetSendCount), (108 bytes).
    Removing fsl_lpsci.o(i.LPSCI_TransferHandleErrorIRQ), (2 bytes).
    Removing fsl_lpsci.o(i.LPSCI_TransferHandleIRQ), (428 bytes).
    Removing fsl_lpsci.o(i.LPSCI_TransferIsRxRingBufferFull), (72 bytes).
    Removing fsl_lpsci.o(i.LPSCI_TransferReceiveNonBlocking), (404 bytes).
    Removing fsl_lpsci.o(i.LPSCI_TransferSendNonBlocking), (196 bytes).
    Removing fsl_lpsci.o(i.LPSCI_TransferStartRingBuffer), (112 bytes).
    Removing fsl_lpsci.o(i.LPSCI_TransferStopRingBuffer), (84 bytes).
    Removing fsl_lpsci.o(i.LPSCI_WriteBlocking), (88 bytes).
    Removing fsl_lpsci.o(i.LPSCI_WriteNonBlocking), (68 bytes).
    Removing fsl_lpsci.o(i.UART0_DriverIRQHandler), (28 bytes).
    Removing fsl_lpsci.o(.constdata), (12 bytes).
    Removing fsl_lpsci.o(.data), (8 bytes).
    Removing usb_cdc.o(.rev16_text), (4 bytes).
    Removing usb_cdc.o(.revsh_text), (4 bytes).
    Removing usb_device_descriptor.o(i.USB_DeviceSetSpeed), (144 bytes).
    Removing usb_device_dci.o(.rev16_text), (4 bytes).
    Removing usb_device_dci.o(.revsh_text), (4 bytes).
    Removing usb_device_dci.o(i.USB_DeviceCancel), (44 bytes).
    Removing usb_device_dci.o(i.USB_DeviceGetVersion), (16 bytes).
    Removing usb_device_dci.o(i.USB_DeviceStop), (16 bytes).
    Removing usb_device_khci.o(.rev16_text), (4 bytes).
    Removing usb_device_khci.o(.revsh_text), (4 bytes).
    Removing usb_osa_bm.o(.rev16_text), (4 bytes).
    Removing usb_osa_bm.o(.revsh_text), (4 bytes).
    Removing usb_osa_bm.o(i.USB_OsaEventCheck), (62 bytes).
    Removing usb_osa_bm.o(i.USB_OsaEventClear), (44 bytes).
    Removing usb_osa_bm.o(i.USB_OsaEventCreate), (100 bytes).
    Removing usb_osa_bm.o(i.USB_OsaEventDestroy), (36 bytes).
    Removing usb_osa_bm.o(i.USB_OsaEventSet), (40 bytes).
    Removing usb_osa_bm.o(i.USB_OsaEventWait), (100 bytes).
    Removing usb_osa_bm.o(i.USB_OsaMemoryAllocate), (36 bytes).
    Removing usb_osa_bm.o(i.USB_OsaMemoryFree), (12 bytes).
    Removing usb_osa_bm.o(i.USB_OsaMsgqCheck), (58 bytes).
    Removing usb_osa_bm.o(i.USB_OsaMsgqCreate), (132 bytes).
    Removing usb_osa_bm.o(i.USB_OsaMsgqDestroy), (38 bytes).
    Removing usb_osa_bm.o(i.USB_OsaMsgqRecv), (132 bytes).
    Removing usb_osa_bm.o(i.USB_OsaMsgqSend), (152 bytes).
    Removing usb_osa_bm.o(i.USB_OsaMutexCreate), (24 bytes).
    Removing usb_osa_bm.o(i.USB_OsaMutexDestroy), (6 bytes).
    Removing usb_osa_bm.o(i.USB_OsaMutexLock), (6 bytes).
    Removing usb_osa_bm.o(i.USB_OsaMutexUnlock), (6 bytes).
    Removing usb_osa_bm.o(i.USB_OsaSemCreate), (92 bytes).
    Removing usb_osa_bm.o(i.USB_OsaSemDestroy), (36 bytes).
    Removing usb_osa_bm.o(i.USB_OsaSemPost), (38 bytes).
    Removing usb_osa_bm.o(i.USB_OsaSemWait), (60 bytes).
    Removing usb_osa_bm.o(m_usb_global), (184 bytes).
    Removing startup_mkl46z4.o(HEAP), (0 bytes).
    Removing system_mkl46z4.o(.rev16_text), (4 bytes).
    Removing system_mkl46z4.o(.revsh_text), (4 bytes).
    Removing dadd.o(.text), (356 bytes).
    Removing dmul.o(.text), (208 bytes).
    Removing ddiv.o(.text), (240 bytes).
    Removing cdrcmple.o(.text), (40 bytes).
    Removing depilogue.o(.text), (190 bytes).
    Removing dscalb.o(.text), (44 bytes).
    Removing dflti.o(.text), (40 bytes).
    Removing dfixi.o(.text), (72 bytes).
    Removing cdcmple.o(.text), (40 bytes).
    Removing depilogue.o(i.__ARM_clz), (46 bytes).

184 unused section(s) (total 15278 bytes) removed from the image.

==============================================================================

Image Symbol Table

    Local Symbols

    Symbol Name                              Value     Ov Type        Size  Object(Section)

    RESET                                    0x00000000   Section      192  startup_mkl46z4.o(RESET)
    ../clib/microlib/division.c              0x00000000   Number         0  uidiv.o ABSOLUTE
    ../clib/microlib/division.c              0x00000000   Number         0  idiv.o ABSOLUTE
    ../clib/microlib/errno.c                 0x00000000   Number         0  errno.o ABSOLUTE
    ../clib/microlib/init/entry.s            0x00000000   Number         0  entry10b.o ABSOLUTE
    ../clib/microlib/init/entry.s            0x00000000   Number         0  entry8a.o ABSOLUTE
    ../clib/microlib/init/entry.s            0x00000000   Number         0  entry8b.o ABSOLUTE
    ../clib/microlib/init/entry.s            0x00000000   Number         0  entry9a.o ABSOLUTE
    ../clib/microlib/init/entry.s            0x00000000   Number         0  entry9b.o ABSOLUTE
    ../clib/microlib/init/entry.s            0x00000000   Number         0  entry10a.o ABSOLUTE
    ../clib/microlib/init/entry.s            0x00000000   Number         0  entry5.o ABSOLUTE
    ../clib/microlib/init/entry.s            0x00000000   Number         0  entry11b.o ABSOLUTE
    ../clib/microlib/init/entry.s            0x00000000   Number         0  entry.o ABSOLUTE
    ../clib/microlib/init/entry.s            0x00000000   Number         0  entry4.o ABSOLUTE
    ../clib/microlib/init/entry.s            0x00000000   Number         0  entry11a.o ABSOLUTE
    ../clib/microlib/init/entry.s            0x00000000   Number         0  entry7a.o ABSOLUTE
    ../clib/microlib/init/entry.s            0x00000000   Number         0  entry7b.o ABSOLUTE
    ../clib/microlib/longlong.c              0x00000000   Number         0  llshl.o ABSOLUTE
    ../clib/microlib/longlong.c              0x00000000   Number         0  llsshr.o ABSOLUTE
    ../clib/microlib/longlong.c              0x00000000   Number         0  llushr.o ABSOLUTE
    ../clib/microlib/malloc/malloc.c         0x00000000   Number         0  mallocr2.o ABSOLUTE
    ../clib/microlib/malloc/malloc.c         0x00000000   Number         0  malloca2.o ABSOLUTE
    ../clib/microlib/malloc/malloc.c         0x00000000   Number         0  mallocra2.o ABSOLUTE
    ../clib/microlib/malloc/malloc.c         0x00000000   Number         0  malloc2.o ABSOLUTE
    ../clib/microlib/malloc/mvars.c          0x00000000   Number         0  mvars.o ABSOLUTE
    ../clib/microlib/string/memcpy.c         0x00000000   Number         0  memcpya.o ABSOLUTE
    ../clib/microlib/string/memcpy.c         0x00000000   Number         0  memcpyb.o ABSOLUTE
    ../clib/microlib/string/memset.c         0x00000000   Number         0  memseta.o ABSOLUTE
    ../clib/microlib/string/strlen.c         0x00000000   Number         0  strlen.o ABSOLUTE
    ../clib/microlib/stubs.s                 0x00000000   Number         0  iusefp.o ABSOLUTE
    ../fplib/microlib/fpadd.c                0x00000000   Number         0  dadd.o ABSOLUTE
    ../fplib/microlib/fpdiv.c                0x00000000   Number         0  ddiv.o ABSOLUTE
    ../fplib/microlib/fpepilogue.c           0x00000000   Number         0  depilogue.o ABSOLUTE
    ../fplib/microlib/fpfix.c                0x00000000   Number         0  dfixi.o ABSOLUTE
    ../fplib/microlib/fpflt.c                0x00000000   Number         0  dflti.o ABSOLUTE
    ../fplib/microlib/fpmul.c                0x00000000   Number         0  dmul.o ABSOLUTE
    ../fplib/microlib/fpscalb.c              0x00000000   Number         0  dscalb.o ABSOLUTE
    ../mathlib/dunder.c                      0x00000000   Number         0  dunder.o ABSOLUTE
    ../mathlib/exp.c                         0x00000000   Number         0  exp_x.o ABSOLUTE
    ../mathlib/exp.c                         0x00000000   Number         0  exp.o ABSOLUTE
    ../mathlib/fpclassify.c                  0x00000000   Number         0  fpclassify.o ABSOLUTE
    ../mathlib/poly.c                        0x00000000   Number         0  poly.o ABSOLUTE
    ../mathlib/qnan.c                        0x00000000   Number         0  qnan.o ABSOLUTE
    App_LED.c                                0x00000000   Number         0  app_led.o ABSOLUTE
    App_LED.c                                0x00000000   Number         0  app_led.o ABSOLUTE
    DL_Math.c                                0x00000000   Number         0  dl_math.o ABSOLUTE
    ML_Models.c                              0x00000000   Number         0  ml_models.o ABSOLUTE
    RTE\Device\MKL46Z256xxx4\startup_MKL46Z4.s 0x00000000   Number         0  startup_mkl46z4.o ABSOLUTE
    RTE\Device\MKL46Z256xxx4\system_MKL46Z4.c 0x00000000   Number         0  system_mkl46z4.o ABSOLUTE
    RTE\\Device\\MKL46Z256xxx4\\system_MKL46Z4.c 0x00000000   Number         0  system_mkl46z4.o ABSOLUTE
    USB_CDC.c                                0x00000000   Number         0  usb_cdc.o ABSOLUTE
    USB_CDC.c                                0x00000000   Number         0  usb_cdc.o ABSOLUTE
    cdcmple.s                                0x00000000   Number         0  cdcmple.o ABSOLUTE
    cdrcmple.s                               0x00000000   Number         0  cdrcmple.o ABSOLUTE
    clock_config.c                           0x00000000   Number         0  clock_config.o ABSOLUTE
    clock_config.c                           0x00000000   Number         0  clock_config.o ABSOLUTE
    dc.s                                     0x00000000   Number         0  dc.o ABSOLUTE
    drivers\\fsl_clock.c                     0x00000000   Number         0  fsl_clock.o ABSOLUTE
    drivers\\fsl_common.c                    0x00000000   Number         0  fsl_common.o ABSOLUTE
    drivers\\fsl_debug_console.c             0x00000000   Number         0  fsl_debug_console.o ABSOLUTE
    drivers\\fsl_lpsci.c                     0x00000000   Number         0  fsl_lpsci.o ABSOLUTE
    drivers\\fsl_smc.c                       0x00000000   Number         0  fsl_smc.o ABSOLUTE
    drivers\\fsl_uart.c                      0x00000000   Number         0  fsl_uart.o ABSOLUTE
    drivers\fsl_clock.c                      0x00000000   Number         0  fsl_clock.o ABSOLUTE
    drivers\fsl_common.c                     0x00000000   Number         0  fsl_common.o ABSOLUTE
    drivers\fsl_debug_console.c              0x00000000   Number         0  fsl_debug_console.o ABSOLUTE
    drivers\fsl_lpsci.c                      0x00000000   Number         0  fsl_lpsci.o ABSOLUTE
    drivers\fsl_smc.c                        0x00000000   Number         0  fsl_smc.o ABSOLUTE
    drivers\fsl_uart.c                       0x00000000   Number         0  fsl_uart.o ABSOLUTE
    handlers.s                               0x00000000   Number         0  handlers.o ABSOLUTE
    init.s                                   0x00000000   Number         0  init.o ABSOLUTE
    mian.c                                   0x00000000   Number         0  mian.o ABSOLUTE
    mian.c                                   0x00000000   Number         0  mian.o ABSOLUTE
    pin_mux.c                                0x00000000   Number         0  pin_mux.o ABSOLUTE
    pin_mux.c                                0x00000000   Number         0  pin_mux.o ABSOLUTE
    usb_1.1.0\\usb_device_dci.c              0x00000000   Number         0  usb_device_dci.o ABSOLUTE
    usb_1.1.0\\usb_device_khci.c             0x00000000   Number         0  usb_device_khci.o ABSOLUTE
    usb_1.1.0\\usb_osa_bm.c                  0x00000000   Number         0  usb_osa_bm.o ABSOLUTE
    usb_1.1.0\usb_device_dci.c               0x00000000   Number         0  usb_device_dci.o ABSOLUTE
    usb_1.1.0\usb_device_khci.c              0x00000000   Number         0  usb_device_khci.o ABSOLUTE
    usb_1.1.0\usb_osa_bm.c                   0x00000000   Number         0  usb_osa_bm.o ABSOLUTE
    usb_device_cdc_acm.c                     0x00000000   Number         0  usb_device_cdc_acm.o ABSOLUTE
    usb_device_ch9.c                         0x00000000   Number         0  usb_device_ch9.o ABSOLUTE
    usb_device_descriptor.c                  0x00000000   Number         0  usb_device_descriptor.o ABSOLUTE
    .ARM.__at_0x400                          0x00000400   Section       16  startup_mkl46z4.o(.ARM.__at_0x400)
    .ARM.Collect$$$$00000000                 0x00000410   Section        0  entry.o(.ARM.Collect$$$$00000000)
    .ARM.Collect$$$$00000003                 0x00000410   Section        4  entry4.o(.ARM.Collect$$$$00000003)
    .ARM.Collect$$$$00000004                 0x00000414   Section        4  entry5.o(.ARM.Collect$$$$00000004)
    .ARM.Collect$$$$00000008                 0x00000418   Section        0  entry7b.o(.ARM.Collect$$$$00000008)
    .ARM.Collect$$$$0000000A                 0x00000418   Section        0  entry8b.o(.ARM.Collect$$$$0000000A)
    .ARM.Collect$$$$0000000B                 0x00000418   Section        8  entry9a.o(.ARM.Collect$$$$0000000B)
    .ARM.Collect$$$$0000000D                 0x00000420   Section        0  entry10a.o(.ARM.Collect$$$$0000000D)
    .ARM.Collect$$$$0000000F                 0x00000420   Section        0  entry11a.o(.ARM.Collect$$$$0000000F)
    .ARM.Collect$$$$00002714                 0x00000420   Section        4  entry4.o(.ARM.Collect$$$$00002714)
    __lit__00000000                          0x00000420   Data           4  entry4.o(.ARM.Collect$$$$00002714)
    .text                                    0x00000424   Section       28  startup_mkl46z4.o(.text)
    .text                                    0x00000440   Section        0  uidiv.o(.text)
    .text                                    0x0000046c   Section        0  idiv.o(.text)
    .text                                    0x00000494   Section        0  strlen.o(.text)
    .text                                    0x000004a4   Section       36  init.o(.text)
    i.BOARD_BootClockRUN                     0x000004c8   Section        0  clock_config.o(i.BOARD_BootClockRUN)
    i.BOARD_InitPins                         0x00000528   Section        0  pin_mux.o(i.BOARD_InitPins)
    i.CLOCK_BootToPeeMode                    0x00000560   Section        0  fsl_clock.o(i.CLOCK_BootToPeeMode)
    i.CLOCK_EnablePll0                       0x000005cc   Section        0  fsl_clock.o(i.CLOCK_EnablePll0)
    i.CLOCK_EnableUsbfs0Clock                0x00000644   Section        0  fsl_clock.o(i.CLOCK_EnableUsbfs0Clock)
    i.CLOCK_GetEr32kClkFreq                  0x000006b0   Section        0  fsl_clock.o(i.CLOCK_GetEr32kClkFreq)
    i.CLOCK_GetFixedFreqClkFreq              0x00000738   Section        0  fsl_clock.o(i.CLOCK_GetFixedFreqClkFreq)
    i.CLOCK_GetFllExtRefClkFreq              0x00000758   Section        0  fsl_clock.o(i.CLOCK_GetFllExtRefClkFreq)
    CLOCK_GetFllExtRefClkFreq                0x00000759   Thumb Code   110  fsl_clock.o(i.CLOCK_GetFllExtRefClkFreq)
    i.CLOCK_GetFllFreq                       0x000007cc   Section        0  fsl_clock.o(i.CLOCK_GetFllFreq)
    i.CLOCK_GetFllRefClkFreq                 0x00000824   Section        0  fsl_clock.o(i.CLOCK_GetFllRefClkFreq)
    CLOCK_GetFllRefClkFreq                   0x00000825   Thumb Code    28  fsl_clock.o(i.CLOCK_GetFllRefClkFreq)
    i.CLOCK_GetFreq                          0x00000848   Section        0  fsl_clock.o(i.CLOCK_GetFreq)
    i.CLOCK_GetInternalRefClkFreq            0x000008f8   Section        0  fsl_clock.o(i.CLOCK_GetInternalRefClkFreq)
    i.CLOCK_GetInternalRefClkSelectFreq      0x00000914   Section        0  fsl_clock.o(i.CLOCK_GetInternalRefClkSelectFreq)
    CLOCK_GetInternalRefClkSelectFreq        0x00000915   Thumb Code    36  fsl_clock.o(i.CLOCK_GetInternalRefClkSelectFreq)
    i.CLOCK_GetMcgExtClkFreq                 0x00000944   Section        0  fsl_clock.o(i.CLOCK_GetMcgExtClkFreq)
    CLOCK_GetMcgExtClkFreq                   0x00000945   Thumb Code    28  fsl_clock.o(i.CLOCK_GetMcgExtClkFreq)
    i.CLOCK_GetOsc0ErClkFreq                 0x00000984   Section        0  fsl_clock.o(i.CLOCK_GetOsc0ErClkFreq)
    i.CLOCK_GetOscRangeFromFreq              0x000009dc   Section        0  fsl_clock.o(i.CLOCK_GetOscRangeFromFreq)
    CLOCK_GetOscRangeFromFreq                0x000009dd   Thumb Code    26  fsl_clock.o(i.CLOCK_GetOscRangeFromFreq)
    i.CLOCK_GetOutClkFreq                    0x00000a00   Section        0  fsl_clock.o(i.CLOCK_GetOutClkFreq)
    i.CLOCK_GetPll0Freq                      0x00000a40   Section        0  fsl_clock.o(i.CLOCK_GetPll0Freq)
    i.CLOCK_GetPll0RefFreq                   0x00000ab0   Section        0  fsl_clock.o(i.CLOCK_GetPll0RefFreq)
    CLOCK_GetPll0RefFreq                     0x00000ab1   Thumb Code     8  fsl_clock.o(i.CLOCK_GetPll0RefFreq)
    i.CLOCK_GetPllFllSelClkFreq              0x00000ab8   Section        0  fsl_clock.o(i.CLOCK_GetPllFllSelClkFreq)
    i.CLOCK_InitOsc0                         0x00000af0   Section        0  fsl_clock.o(i.CLOCK_InitOsc0)
    i.CLOCK_SetExternalRefClkConfig          0x00000b68   Section        0  fsl_clock.o(i.CLOCK_SetExternalRefClkConfig)
    i.CLOCK_SetInternalRefClkConfig          0x00000b90   Section        0  fsl_clock.o(i.CLOCK_SetInternalRefClkConfig)
    i.CLOCK_SetPbeMode                       0x00000c3c   Section        0  fsl_clock.o(i.CLOCK_SetPbeMode)
    i.CLOCK_SetSimConfig                     0x00000cac   Section        0  fsl_clock.o(i.CLOCK_SetSimConfig)
    i.DbgConsole_ConvertRadixNumToString     0x00000cfc   Section        0  fsl_debug_console.o(i.DbgConsole_ConvertRadixNumToString)
    DbgConsole_ConvertRadixNumToString       0x00000cfd   Thumb Code   196  fsl_debug_console.o(i.DbgConsole_ConvertRadixNumToString)
    i.DbgConsole_Printf                      0x00000dc0   Section        0  fsl_debug_console.o(i.DbgConsole_Printf)
    i.DbgConsole_PrintfFormattedData         0x00000df8   Section        0  fsl_debug_console.o(i.DbgConsole_PrintfFormattedData)
    DbgConsole_PrintfFormattedData           0x00000df9   Thumb Code   620  fsl_debug_console.o(i.DbgConsole_PrintfFormattedData)
    i.DbgConsole_PrintfPaddingCharacter      0x00001064   Section        0  fsl_debug_console.o(i.DbgConsole_PrintfPaddingCharacter)
    DbgConsole_PrintfPaddingCharacter        0x00001065   Thumb Code    36  fsl_debug_console.o(i.DbgConsole_PrintfPaddingCharacter)
    i.DbgConsole_Putchar                     0x00001088   Section        0  fsl_debug_console.o(i.DbgConsole_Putchar)
    i.PORT_SetPinMux                         0x000010ac   Section        0  pin_mux.o(i.PORT_SetPinMux)
    PORT_SetPinMux                           0x000010ad   Thumb Code    28  pin_mux.o(i.PORT_SetPinMux)
    i.SystemCoreClockUpdate                  0x000010c8   Section        0  system_mkl46z4.o(i.SystemCoreClockUpdate)
    i.SystemInit                             0x00001224   Section        0  system_mkl46z4.o(i.SystemInit)
    i.USB0_IRQHandler                        0x00001290   Section        0  usb_cdc.o(i.USB0_IRQHandler)
    i.USBInit                                0x000012a0   Section        0  usb_cdc.o(i.USBInit)
    i.USB_CDC_task                           0x00001360   Section        0  usb_cdc.o(i.USB_CDC_task)
    i.USB_DeviceAllocateHandle               0x00001408   Section        0  usb_device_dci.o(i.USB_DeviceAllocateHandle)
    USB_DeviceAllocateHandle                 0x00001409   Thumb Code   124  usb_device_dci.o(i.USB_DeviceAllocateHandle)
    i.USB_DeviceCallback                     0x00001488   Section        0  usb_cdc.o(i.USB_DeviceCallback)
    i.USB_DeviceCdcAcmBulkIn                 0x000015b4   Section        0  usb_cdc.o(i.USB_DeviceCdcAcmBulkIn)
    i.USB_DeviceCdcAcmBulkOut                0x00001620   Section        0  usb_cdc.o(i.USB_DeviceCdcAcmBulkOut)
    i.USB_DeviceCdcAcmInterruptIn            0x0000166c   Section        0  usb_cdc.o(i.USB_DeviceCdcAcmInterruptIn)
    i.USB_DeviceCh9GetConfiguration          0x00001674   Section        0  usb_device_ch9.o(i.USB_DeviceCh9GetConfiguration)
    USB_DeviceCh9GetConfiguration            0x00001675   Thumb Code    58  usb_device_ch9.o(i.USB_DeviceCh9GetConfiguration)
    i.USB_DeviceCh9GetDescriptor             0x000016b4   Section        0  usb_device_ch9.o(i.USB_DeviceCh9GetDescriptor)
    USB_DeviceCh9GetDescriptor               0x000016b5   Thumb Code    62  usb_device_ch9.o(i.USB_DeviceCh9GetDescriptor)
    i.USB_DeviceCh9GetInterface              0x000016f4   Section        0  usb_device_ch9.o(i.USB_DeviceCh9GetInterface)
    USB_DeviceCh9GetInterface                0x000016f5   Thumb Code    56  usb_device_ch9.o(i.USB_DeviceCh9GetInterface)
    i.USB_DeviceCh9GetStatus                 0x00001730   Section        0  usb_device_ch9.o(i.USB_DeviceCh9GetStatus)
    USB_DeviceCh9GetStatus                   0x00001731   Thumb Code   178  usb_device_ch9.o(i.USB_DeviceCh9GetStatus)
    i.USB_DeviceCh9SetAddress                0x000017e8   Section        0  usb_device_ch9.o(i.USB_DeviceCh9SetAddress)
    USB_DeviceCh9SetAddress                  0x000017e9   Thumb Code   110  usb_device_ch9.o(i.USB_DeviceCh9SetAddress)
    i.USB_DeviceCh9SetClearFeature           0x00001856   Section        0  usb_device_ch9.o(i.USB_DeviceCh9SetClearFeature)
    USB_DeviceCh9SetClearFeature             0x00001857   Thumb Code   140  usb_device_ch9.o(i.USB_DeviceCh9SetClearFeature)
    i.USB_DeviceCh9SetConfiguration          0x000018e2   Section        0  usb_device_ch9.o(i.USB_DeviceCh9SetConfiguration)
    USB_DeviceCh9SetConfiguration            0x000018e3   Thumb Code    84  usb_device_ch9.o(i.USB_DeviceCh9SetConfiguration)
    i.USB_DeviceCh9SetInterface              0x00001936   Section        0  usb_device_ch9.o(i.USB_DeviceCh9SetInterface)
    USB_DeviceCh9SetInterface                0x00001937   Thumb Code    44  usb_device_ch9.o(i.USB_DeviceCh9SetInterface)
    i.USB_DeviceCh9SynchFrame                0x00001964   Section        0  usb_device_ch9.o(i.USB_DeviceCh9SynchFrame)
    USB_DeviceCh9SynchFrame                  0x00001965   Thumb Code    66  usb_device_ch9.o(i.USB_DeviceCh9SynchFrame)
    i.USB_DeviceConfigureEndpointStatus      0x000019ac   Section        0  usb_cdc.o(i.USB_DeviceConfigureEndpointStatus)
    i.USB_DeviceConfigureRemoteWakeup        0x000019cc   Section        0  usb_cdc.o(i.USB_DeviceConfigureRemoteWakeup)
    i.USB_DeviceControl                      0x000019d2   Section        0  usb_device_dci.o(i.USB_DeviceControl)
    USB_DeviceControl                        0x000019d3   Thumb Code    52  usb_device_dci.o(i.USB_DeviceControl)
    i.USB_DeviceControlCallback              0x00001a08   Section        0  usb_device_ch9.o(i.USB_DeviceControlCallback)
    i.USB_DeviceControlCallbackFeedback      0x00001b9c   Section        0  usb_device_ch9.o(i.USB_DeviceControlCallbackFeedback)
    USB_DeviceControlCallbackFeedback        0x00001b9d   Thumb Code   136  usb_device_ch9.o(i.USB_DeviceControlCallbackFeedback)
    i.USB_DeviceControlPipeInit              0x00001c24   Section        0  usb_device_ch9.o(i.USB_DeviceControlPipeInit)
    i.USB_DeviceDeinit                       0x00001c80   Section        0  usb_device_dci.o(i.USB_DeviceDeinit)
    i.USB_DeviceDeinitEndpoint               0x00001caa   Section        0  usb_device_dci.o(i.USB_DeviceDeinitEndpoint)
    i.USB_DeviceFreeHandle                   0x00001d0a   Section        0  usb_device_dci.o(i.USB_DeviceFreeHandle)
    USB_DeviceFreeHandle                     0x00001d0b   Thumb Code    32  usb_device_dci.o(i.USB_DeviceFreeHandle)
    i.USB_DeviceGetClassReceiveBuffer        0x00001d2c   Section        0  usb_cdc.o(i.USB_DeviceGetClassReceiveBuffer)
    i.USB_DeviceGetConfigure                 0x00001d4c   Section        0  usb_device_descriptor.o(i.USB_DeviceGetConfigure)
    i.USB_DeviceGetControllerInterface       0x00001d5c   Section        0  usb_device_dci.o(i.USB_DeviceGetControllerInterface)
    USB_DeviceGetControllerInterface         0x00001d5d   Thumb Code    30  usb_device_dci.o(i.USB_DeviceGetControllerInterface)
    i.USB_DeviceGetDescriptor                0x00001d80   Section        0  usb_device_descriptor.o(i.USB_DeviceGetDescriptor)
    i.USB_DeviceGetInterface                 0x00001e40   Section        0  usb_device_descriptor.o(i.USB_DeviceGetInterface)
    i.USB_DeviceGetSetupBuffer               0x00001e50   Section        0  usb_cdc.o(i.USB_DeviceGetSetupBuffer)
    i.USB_DeviceGetStatus                    0x00001e68   Section        0  usb_device_dci.o(i.USB_DeviceGetStatus)
    i.USB_DeviceInit                         0x00001efc   Section        0  usb_device_dci.o(i.USB_DeviceInit)
    i.USB_DeviceInitEndpoint                 0x00001ffc   Section        0  usb_device_dci.o(i.USB_DeviceInitEndpoint)
    i.USB_DeviceKhciCancel                   0x00002068   Section        0  usb_device_khci.o(i.USB_DeviceKhciCancel)
    i.USB_DeviceKhciControl                  0x000020ce   Section        0  usb_device_khci.o(i.USB_DeviceKhciControl)
    i.USB_DeviceKhciDeinit                   0x00002278   Section        0  usb_device_khci.o(i.USB_DeviceKhciDeinit)
    i.USB_DeviceKhciEndpointDeinit           0x000022be   Section        0  usb_device_khci.o(i.USB_DeviceKhciEndpointDeinit)
    USB_DeviceKhciEndpointDeinit             0x000022bf   Thumb Code    72  usb_device_khci.o(i.USB_DeviceKhciEndpointDeinit)
    i.USB_DeviceKhciEndpointInit             0x00002308   Section        0  usb_device_khci.o(i.USB_DeviceKhciEndpointInit)
    USB_DeviceKhciEndpointInit               0x00002309   Thumb Code   244  usb_device_khci.o(i.USB_DeviceKhciEndpointInit)
    i.USB_DeviceKhciEndpointStall            0x00002400   Section        0  usb_device_khci.o(i.USB_DeviceKhciEndpointStall)
    USB_DeviceKhciEndpointStall              0x00002401   Thumb Code   136  usb_device_khci.o(i.USB_DeviceKhciEndpointStall)
    i.USB_DeviceKhciEndpointTransfer         0x00002488   Section        0  usb_device_khci.o(i.USB_DeviceKhciEndpointTransfer)
    USB_DeviceKhciEndpointTransfer           0x00002489   Thumb Code   178  usb_device_khci.o(i.USB_DeviceKhciEndpointTransfer)
    i.USB_DeviceKhciEndpointUnstall          0x0000253a   Section        0  usb_device_khci.o(i.USB_DeviceKhciEndpointUnstall)
    USB_DeviceKhciEndpointUnstall            0x0000253b   Thumb Code   226  usb_device_khci.o(i.USB_DeviceKhciEndpointUnstall)
    i.USB_DeviceKhciInit                     0x0000261c   Section        0  usb_device_khci.o(i.USB_DeviceKhciInit)
    i.USB_DeviceKhciInterruptReset           0x000026b8   Section        0  usb_device_khci.o(i.USB_DeviceKhciInterruptReset)
    USB_DeviceKhciInterruptReset             0x000026b9   Thumb Code    46  usb_device_khci.o(i.USB_DeviceKhciInterruptReset)
    i.USB_DeviceKhciInterruptStall           0x000026e6   Section        0  usb_device_khci.o(i.USB_DeviceKhciInterruptStall)
    USB_DeviceKhciInterruptStall             0x000026e7   Thumb Code    50  usb_device_khci.o(i.USB_DeviceKhciInterruptStall)
    i.USB_DeviceKhciInterruptTokenDone       0x00002718   Section        0  usb_device_khci.o(i.USB_DeviceKhciInterruptTokenDone)
    USB_DeviceKhciInterruptTokenDone         0x00002719   Thumb Code   934  usb_device_khci.o(i.USB_DeviceKhciInterruptTokenDone)
    i.USB_DeviceKhciIsrFunction              0x00002abe   Section        0  usb_device_khci.o(i.USB_DeviceKhciIsrFunction)
    i.USB_DeviceKhciPrimeNextSetup           0x00002b00   Section        0  usb_device_khci.o(i.USB_DeviceKhciPrimeNextSetup)
    USB_DeviceKhciPrimeNextSetup             0x00002b01   Thumb Code    66  usb_device_khci.o(i.USB_DeviceKhciPrimeNextSetup)
    i.USB_DeviceKhciRecv                     0x00002b42   Section        0  usb_device_khci.o(i.USB_DeviceKhciRecv)
    i.USB_DeviceKhciSend                     0x00002c92   Section        0  usb_device_khci.o(i.USB_DeviceKhciSend)
    i.USB_DeviceKhciSetDefaultState          0x00002d6a   Section        0  usb_device_khci.o(i.USB_DeviceKhciSetDefaultState)
    USB_DeviceKhciSetDefaultState            0x00002d6b   Thumb Code   198  usb_device_khci.o(i.USB_DeviceKhciSetDefaultState)
    i.USB_DeviceNotification                 0x00002e30   Section        0  usb_device_dci.o(i.USB_DeviceNotification)
    USB_DeviceNotification                   0x00002e31   Thumb Code   126  usb_device_dci.o(i.USB_DeviceNotification)
    i.USB_DeviceNotificationTrigger          0x00002eae   Section        0  usb_device_dci.o(i.USB_DeviceNotificationTrigger)
    i.USB_DeviceProcessClassRequest          0x00002ed8   Section        0  usb_cdc.o(i.USB_DeviceProcessClassRequest)
    i.USB_DeviceRecvRequest                  0x00003088   Section        0  usb_device_dci.o(i.USB_DeviceRecvRequest)
    i.USB_DeviceResetNotification            0x000030a2   Section        0  usb_device_dci.o(i.USB_DeviceResetNotification)
    USB_DeviceResetNotification              0x000030a3   Thumb Code    80  usb_device_dci.o(i.USB_DeviceResetNotification)
    i.USB_DeviceRun                          0x000030f2   Section        0  usb_device_dci.o(i.USB_DeviceRun)
    i.USB_DeviceSendRequest                  0x00003102   Section        0  usb_device_dci.o(i.USB_DeviceSendRequest)
    i.USB_DeviceSetConfigure                 0x00003120   Section        0  usb_device_descriptor.o(i.USB_DeviceSetConfigure)
    i.USB_DeviceSetInterface                 0x00003148   Section        0  usb_device_descriptor.o(i.USB_DeviceSetInterface)
    i.USB_DeviceSetStatus                    0x00003168   Section        0  usb_device_dci.o(i.USB_DeviceSetStatus)
    i.USB_DeviceStallEndpoint                0x000031e2   Section        0  usb_device_dci.o(i.USB_DeviceStallEndpoint)
    i.USB_DeviceTransfer                     0x00003202   Section        0  usb_device_dci.o(i.USB_DeviceTransfer)
    USB_DeviceTransfer                       0x00003203   Thumb Code    82  usb_device_dci.o(i.USB_DeviceTransfer)
    i.USB_DeviceUnstallEndpoint              0x00003254   Section        0  usb_device_dci.o(i.USB_DeviceUnstallEndpoint)
    i.USB_OsaEnterCritical                   0x00003274   Section        0  usb_osa_bm.o(i.USB_OsaEnterCritical)
    i.USB_OsaExitCritical                    0x00003280   Section        0  usb_osa_bm.o(i.USB_OsaExitCritical)
    i.__ARM_common_switch8                   0x0000328a   Section        0  fsl_clock.o(i.__ARM_common_switch8)
    i.__NVIC_SetPriority                     0x000032a8   Section        0  usb_cdc.o(i.__NVIC_SetPriority)
    __NVIC_SetPriority                       0x000032a9   Thumb Code   110  usb_cdc.o(i.__NVIC_SetPriority)
    i.__aeabi_assert                         0x00003320   Section        0  fsl_common.o(i.__aeabi_assert)
    i.__scatterload_copy                     0x00003364   Section       14  handlers.o(i.__scatterload_copy)
    i.__scatterload_null                     0x00003372   Section        2  handlers.o(i.__scatterload_null)
    i.__scatterload_zeroinit                 0x00003374   Section       14  handlers.o(i.__scatterload_zeroinit)
    i.main                                   0x00003382   Section        0  mian.o(i.main)
    .constdata                               0x00003398   Section       64  clock_config.o(.constdata)
    .constdata                               0x000033d8   Section       96  fsl_clock.o(.constdata)
    mcgModeMatrix                            0x000033d8   Data          64  fsl_clock.o(.constdata)
    fllFactorTable                           0x00003418   Data          16  fsl_clock.o(.constdata)
    trimRange                                0x00003428   Data          16  fsl_clock.o(.constdata)
    .constdata                               0x00003438   Section       52  usb_device_ch9.o(.constdata)
    s_UsbDeviceStandardRequest               0x00003438   Data          52  usb_device_ch9.o(.constdata)
    .constdata                               0x0000346c   Section       24  usb_device_dci.o(.constdata)
    s_UsbDeviceKhciInterface                 0x0000346c   Data          24  usb_device_dci.o(.constdata)
    .constdata                               0x00003484   Section        4  usb_device_khci.o(.constdata)
    .data                                    0x1fffe000   Section       16  fsl_clock.o(.data)
    s_slowIrcFreq                            0x1fffe000   Data           4  fsl_clock.o(.data)
    s_fastIrcFreq                            0x1fffe004   Data           4  fsl_clock.o(.data)
    .data                                    0x1fffe010   Section       40  usb_cdc.o(.data)
    s_lineCoding                             0x1fffe010   Data           7  usb_cdc.o(.data)
    s_abstractState                          0x1fffe017   Data           2  usb_cdc.o(.data)
    s_countryCode                            0x1fffe019   Data           2  usb_cdc.o(.data)
    s_recvSize                               0x1fffe01c   Data           4  usb_cdc.o(.data)
    s_sendSize                               0x1fffe020   Data           4  usb_cdc.o(.data)
    s_usbBulkMaxPacketSize                   0x1fffe024   Data           4  usb_cdc.o(.data)
    cdcVcomSetup                             0x1fffe028   Data           8  usb_cdc.o(.data)
    setupOut                                 0x1fffe030   Data           8  usb_cdc.o(.data)
    .data                                    0x1fffe038   Section        2  usb_device_ch9.o(.data)
    s_UsbDeviceStandardRx                    0x1fffe038   Data           2  usb_device_ch9.o(.data)
    .data                                    0x1fffe03c   Section      224  usb_device_descriptor.o(.data)
    .data                                    0x1fffe11c   Section        4  system_mkl46z4.o(.data)
    .bss                                     0x1fffe120   Section       16  fsl_debug_console.o(.bss)
    s_debugConsole                           0x1fffe120   Data          16  fsl_debug_console.o(.bss)
    .bss                                     0x1fffe130   Section      158  usb_cdc.o(.bss)
    s_cdcVcom                                0x1fffe130   Data          12  usb_cdc.o(.bss)
    s_usbCdcAcmInfo                          0x1fffe13c   Data          18  usb_cdc.o(.bss)
    s_currRecvBuf                            0x1fffe14e   Data          64  usb_cdc.o(.bss)
    s_currSendBuf                            0x1fffe18e   Data          64  usb_cdc.o(.bss)
    STACK                                    0x1fffe1d0   Section      256  startup_mkl46z4.o(STACK)
    m_usb_bdt                                0x1fffe400   Section      512  usb_device_khci.o(m_usb_bdt)
    s_UsbDeviceKhciBdtBuffer                 0x1fffe400   Data         512  usb_device_khci.o(m_usb_bdt)
    m_usb_global                             0x1fffe600   Section       80  usb_device_dci.o(m_usb_global)
    s_UsbDevice                              0x1fffe600   Data          80  usb_device_dci.o(m_usb_global)
    m_usb_global                             0x1fffe650   Section      228  usb_device_khci.o(m_usb_global)
    s_UsbDeviceKhciState                     0x1fffe650   Data         164  usb_device_khci.o(m_usb_global)
    s_UsbDeviceKhciDmaAlignBuffer            0x1fffe6f4   Data          64  usb_device_khci.o(m_usb_global)

    Global Symbols

    Symbol Name                              Value     Ov Type        Size  Object(Section)

    BuildAttributes$$THM_ISAv3M$S$PE$A:L22$X:L11$S22$IEEE1$IW$USESV6$~STKCKD$USESV7$~SHL$OTIME$ROPI$IEEEX$EBA8$MICROLIB$REQ8$PRES8$EABIv2 0x00000000   Number         0  anon$$obj.o ABSOLUTE
    Image$$VECTOR_RAM$$Base                  0x00000000   Number         0  anon$$obj.o ABSOLUTE
    Image$$VECTOR_ROM$$Base                  0x00000000   Number         0  anon$$obj.o ABSOLUTE
    __ARM_use_no_argv                        0x00000000   Number         0  mian.o ABSOLUTE
    __Vectors                                0x00000000   Data           4  startup_mkl46z4.o(RESET)
    __cpp_initialize__aeabi_                  - Undefined Weak Reference
    __cxa_finalize                            - Undefined Weak Reference
    __decompress                              - Undefined Weak Reference
    _clock_init                               - Undefined Weak Reference
    _microlib_exit                            - Undefined Weak Reference
    __Vectors_End                            0x000000c0   Data           0  startup_mkl46z4.o(RESET)
    __Vectors_Size                           0x000000c0   Number         0  startup_mkl46z4.o ABSOLUTE
    __main                                   0x00000411   Thumb Code     0  entry.o(.ARM.Collect$$$$00000000)
    _main_stk                                0x00000411   Thumb Code     0  entry4.o(.ARM.Collect$$$$00000003)
    _main_scatterload                        0x00000415   Thumb Code     0  entry5.o(.ARM.Collect$$$$00000004)
    __main_after_scatterload                 0x00000419   Thumb Code     0  entry5.o(.ARM.Collect$$$$00000004)
    _main_clock                              0x00000419   Thumb Code     0  entry7b.o(.ARM.Collect$$$$00000008)
    _main_cpp_init                           0x00000419   Thumb Code     0  entry8b.o(.ARM.Collect$$$$0000000A)
    _main_init                               0x00000419   Thumb Code     0  entry9a.o(.ARM.Collect$$$$0000000B)
    __rt_final_cpp                           0x00000421   Thumb Code     0  entry10a.o(.ARM.Collect$$$$0000000D)
    __rt_final_exit                          0x00000421   Thumb Code     0  entry11a.o(.ARM.Collect$$$$0000000F)
    Reset_Handler                            0x00000425   Thumb Code     8  startup_mkl46z4.o(.text)
    NMI_Handler                              0x0000042d   Thumb Code     2  startup_mkl46z4.o(.text)
    HardFault_Handler                        0x0000042f   Thumb Code     2  startup_mkl46z4.o(.text)
    SVC_Handler                              0x00000431   Thumb Code     2  startup_mkl46z4.o(.text)
    PendSV_Handler                           0x00000433   Thumb Code     2  startup_mkl46z4.o(.text)
    SysTick_Handler                          0x00000435   Thumb Code     2  startup_mkl46z4.o(.text)
    ADC0_IRQHandler                          0x00000437   Thumb Code     0  startup_mkl46z4.o(.text)
    CMP0_IRQHandler                          0x00000437   Thumb Code     0  startup_mkl46z4.o(.text)
    DAC0_IRQHandler                          0x00000437   Thumb Code     0  startup_mkl46z4.o(.text)
    DMA0_IRQHandler                          0x00000437   Thumb Code     0  startup_mkl46z4.o(.text)
    DMA1_IRQHandler                          0x00000437   Thumb Code     0  startup_mkl46z4.o(.text)
    DMA2_IRQHandler                          0x00000437   Thumb Code     0  startup_mkl46z4.o(.text)
    DMA3_IRQHandler                          0x00000437   Thumb Code     0  startup_mkl46z4.o(.text)
    DefaultISR                               0x00000437   Thumb Code     0  startup_mkl46z4.o(.text)
    FTFA_IRQHandler                          0x00000437   Thumb Code     0  startup_mkl46z4.o(.text)
    I2C0_IRQHandler                          0x00000437   Thumb Code     0  startup_mkl46z4.o(.text)
    I2C1_IRQHandler                          0x00000437   Thumb Code     0  startup_mkl46z4.o(.text)
    I2S0_IRQHandler                          0x00000437   Thumb Code     0  startup_mkl46z4.o(.text)
    LCD_IRQHandler                           0x00000437   Thumb Code     0  startup_mkl46z4.o(.text)
    LLW_IRQHandler                           0x00000437   Thumb Code     0  startup_mkl46z4.o(.text)
    LPTimer_IRQHandler                       0x00000437   Thumb Code     0  startup_mkl46z4.o(.text)
    LVD_LVW_IRQHandler                       0x00000437   Thumb Code     0  startup_mkl46z4.o(.text)
    MCG_IRQHandler                           0x00000437   Thumb Code     0  startup_mkl46z4.o(.text)
    PIT_IRQHandler                           0x00000437   Thumb Code     0  startup_mkl46z4.o(.text)
    PORTA_IRQHandler                         0x00000437   Thumb Code     0  startup_mkl46z4.o(.text)
    PORTC_PORTD_IRQHandler                   0x00000437   Thumb Code     0  startup_mkl46z4.o(.text)
    RTC_IRQHandler                           0x00000437   Thumb Code     0  startup_mkl46z4.o(.text)
    RTC_Seconds_IRQHandler                   0x00000437   Thumb Code     0  startup_mkl46z4.o(.text)
    Reserved20_IRQHandler                    0x00000437   Thumb Code     0  startup_mkl46z4.o(.text)
    SPI0_IRQHandler                          0x00000437   Thumb Code     0  startup_mkl46z4.o(.text)
    SPI1_IRQHandler                          0x00000437   Thumb Code     0  startup_mkl46z4.o(.text)
    TPM0_IRQHandler                          0x00000437   Thumb Code     0  startup_mkl46z4.o(.text)
    TPM1_IRQHandler                          0x00000437   Thumb Code     0  startup_mkl46z4.o(.text)
    TPM2_IRQHandler                          0x00000437   Thumb Code     0  startup_mkl46z4.o(.text)
    TSI0_IRQHandler                          0x00000437   Thumb Code     0  startup_mkl46z4.o(.text)
    UART0_IRQHandler                         0x00000437   Thumb Code     0  startup_mkl46z4.o(.text)
    UART1_IRQHandler                         0x00000437   Thumb Code     0  startup_mkl46z4.o(.text)
    UART2_IRQHandler                         0x00000437   Thumb Code     0  startup_mkl46z4.o(.text)
    __aeabi_uidiv                            0x00000441   Thumb Code     0  uidiv.o(.text)
    __aeabi_uidivmod                         0x00000441   Thumb Code    44  uidiv.o(.text)
    __aeabi_idiv                             0x0000046d   Thumb Code     0  idiv.o(.text)
    __aeabi_idivmod                          0x0000046d   Thumb Code    40  idiv.o(.text)
    strlen                                   0x00000495   Thumb Code    14  strlen.o(.text)
    __scatterload                            0x000004a5   Thumb Code    28  init.o(.text)
    __scatterload_rt2                        0x000004a5   Thumb Code     0  init.o(.text)
    BOARD_BootClockRUN                       0x000004c9   Thumb Code    72  clock_config.o(i.BOARD_BootClockRUN)
    BOARD_InitPins                           0x00000529   Thumb Code    44  pin_mux.o(i.BOARD_InitPins)
    CLOCK_BootToPeeMode                      0x00000561   Thumb Code    70  fsl_clock.o(i.CLOCK_BootToPeeMode)
    CLOCK_EnablePll0                         0x000005cd   Thumb Code    86  fsl_clock.o(i.CLOCK_EnablePll0)
    CLOCK_EnableUsbfs0Clock                  0x00000645   Thumb Code    92  fsl_clock.o(i.CLOCK_EnableUsbfs0Clock)
    CLOCK_GetEr32kClkFreq                    0x000006b1   Thumb Code    92  fsl_clock.o(i.CLOCK_GetEr32kClkFreq)
    CLOCK_GetFixedFreqClkFreq                0x00000739   Thumb Code    30  fsl_clock.o(i.CLOCK_GetFixedFreqClkFreq)
    CLOCK_GetFllFreq                         0x000007cd   Thumb Code    78  fsl_clock.o(i.CLOCK_GetFllFreq)
    CLOCK_GetFreq                            0x00000849   Thumb Code   172  fsl_clock.o(i.CLOCK_GetFreq)
    CLOCK_GetInternalRefClkFreq              0x000008f9   Thumb Code    22  fsl_clock.o(i.CLOCK_GetInternalRefClkFreq)
    CLOCK_GetOsc0ErClkFreq                   0x00000985   Thumb Code    46  fsl_clock.o(i.CLOCK_GetOsc0ErClkFreq)
    CLOCK_GetOutClkFreq                      0x00000a01   Thumb Code    60  fsl_clock.o(i.CLOCK_GetOutClkFreq)
    CLOCK_GetPll0Freq                        0x00000a41   Thumb Code    72  fsl_clock.o(i.CLOCK_GetPll0Freq)
    CLOCK_GetPllFllSelClkFreq                0x00000ab9   Thumb Code    52  fsl_clock.o(i.CLOCK_GetPllFllSelClkFreq)
    CLOCK_InitOsc0                           0x00000af1   Thumb Code   110  fsl_clock.o(i.CLOCK_InitOsc0)
    CLOCK_SetExternalRefClkConfig            0x00000b69   Thumb Code    34  fsl_clock.o(i.CLOCK_SetExternalRefClkConfig)
    CLOCK_SetInternalRefClkConfig            0x00000b91   Thumb Code   166  fsl_clock.o(i.CLOCK_SetInternalRefClkConfig)
    CLOCK_SetPbeMode                         0x00000c3d   Thumb Code   108  fsl_clock.o(i.CLOCK_SetPbeMode)
    CLOCK_SetSimConfig                       0x00000cad   Thumb Code    70  fsl_clock.o(i.CLOCK_SetSimConfig)
    DbgConsole_Printf                        0x00000dc1   Thumb Code    46  fsl_debug_console.o(i.DbgConsole_Printf)
    DbgConsole_Putchar                       0x00001089   Thumb Code    30  fsl_debug_console.o(i.DbgConsole_Putchar)
    SystemCoreClockUpdate                    0x000010c9   Thumb Code   320  system_mkl46z4.o(i.SystemCoreClockUpdate)
    SystemInit                               0x00001225   Thumb Code    94  system_mkl46z4.o(i.SystemInit)
    USB0_IRQHandler                          0x00001291   Thumb Code    12  usb_cdc.o(i.USB0_IRQHandler)
    USBInit                                  0x000012a1   Thumb Code   110  usb_cdc.o(i.USBInit)
    USB_CDC_task                             0x00001361   Thumb Code   132  usb_cdc.o(i.USB_CDC_task)
    USB_DeviceCallback                       0x00001489   Thumb Code   276  usb_cdc.o(i.USB_DeviceCallback)
    USB_DeviceCdcAcmBulkIn                   0x000015b5   Thumb Code    96  usb_cdc.o(i.USB_DeviceCdcAcmBulkIn)
    USB_DeviceCdcAcmBulkOut                  0x00001621   Thumb Code    58  usb_cdc.o(i.USB_DeviceCdcAcmBulkOut)
    USB_DeviceCdcAcmInterruptIn              0x0000166d   Thumb Code     8  usb_cdc.o(i.USB_DeviceCdcAcmInterruptIn)
    USB_DeviceConfigureEndpointStatus        0x000019ad   Thumb Code    32  usb_cdc.o(i.USB_DeviceConfigureEndpointStatus)
    USB_DeviceConfigureRemoteWakeup          0x000019cd   Thumb Code     6  usb_cdc.o(i.USB_DeviceConfigureRemoteWakeup)
    USB_DeviceControlCallback                0x00001a09   Thumb Code   398  usb_device_ch9.o(i.USB_DeviceControlCallback)
    USB_DeviceControlPipeInit                0x00001c25   Thumb Code    88  usb_device_ch9.o(i.USB_DeviceControlPipeInit)
    USB_DeviceDeinit                         0x00001c81   Thumb Code    42  usb_device_dci.o(i.USB_DeviceDeinit)
    USB_DeviceDeinitEndpoint                 0x00001cab   Thumb Code    96  usb_device_dci.o(i.USB_DeviceDeinitEndpoint)
    USB_DeviceGetClassReceiveBuffer          0x00001d2d   Thumb Code    26  usb_cdc.o(i.USB_DeviceGetClassReceiveBuffer)
    USB_DeviceGetConfigure                   0x00001d4d   Thumb Code    12  usb_device_descriptor.o(i.USB_DeviceGetConfigure)
    USB_DeviceGetDescriptor                  0x00001d81   Thumb Code   180  usb_device_descriptor.o(i.USB_DeviceGetDescriptor)
    USB_DeviceGetInterface                   0x00001e41   Thumb Code    12  usb_device_descriptor.o(i.USB_DeviceGetInterface)
    USB_DeviceGetSetupBuffer                 0x00001e51   Thumb Code    18  usb_cdc.o(i.USB_DeviceGetSetupBuffer)
    USB_DeviceGetStatus                      0x00001e69   Thumb Code   148  usb_device_dci.o(i.USB_DeviceGetStatus)
    USB_DeviceInit                           0x00001efd   Thumb Code   256  usb_device_dci.o(i.USB_DeviceInit)
    USB_DeviceInitEndpoint                   0x00001ffd   Thumb Code   108  usb_device_dci.o(i.USB_DeviceInitEndpoint)
    USB_DeviceKhciCancel                     0x00002069   Thumb Code   102  usb_device_khci.o(i.USB_DeviceKhciCancel)
    USB_DeviceKhciControl                    0x000020cf   Thumb Code   426  usb_device_khci.o(i.USB_DeviceKhciControl)
    USB_DeviceKhciDeinit                     0x00002279   Thumb Code    70  usb_device_khci.o(i.USB_DeviceKhciDeinit)
    USB_DeviceKhciInit                       0x0000261d   Thumb Code   140  usb_device_khci.o(i.USB_DeviceKhciInit)
    USB_DeviceKhciIsrFunction                0x00002abf   Thumb Code    66  usb_device_khci.o(i.USB_DeviceKhciIsrFunction)
    USB_DeviceKhciRecv                       0x00002b43   Thumb Code   336  usb_device_khci.o(i.USB_DeviceKhciRecv)
    USB_DeviceKhciSend                       0x00002c93   Thumb Code   216  usb_device_khci.o(i.USB_DeviceKhciSend)
    USB_DeviceNotificationTrigger            0x00002eaf   Thumb Code    42  usb_device_dci.o(i.USB_DeviceNotificationTrigger)
    USB_DeviceProcessClassRequest            0x00002ed9   Thumb Code   360  usb_cdc.o(i.USB_DeviceProcessClassRequest)
    USB_DeviceRecvRequest                    0x00003089   Thumb Code    26  usb_device_dci.o(i.USB_DeviceRecvRequest)
    USB_DeviceRun                            0x000030f3   Thumb Code    16  usb_device_dci.o(i.USB_DeviceRun)
    USB_DeviceSendRequest                    0x00003103   Thumb Code    30  usb_device_dci.o(i.USB_DeviceSendRequest)
    USB_DeviceSetConfigure                   0x00003121   Thumb Code    36  usb_device_descriptor.o(i.USB_DeviceSetConfigure)
    USB_DeviceSetInterface                   0x00003149   Thumb Code    26  usb_device_descriptor.o(i.USB_DeviceSetInterface)
    USB_DeviceSetStatus                      0x00003169   Thumb Code   122  usb_device_dci.o(i.USB_DeviceSetStatus)
    USB_DeviceStallEndpoint                  0x000031e3   Thumb Code    32  usb_device_dci.o(i.USB_DeviceStallEndpoint)
    USB_DeviceUnstallEndpoint                0x00003255   Thumb Code    32  usb_device_dci.o(i.USB_DeviceUnstallEndpoint)
    USB_OsaEnterCritical                     0x00003275   Thumb Code    12  usb_osa_bm.o(i.USB_OsaEnterCritical)
    USB_OsaExitCritical                      0x00003281   Thumb Code    10  usb_osa_bm.o(i.USB_OsaExitCritical)
    __ARM_common_switch8                     0x0000328b   Thumb Code    28  fsl_clock.o(i.__ARM_common_switch8)
    __aeabi_assert                           0x00003321   Thumb Code    24  fsl_common.o(i.__aeabi_assert)
    __scatterload_copy                       0x00003365   Thumb Code    14  handlers.o(i.__scatterload_copy)
    __scatterload_null                       0x00003373   Thumb Code     2  handlers.o(i.__scatterload_null)
    __scatterload_zeroinit                   0x00003375   Thumb Code    14  handlers.o(i.__scatterload_zeroinit)
    main                                     0x00003383   Thumb Code    20  mian.o(i.main)
    g_defaultClockConfigVlpr                 0x00003398   Data          32  clock_config.o(.constdata)
    g_defaultClockConfigRun                  0x000033b8   Data          32  clock_config.o(.constdata)
    Region$$Table$$Base                      0x00003488   Number         0  anon$$obj.o(Region$$Table)
    Region$$Table$$Limit                     0x000034a8   Number         0  anon$$obj.o(Region$$Table)
    Image$$RW_m_data$$Base                   0x1fffe000   Number         0  anon$$obj.o ABSOLUTE
    g_xtal0Freq                              0x1fffe008   Data           4  fsl_clock.o(.data)
    g_xtal32Freq                             0x1fffe00c   Data           4  fsl_clock.o(.data)
    g_currentConfigure                       0x1fffe03c   Data           1  usb_device_descriptor.o(.data)
    g_interface                              0x1fffe03d   Data           2  usb_device_descriptor.o(.data)
    g_UsbDeviceDescriptor                    0x1fffe03f   Data          18  usb_device_descriptor.o(.data)
    g_UsbDeviceConfigurationDescriptor       0x1fffe051   Data          67  usb_device_descriptor.o(.data)
    g_UsbDeviceString0                       0x1fffe094   Data           4  usb_device_descriptor.o(.data)
    g_UsbDeviceString1                       0x1fffe098   Data          38  usb_device_descriptor.o(.data)
    g_UsbDeviceString2                       0x1fffe0be   Data          42  usb_device_descriptor.o(.data)
    g_UsbDeviceStringDescriptorArray         0x1fffe0e8   Data          12  usb_device_descriptor.o(.data)
    g_UsbDeviceStringDescriptorLength        0x1fffe0f4   Data          12  usb_device_descriptor.o(.data)
    g_UsbDeviceLanguage                      0x1fffe100   Data          12  usb_device_descriptor.o(.data)
    g_UsbDeviceLanguageList                  0x1fffe10c   Data          16  usb_device_descriptor.o(.data)
    SystemCoreClock                          0x1fffe11c   Data           4  system_mkl46z4.o(.data)
    __initial_sp                             0x1fffe2d0   Data           0  startup_mkl46z4.o(STACK)
    Image$$ARM_LIB_HEAP$$ZI$$Base            0x1fffe734   Number         0  anon$$obj.o ABSOLUTE
    Image$$ARM_LIB_HEAP$$ZI$$Limit           0x1fffeb34   Number         0  anon$$obj.o ABSOLUTE
    Image$$ARM_LIB_STACK$$ZI$$Limit          0x20006000   Number         0  anon$$obj.o ABSOLUTE



==============================================================================

Memory Map of the image

  Image Entry point : 0x00000411

  Load Region LR_m_text (Base: 0x00000000, Size: 0x000035c8, Max: 0x00040000, ABSOLUTE)

    Execution Region VECTOR_ROM (Base: 0x00000000, Size: 0x000000c0, Max: 0x00000200, ABSOLUTE)

    Base Addr    Size         Type   Attr      Idx    E Section Name        Object

    0x00000000   0x000000c0   Data   RO         1866    RESET               startup_mkl46z4.o


    Execution Region VECTOR_RAM (Base: 0x00000000, Size: 0x00000000, Max: 0x00000000, ABSOLUTE)

    Base Addr    Size         Type   Attr      Idx    E Section Name        Object

    0x00000000   0x00000000   Zero   RW            1    VECTOR_RAM.bss      anon$$obj.o


    Execution Region ER_m_flash_config (Base: 0x00000400, Size: 0x00000010, Max: 0x00000010, ABSOLUTE, FIXED)

    Base Addr    Size         Type   Attr      Idx    E Section Name        Object

    0x00000400   0x00000010   Code   RO         1867    .ARM.__at_0x400     startup_mkl46z4.o


    Execution Region ER_m_text (Base: 0x00000410, Size: 0x00003098, Max: 0x0003fbf0, ABSOLUTE)

    Base Addr    Size         Type   Attr      Idx    E Section Name        Object

    0x00000410   0x00000000   Code   RO         1916  * .ARM.Collect$$$$00000000  mc_p.l(entry.o)
    0x00000410   0x00000004   Code   RO         1982    .ARM.Collect$$$$00000003  mc_p.l(entry4.o)
    0x00000414   0x00000004   Code   RO         1985    .ARM.Collect$$$$00000004  mc_p.l(entry5.o)
    0x00000418   0x00000000   Code   RO         1987    .ARM.Collect$$$$00000008  mc_p.l(entry7b.o)
    0x00000418   0x00000000   Code   RO         1989    .ARM.Collect$$$$0000000A  mc_p.l(entry8b.o)
    0x00000418   0x00000008   Code   RO         1990    .ARM.Collect$$$$0000000B  mc_p.l(entry9a.o)
    0x00000420   0x00000000   Code   RO         1992    .ARM.Collect$$$$0000000D  mc_p.l(entry10a.o)
    0x00000420   0x00000000   Code   RO         1994    .ARM.Collect$$$$0000000F  mc_p.l(entry11a.o)
    0x00000420   0x00000004   Code   RO         1983    .ARM.Collect$$$$00002714  mc_p.l(entry4.o)
    0x00000424   0x0000001c   Code   RO         1868    .text               startup_mkl46z4.o
    0x00000440   0x0000002c   Code   RO         1919    .text               mc_p.l(uidiv.o)
    0x0000046c   0x00000028   Code   RO         1921    .text               mc_p.l(idiv.o)
    0x00000494   0x0000000e   Code   RO         1925    .text               mc_p.l(strlen.o)
    0x000004a2   0x00000002   PAD
    0x000004a4   0x00000024   Code   RO         2026    .text               mc_p.l(init.o)
    0x000004c8   0x00000060   Code   RO          157    i.BOARD_BootClockRUN  clock_config.o
    0x00000528   0x00000038   Code   RO          214    i.BOARD_InitPins    pin_mux.o
    0x00000560   0x0000006c   Code   RO          250    i.CLOCK_BootToPeeMode  fsl_clock.o
    0x000005cc   0x00000078   Code   RO          254    i.CLOCK_EnablePll0  fsl_clock.o
    0x00000644   0x0000006c   Code   RO          255    i.CLOCK_EnableUsbfs0Clock  fsl_clock.o
    0x000006b0   0x00000088   Code   RO          260    i.CLOCK_GetEr32kClkFreq  fsl_clock.o
    0x00000738   0x0000001e   Code   RO          261    i.CLOCK_GetFixedFreqClkFreq  fsl_clock.o
    0x00000756   0x00000002   PAD
    0x00000758   0x00000074   Code   RO          263    i.CLOCK_GetFllExtRefClkFreq  fsl_clock.o
    0x000007cc   0x00000058   Code   RO          264    i.CLOCK_GetFllFreq  fsl_clock.o
    0x00000824   0x00000024   Code   RO          265    i.CLOCK_GetFllRefClkFreq  fsl_clock.o
    0x00000848   0x000000b0   Code   RO          266    i.CLOCK_GetFreq     fsl_clock.o
    0x000008f8   0x0000001c   Code   RO          267    i.CLOCK_GetInternalRefClkFreq  fsl_clock.o
    0x00000914   0x00000030   Code   RO          268    i.CLOCK_GetInternalRefClkSelectFreq  fsl_clock.o
    0x00000944   0x00000040   Code   RO          269    i.CLOCK_GetMcgExtClkFreq  fsl_clock.o
    0x00000984   0x00000058   Code   RO          271    i.CLOCK_GetOsc0ErClkFreq  fsl_clock.o
    0x000009dc   0x00000024   Code   RO          272    i.CLOCK_GetOscRangeFromFreq  fsl_clock.o
    0x00000a00   0x00000040   Code   RO          273    i.CLOCK_GetOutClkFreq  fsl_clock.o
    0x00000a40   0x00000070   Code   RO          275    i.CLOCK_GetPll0Freq  fsl_clock.o
    0x00000ab0   0x00000008   Code   RO          276    i.CLOCK_GetPll0RefFreq  fsl_clock.o
    0x00000ab8   0x00000038   Code   RO          277    i.CLOCK_GetPllFllSelClkFreq  fsl_clock.o
    0x00000af0   0x00000078   Code   RO          279    i.CLOCK_InitOsc0    fsl_clock.o
    0x00000b68   0x00000028   Code   RO          283    i.CLOCK_SetExternalRefClkConfig  fsl_clock.o
    0x00000b90   0x000000ac   Code   RO          288    i.CLOCK_SetInternalRefClkConfig  fsl_clock.o
    0x00000c3c   0x00000070   Code   RO          291    i.CLOCK_SetPbeMode  fsl_clock.o
    0x00000cac   0x00000050   Code   RO          294    i.CLOCK_SetSimConfig  fsl_clock.o
    0x00000cfc   0x000000c4   Code   RO          667    i.DbgConsole_ConvertRadixNumToString  fsl_debug_console.o
    0x00000dc0   0x00000038   Code   RO          671    i.DbgConsole_Printf  fsl_debug_console.o
    0x00000df8   0x0000026c   Code   RO          672    i.DbgConsole_PrintfFormattedData  fsl_debug_console.o
    0x00001064   0x00000024   Code   RO          673    i.DbgConsole_PrintfPaddingCharacter  fsl_debug_console.o
    0x00001088   0x00000024   Code   RO          674    i.DbgConsole_Putchar  fsl_debug_console.o
    0x000010ac   0x0000001c   Code   RO          215    i.PORT_SetPinMux    pin_mux.o
    0x000010c8   0x0000015c   Code   RO         1876    i.SystemCoreClockUpdate  system_mkl46z4.o
    0x00001224   0x0000006c   Code   RO         1877    i.SystemInit        system_mkl46z4.o
    0x00001290   0x00000010   Code   RO         1177    i.USB0_IRQHandler   usb_cdc.o
    0x000012a0   0x000000c0   Code   RO         1178    i.USBInit           usb_cdc.o
    0x00001360   0x000000a8   Code   RO         1179    i.USB_CDC_task      usb_cdc.o
    0x00001408   0x00000080   Code   RO         1427    i.USB_DeviceAllocateHandle  usb_device_dci.o
    0x00001488   0x0000012c   Code   RO         1180    i.USB_DeviceCallback  usb_cdc.o
    0x000015b4   0x0000006c   Code   RO         1181    i.USB_DeviceCdcAcmBulkIn  usb_cdc.o
    0x00001620   0x0000004c   Code   RO         1182    i.USB_DeviceCdcAcmBulkOut  usb_cdc.o
    0x0000166c   0x00000008   Code   RO         1183    i.USB_DeviceCdcAcmInterruptIn  usb_cdc.o
    0x00001674   0x00000040   Code   RO         1306    i.USB_DeviceCh9GetConfiguration  usb_device_ch9.o
    0x000016b4   0x0000003e   Code   RO         1307    i.USB_DeviceCh9GetDescriptor  usb_device_ch9.o
    0x000016f2   0x00000002   PAD
    0x000016f4   0x0000003c   Code   RO         1308    i.USB_DeviceCh9GetInterface  usb_device_ch9.o
    0x00001730   0x000000b8   Code   RO         1309    i.USB_DeviceCh9GetStatus  usb_device_ch9.o
    0x000017e8   0x0000006e   Code   RO         1310    i.USB_DeviceCh9SetAddress  usb_device_ch9.o
    0x00001856   0x0000008c   Code   RO         1311    i.USB_DeviceCh9SetClearFeature  usb_device_ch9.o
    0x000018e2   0x00000054   Code   RO         1312    i.USB_DeviceCh9SetConfiguration  usb_device_ch9.o
    0x00001936   0x0000002c   Code   RO         1313    i.USB_DeviceCh9SetInterface  usb_device_ch9.o
    0x00001962   0x00000002   PAD
    0x00001964   0x00000048   Code   RO         1314    i.USB_DeviceCh9SynchFrame  usb_device_ch9.o
    0x000019ac   0x00000020   Code   RO         1184    i.USB_DeviceConfigureEndpointStatus  usb_cdc.o
    0x000019cc   0x00000006   Code   RO         1185    i.USB_DeviceConfigureRemoteWakeup  usb_cdc.o
    0x000019d2   0x00000034   Code   RO         1429    i.USB_DeviceControl  usb_device_dci.o
    0x00001a06   0x00000002   PAD
    0x00001a08   0x00000194   Code   RO         1315    i.USB_DeviceControlCallback  usb_device_ch9.o
    0x00001b9c   0x00000088   Code   RO         1316    i.USB_DeviceControlCallbackFeedback  usb_device_ch9.o
    0x00001c24   0x0000005c   Code   RO         1317    i.USB_DeviceControlPipeInit  usb_device_ch9.o
    0x00001c80   0x0000002a   Code   RO         1430    i.USB_DeviceDeinit  usb_device_dci.o
    0x00001caa   0x00000060   Code   RO         1431    i.USB_DeviceDeinitEndpoint  usb_device_dci.o
    0x00001d0a   0x00000020   Code   RO         1432    i.USB_DeviceFreeHandle  usb_device_dci.o
    0x00001d2a   0x00000002   PAD
    0x00001d2c   0x00000020   Code   RO         1186    i.USB_DeviceGetClassReceiveBuffer  usb_cdc.o
    0x00001d4c   0x00000010   Code   RO         1380    i.USB_DeviceGetConfigure  usb_device_descriptor.o
    0x00001d5c   0x00000024   Code   RO         1433    i.USB_DeviceGetControllerInterface  usb_device_dci.o
    0x00001d80   0x000000c0   Code   RO         1381    i.USB_DeviceGetDescriptor  usb_device_descriptor.o
    0x00001e40   0x00000010   Code   RO         1382    i.USB_DeviceGetInterface  usb_device_descriptor.o
    0x00001e50   0x00000018   Code   RO         1187    i.USB_DeviceGetSetupBuffer  usb_cdc.o
    0x00001e68   0x00000094   Code   RO         1434    i.USB_DeviceGetStatus  usb_device_dci.o
    0x00001efc   0x00000100   Code   RO         1436    i.USB_DeviceInit    usb_device_dci.o
    0x00001ffc   0x0000006c   Code   RO         1437    i.USB_DeviceInitEndpoint  usb_device_dci.o
    0x00002068   0x00000066   Code   RO         1599    i.USB_DeviceKhciCancel  usb_device_khci.o
    0x000020ce   0x000001aa   Code   RO         1600    i.USB_DeviceKhciControl  usb_device_khci.o
    0x00002278   0x00000046   Code   RO         1601    i.USB_DeviceKhciDeinit  usb_device_khci.o
    0x000022be   0x00000048   Code   RO         1602    i.USB_DeviceKhciEndpointDeinit  usb_device_khci.o
    0x00002306   0x00000002   PAD
    0x00002308   0x000000f8   Code   RO         1603    i.USB_DeviceKhciEndpointInit  usb_device_khci.o
    0x00002400   0x00000088   Code   RO         1604    i.USB_DeviceKhciEndpointStall  usb_device_khci.o
    0x00002488   0x000000b2   Code   RO         1605    i.USB_DeviceKhciEndpointTransfer  usb_device_khci.o
    0x0000253a   0x000000e2   Code   RO         1606    i.USB_DeviceKhciEndpointUnstall  usb_device_khci.o
    0x0000261c   0x0000009c   Code   RO         1607    i.USB_DeviceKhciInit  usb_device_khci.o
    0x000026b8   0x0000002e   Code   RO         1608    i.USB_DeviceKhciInterruptReset  usb_device_khci.o
    0x000026e6   0x00000032   Code   RO         1609    i.USB_DeviceKhciInterruptStall  usb_device_khci.o
    0x00002718   0x000003a6   Code   RO         1610    i.USB_DeviceKhciInterruptTokenDone  usb_device_khci.o
    0x00002abe   0x00000042   Code   RO         1611    i.USB_DeviceKhciIsrFunction  usb_device_khci.o
    0x00002b00   0x00000042   Code   RO         1612    i.USB_DeviceKhciPrimeNextSetup  usb_device_khci.o
    0x00002b42   0x00000150   Code   RO         1613    i.USB_DeviceKhciRecv  usb_device_khci.o
    0x00002c92   0x000000d8   Code   RO         1614    i.USB_DeviceKhciSend  usb_device_khci.o
    0x00002d6a   0x000000c6   Code   RO         1615    i.USB_DeviceKhciSetDefaultState  usb_device_khci.o
    0x00002e30   0x0000007e   Code   RO         1438    i.USB_DeviceNotification  usb_device_dci.o
    0x00002eae   0x0000002a   Code   RO         1439    i.USB_DeviceNotificationTrigger  usb_device_dci.o
    0x00002ed8   0x000001b0   Code   RO         1188    i.USB_DeviceProcessClassRequest  usb_cdc.o
    0x00003088   0x0000001a   Code   RO         1440    i.USB_DeviceRecvRequest  usb_device_dci.o
    0x000030a2   0x00000050   Code   RO         1441    i.USB_DeviceResetNotification  usb_device_dci.o
    0x000030f2   0x00000010   Code   RO         1442    i.USB_DeviceRun     usb_device_dci.o
    0x00003102   0x0000001e   Code   RO         1443    i.USB_DeviceSendRequest  usb_device_dci.o
    0x00003120   0x00000028   Code   RO         1383    i.USB_DeviceSetConfigure  usb_device_descriptor.o
    0x00003148   0x00000020   Code   RO         1384    i.USB_DeviceSetInterface  usb_device_descriptor.o
    0x00003168   0x0000007a   Code   RO         1444    i.USB_DeviceSetStatus  usb_device_dci.o
    0x000031e2   0x00000020   Code   RO         1445    i.USB_DeviceStallEndpoint  usb_device_dci.o
    0x00003202   0x00000052   Code   RO         1447    i.USB_DeviceTransfer  usb_device_dci.o
    0x00003254   0x00000020   Code   RO         1448    i.USB_DeviceUnstallEndpoint  usb_device_dci.o
    0x00003274   0x0000000c   Code   RO         1712    i.USB_OsaEnterCritical  usb_osa_bm.o
    0x00003280   0x0000000a   Code   RO         1719    i.USB_OsaExitCritical  usb_osa_bm.o
    0x0000328a   0x0000001c   Code   RO          552    i.__ARM_common_switch8  fsl_clock.o
    0x000032a6   0x00000002   PAD
    0x000032a8   0x00000078   Code   RO         1189    i.__NVIC_SetPriority  usb_cdc.o
    0x00003320   0x00000044   Code   RO          638    i.__aeabi_assert    fsl_common.o
    0x00003364   0x0000000e   Code   RO         2032    i.__scatterload_copy  mc_p.l(handlers.o)
    0x00003372   0x00000002   Code   RO         2033    i.__scatterload_null  mc_p.l(handlers.o)
    0x00003374   0x0000000e   Code   RO         2034    i.__scatterload_zeroinit  mc_p.l(handlers.o)
    0x00003382   0x00000014   Code   RO            6    i.main              mian.o
    0x00003396   0x00000002   PAD
    0x00003398   0x00000040   Data   RO          159    .constdata          clock_config.o
    0x000033d8   0x00000060   Data   RO          296    .constdata          fsl_clock.o
    0x00003438   0x00000034   Data   RO         1318    .constdata          usb_device_ch9.o
    0x0000346c   0x00000018   Data   RO         1449    .constdata          usb_device_dci.o
    0x00003484   0x00000004   Data   RO         1616    .constdata          usb_device_khci.o
    0x00003488   0x00000020   Data   RO         2030    Region$$Table       anon$$obj.o


    Execution Region RW_m_data (Base: 0x1fffe000, Size: 0x00000734, Max: 0x00007800, ABSOLUTE)

    Base Addr    Size         Type   Attr      Idx    E Section Name        Object

    0x1fffe000   0x00000010   Data   RW          297    .data               fsl_clock.o
    0x1fffe010   0x00000028   Data   RW         1191    .data               usb_cdc.o
    0x1fffe038   0x00000002   Data   RW         1319    .data               usb_device_ch9.o
    0x1fffe03a   0x00000002   PAD
    0x1fffe03c   0x000000e0   Data   RW         1386    .data               usb_device_descriptor.o
    0x1fffe11c   0x00000004   Data   RW         1878    .data               system_mkl46z4.o
    0x1fffe120   0x00000010   Zero   RW          680    .bss                fsl_debug_console.o
    0x1fffe130   0x0000009e   Zero   RW         1190    .bss                usb_cdc.o
    0x1fffe1ce   0x00000002   PAD
    0x1fffe1d0   0x00000100   Zero   RW         1864    STACK               startup_mkl46z4.o
    0x1fffe2d0   0x00000130   PAD
    0x1fffe400   0x00000200   Zero   RW         1617    m_usb_bdt           usb_device_khci.o
    0x1fffe600   0x00000050   Zero   RW         1450    m_usb_global        usb_device_dci.o
    0x1fffe650   0x000000e4   Zero   RW         1618    m_usb_global        usb_device_khci.o


    Execution Region ARM_LIB_HEAP (Base: 0x1fffe734, Size: 0x00000400, Max: 0x00000400, ABSOLUTE)

    Base Addr    Size         Type   Attr      Idx    E Section Name        Object

    0x1fffe734   0x00000400   Zero   RW            2    ARM_LIB_HEAP.bss    anon$$obj.o


    Execution Region ARM_LIB_STACK (Base: 0x20005c00, Size: 0x00000400, Max: 0x00000400, ABSOLUTE)

    Base Addr    Size         Type   Attr      Idx    E Section Name        Object

    0x20005c00   0x00000400   Zero   RW            3    ARM_LIB_STACK.bss   anon$$obj.o


==============================================================================

Image component sizes


      Code (inc. data)   RO Data    RW Data    ZI Data      Debug   Object Name

        96         24         64          0          0     282019   clock_config.o
      1974        376         96         16          0      25542   fsl_clock.o
        68         44          0          0          0        561   fsl_common.o
       944         16          0          0         16       9235   fsl_debug_console.o
         0          0          0          0          0       1812   fsl_uart.o
        20          0          0          0          0      12563   mian.o
        84         12          0          0          0       8712   pin_mux.o
        44         24        192          0        256        828   startup_mkl46z4.o
       456         52          0          4          0       1447   system_mkl46z4.o
      1514        270          0         40        158     295764   usb_cdc.o
      1452         32         52          2          0       9756   usb_device_ch9.o
      1486         20         24          0         80      28750   usb_device_dci.o
       296         30          0        224          0       4632   usb_device_descriptor.o
      3526         38          4          0        740      13501   usb_device_khci.o
        22          0          0          0          0       2193   usb_osa_bm.o

    ----------------------------------------------------------------------
     11998        938        464        288       3604     697315   Object Totals
         0          0         32          0       2048          0   (incl. Generated)
        16          0          0          2        306          0   (incl. Padding)

    ----------------------------------------------------------------------

      Code (inc. data)   RO Data    RW Data    ZI Data      Debug   Library Member Name

         0          0          0          0          0          0   entry.o
         0          0          0          0          0          0   entry10a.o
         0          0          0          0          0          0   entry11a.o
         8          4          0          0          0          0   entry4.o
         4          0          0          0          0          0   entry5.o
         0          0          0          0          0          0   entry7b.o
         0          0          0          0          0          0   entry8b.o
         8          4          0          0          0          0   entry9a.o
        30          0          0          0          0          0   handlers.o
        40          0          0          0          0         72   idiv.o
        36          8          0          0          0         68   init.o
        14          0          0          0          0         60   strlen.o
        44          0          0          0          0         72   uidiv.o

    ----------------------------------------------------------------------
       186         16          0          0          0        272   Library Totals
         2          0          0          0          0          0   (incl. Padding)

    ----------------------------------------------------------------------

      Code (inc. data)   RO Data    RW Data    ZI Data      Debug   Library Name

       184         16          0          0          0        272   mc_p.l

    ----------------------------------------------------------------------
       186         16          0          0          0        272   Library Totals

    ----------------------------------------------------------------------

==============================================================================


      Code (inc. data)   RO Data    RW Data    ZI Data      Debug   

     12184        954        464        288       3604     693295   Grand Totals
     12184        954        464        288       3604     693295   ELF Image Totals
     12184        954        464        288          0          0   ROM Totals

==============================================================================

    Total RO  Size (Code + RO Data)                12648 (  12.35kB)
    Total RW  Size (RW Data + ZI Data)              3892 (   3.80kB)
    Total ROM Size (Code + RO Data + RW Data)      12936 (  12.63kB)

==============================================================================

